Archive member included to satisfy reference by file (symbol)

/usr/lib/gcc/arm-none-eabi/7.3.1/thumb/v6-m/libgcc.a(_dvmd_tls.o)
                              CMakeFiles/testproject.dir/home/pi/pico/pico-sdk/src/rp2_common/pico_divider/divider.S.obj (__aeabi_idiv0)
/usr/lib/gcc/arm-none-eabi/7.3.1/../../../arm-none-eabi/lib/thumb/v6-m/libg.a(lib_a-atexit.o)
                              /usr/lib/gcc/arm-none-eabi/7.3.1/../../../arm-none-eabi/lib/thumb/v6-m/crt0.o (atexit)
/usr/lib/gcc/arm-none-eabi/7.3.1/../../../arm-none-eabi/lib/thumb/v6-m/libg.a(lib_a-calloc.o)
                              CMakeFiles/testproject.dir/home/pi/pico/pico-sdk/src/rp2_common/pico_malloc/pico_malloc.c.obj (calloc)
/usr/lib/gcc/arm-none-eabi/7.3.1/../../../arm-none-eabi/lib/thumb/v6-m/libg.a(lib_a-callocr.o)
                              /usr/lib/gcc/arm-none-eabi/7.3.1/../../../arm-none-eabi/lib/thumb/v6-m/libg.a(lib_a-calloc.o) (_calloc_r)
/usr/lib/gcc/arm-none-eabi/7.3.1/../../../arm-none-eabi/lib/thumb/v6-m/libg.a(lib_a-fini.o)
                              /usr/lib/gcc/arm-none-eabi/7.3.1/../../../arm-none-eabi/lib/thumb/v6-m/crt0.o (__libc_fini_array)
/usr/lib/gcc/arm-none-eabi/7.3.1/../../../arm-none-eabi/lib/thumb/v6-m/libg.a(lib_a-impure.o)
                              /usr/lib/gcc/arm-none-eabi/7.3.1/../../../arm-none-eabi/lib/thumb/v6-m/libg.a(lib_a-calloc.o) (_impure_ptr)
/usr/lib/gcc/arm-none-eabi/7.3.1/../../../arm-none-eabi/lib/thumb/v6-m/libg.a(lib_a-init.o)
                              /usr/lib/gcc/arm-none-eabi/7.3.1/../../../arm-none-eabi/lib/thumb/v6-m/crt0.o (__libc_init_array)
/usr/lib/gcc/arm-none-eabi/7.3.1/../../../arm-none-eabi/lib/thumb/v6-m/libg.a(lib_a-malloc.o)
                              CMakeFiles/testproject.dir/home/pi/pico/pico-sdk/src/rp2_common/pico_malloc/pico_malloc.c.obj (malloc)
/usr/lib/gcc/arm-none-eabi/7.3.1/../../../arm-none-eabi/lib/thumb/v6-m/libg.a(lib_a-mallocr.o)
                              /usr/lib/gcc/arm-none-eabi/7.3.1/../../../arm-none-eabi/lib/thumb/v6-m/libg.a(lib_a-callocr.o) (_malloc_r)
/usr/lib/gcc/arm-none-eabi/7.3.1/../../../arm-none-eabi/lib/thumb/v6-m/libg.a(lib_a-mlock.o)
                              /usr/lib/gcc/arm-none-eabi/7.3.1/../../../arm-none-eabi/lib/thumb/v6-m/libg.a(lib_a-mallocr.o) (__malloc_lock)
/usr/lib/gcc/arm-none-eabi/7.3.1/../../../arm-none-eabi/lib/thumb/v6-m/libg.a(lib_a-rand.o)
                              CMakeFiles/testproject.dir/testproject.c.obj (rand)
/usr/lib/gcc/arm-none-eabi/7.3.1/../../../arm-none-eabi/lib/thumb/v6-m/libg.a(lib_a-sbrkr.o)
                              /usr/lib/gcc/arm-none-eabi/7.3.1/../../../arm-none-eabi/lib/thumb/v6-m/libg.a(lib_a-mallocr.o) (_sbrk_r)
/usr/lib/gcc/arm-none-eabi/7.3.1/../../../arm-none-eabi/lib/thumb/v6-m/libg.a(lib_a-strlen-stub.o)
                              CMakeFiles/testproject.dir/home/pi/pico/pico-sdk/src/rp2_common/pico_stdio/stdio.c.obj (strlen)
/usr/lib/gcc/arm-none-eabi/7.3.1/../../../arm-none-eabi/lib/thumb/v6-m/libg.a(lib_a-__atexit.o)
                              /usr/lib/gcc/arm-none-eabi/7.3.1/../../../arm-none-eabi/lib/thumb/v6-m/libg.a(lib_a-atexit.o) (__register_exitproc)
/usr/lib/gcc/arm-none-eabi/7.3.1/../../../arm-none-eabi/lib/thumb/v6-m/libg.a(lib_a-freer.o)
                              /usr/lib/gcc/arm-none-eabi/7.3.1/../../../arm-none-eabi/lib/thumb/v6-m/libg.a(lib_a-malloc.o) (_free_r)
/usr/lib/gcc/arm-none-eabi/7.3.1/../../../arm-none-eabi/lib/thumb/v6-m/libg.a(lib_a-reent.o)
                              /usr/lib/gcc/arm-none-eabi/7.3.1/../../../arm-none-eabi/lib/thumb/v6-m/libg.a(lib_a-sbrkr.o) (errno)

Allocating common symbols
Common symbol       size              file

sf_table            0x100             CMakeFiles/testproject.dir/home/pi/pico/pico-sdk/src/rp2_common/pico_float/float_init_rom.c.obj
errno               0x4               /usr/lib/gcc/arm-none-eabi/7.3.1/../../../arm-none-eabi/lib/thumb/v6-m/libg.a(lib_a-reent.o)
sd_table            0x100             CMakeFiles/testproject.dir/home/pi/pico/pico-sdk/src/rp2_common/pico_double/double_init_rom.c.obj
uart_char_to_line_feed
                    0x4               CMakeFiles/testproject.dir/home/pi/pico/pico-sdk/src/rp2_common/hardware_uart/uart.c.obj

Discarded input sections

 .text          0x00000000        0x0 /usr/lib/gcc/arm-none-eabi/7.3.1/thumb/v6-m/crti.o
 .data          0x00000000        0x0 /usr/lib/gcc/arm-none-eabi/7.3.1/thumb/v6-m/crti.o
 .bss           0x00000000        0x0 /usr/lib/gcc/arm-none-eabi/7.3.1/thumb/v6-m/crti.o
 .data          0x00000000        0x4 /usr/lib/gcc/arm-none-eabi/7.3.1/thumb/v6-m/crtbegin.o
 .fini_array    0x00000000        0x4 /usr/lib/gcc/arm-none-eabi/7.3.1/thumb/v6-m/crtbegin.o
 .text          0x00000000       0x6c /usr/lib/gcc/arm-none-eabi/7.3.1/../../../arm-none-eabi/lib/thumb/v6-m/crt0.o
 .data          0x00000000        0x0 /usr/lib/gcc/arm-none-eabi/7.3.1/../../../arm-none-eabi/lib/thumb/v6-m/crt0.o
[...]
Memory Configuration

Name             Origin             Length             Attributes
FLASH            0x10000000         0x00200000         xr
RAM              0x20000000         0x00040000         xrw
SCRATCH_X        0x20040000         0x00001000         xrw
SCRATCH_Y        0x20041000         0x00001000         xrw
*default*        0x00000000         0xffffffff

Linker script and memory map

LOAD /usr/lib/gcc/arm-none-eabi/7.3.1/thumb/v6-m/crti.o
LOAD /usr/lib/gcc/arm-none-eabi/7.3.1/thumb/v6-m/crtbegin.o
LOAD /usr/lib/gcc/arm-none-eabi/7.3.1/../../../arm-none-eabi/lib/thumb/v6-m/crt0.o

.flash_begin    0x10000000        0x0
                0x10000000                __flash_binary_start = .

.boot2          0x10000000      0x100
                0x10000000                __boot2_start__ = .
 *(.boot2)
 .boot2         0x10000000      0x100 /tmp/ccwnyQap.o
                0x10000100                __boot2_end__ = .
                0x00000001                ASSERT (((__boot2_end__ - __boot2_start__) == 0x100), ERROR: Pico second stage bootloader must be 256 bytes in size)

.text           0x10000100     0x4848
                0x10000100                __logical_binary_start = .
 *(.vectors)
 .vectors       0x10000100       0xd4 CMakeFiles/testproject.dir/home/pi/pico/pico-sdk/src/rp2_common/pico_standard_link/crt0.S.obj
                0x10000100                __vectors
                0x10000100                __VECTOR_TABLE
                0x100001c0                isr_invalid
                0x100001c0                __default_isrs_start
                0x100001c2                isr_nmi
                0x100001c4                isr_hardfault
                0x100001c6                isr_svcall
                0x100001c8                isr_pendsv
                0x100001ca                isr_systick
                0x100001cc                isr_irq30
                0x100001cc                __unhandled_user_irq
                0x100001cc                isr_irq13
                0x100001cc                isr_irq27
                0x100001cc                isr_irq31
                0x100001cc                isr_irq5
                0x100001cc                isr_irq11
                0x100001cc                isr_irq23
                0x100001cc                isr_irq18
                0x100001cc                isr_irq28
                0x100001cc                isr_irq19
                0x100001cc                isr_irq0
                0x100001cc                isr_irq6
                0x100001cc                isr_irq22
                0x100001cc                isr_irq17
                0x100001cc                isr_irq14
                0x100001cc                isr_irq2
                0x100001cc                isr_irq10
                0x100001cc                isr_irq8
                0x100001cc                isr_irq24
                0x100001cc                isr_irq1
                0x100001cc                isr_irq7
                0x100001cc                isr_irq21
                0x100001cc                isr_irq20
                0x100001cc                isr_irq15
                0x100001cc                isr_irq25
                0x100001cc                isr_irq4
                0x100001cc                isr_irq16
                0x100001cc                isr_irq29
                0x100001cc                isr_irq26
                0x100001cc                __default_isrs_end
                0x100001cc                isr_irq3
                0x100001cc                isr_irq12
                0x100001cc                isr_irq9
                0x100001d2                unhandled_user_irq_num_in_r0
 *(.binary_info_header)
 .binary_info_header
                0x100001d4       0x14 CMakeFiles/testproject.dir/home/pi/pico/pico-sdk/src/rp2_common/pico_standard_link/crt0.S.obj
                0x100001e8                __binary_info_header_end = .
 *(.reset)
 .reset         0x100001e8       0xa8 CMakeFiles/testproject.dir/home/pi/pico/pico-sdk/src/rp2_common/pico_standard_link/crt0.S.obj
                0x100001e8                _entry_point
                0x10000266                __get_current_exception
 .reset         0x10000290       0x30 CMakeFiles/testproject.dir/home/pi/pico/pico-sdk/src/rp2_common/pico_standard_link/binary_info.c.obj
 *(.init)
 .init          0x100002c0        0x4 /usr/lib/gcc/arm-none-eabi/7.3.1/thumb/v6-m/crti.o
                0x100002c0                _init
 *(EXCLUDE_FILE(*libm.a: *libc.a:*lib_a-mem*.o *libgcc.a:) .text*)
 .text          0x100002c4       0x98 /usr/lib/gcc/arm-none-eabi/7.3.1/thumb/v6-m/crtbegin.o
 .text.pattern_snakes
                0x1000035c       0x70 CMakeFiles/testproject.dir/testproject.c.obj
                0x1000035c                pattern_snakes
 .text.pattern_greys
                0x100003cc       0x3c CMakeFiles/testproject.dir/testproject.c.obj
                0x100003cc                pattern_greys
 .text.pattern_random
                0x10000408       0x2c CMakeFiles/testproject.dir/testproject.c.obj
                0x10000408                pattern_random
 .text.pattern_sparkle
                0x10000434       0x38 CMakeFiles/testproject.dir/testproject.c.obj
                0x10000434                pattern_sparkle
 .text.main     0x1000046c      0x178 CMakeFiles/testproject.dir/testproject.c.obj
                0x1000046c                main
 .text.gpio_set_function
                0x100005e4       0x30 CMakeFiles/testproject.dir/home/pi/pico/pico-sdk/src/rp2_common/hardware_gpio/gpio.c.obj
                0x100005e4                gpio_set_function
 .text.hw_claim_lock
                0x10000614       0x18 CMakeFiles/testproject.dir/home/pi/pico/pico-sdk/src/rp2_common/hardware_claim/claim.c.obj
                0x10000614                hw_claim_lock
 .text.hw_claim_unlock
                0x1000062c       0x14 CMakeFiles/testproject.dir/home/pi/pico/pico-sdk/src/rp2_common/hardware_claim/claim.c.obj
                0x1000062c                hw_claim_unlock
 .text.hw_claim_or_assert
                0x10000640       0x32 CMakeFiles/testproject.dir/home/pi/pico/pico-sdk/src/rp2_common/hardware_claim/claim.c.obj
                0x10000640                hw_claim_or_assert
 *fill*         0x10000672        0x2 
 .text.running_on_fpga
                0x10000674       0x14 CMakeFiles/testproject.dir/home/pi/pico/pico-sdk/src/rp2_common/pico_platform/platform.c.obj
                0x10000674                running_on_fpga
 .text.spin_locks_reset
                0x10000688       0x20 CMakeFiles/testproject.dir/home/pi/pico/pico-sdk/src/rp2_common/hardware_sync/sync.c.obj
                0x10000688                spin_locks_reset
 .text.next_striped_spin_lock_num
                0x100006a8       0x1c CMakeFiles/testproject.dir/home/pi/pico/pico-sdk/src/rp2_common/hardware_sync/sync.c.obj
                0x100006a8                next_striped_spin_lock_num
 .text.uart_set_baudrate
                0x100006c4       0x5c CMakeFiles/testproject.dir/home/pi/pico/pico-sdk/src/rp2_common/hardware_uart/uart.c.obj
                0x100006c4                uart_set_baudrate
 .text.uart_set_translate_crlf
                0x10000720       0x28 CMakeFiles/testproject.dir/home/pi/pico/pico-sdk/src/rp2_common/hardware_uart/uart.c.obj
                0x10000720                uart_set_translate_crlf
 .text.uart_init
                0x10000748       0x84 CMakeFiles/testproject.dir/home/pi/pico/pico-sdk/src/rp2_common/hardware_uart/uart.c.obj
                0x10000748                uart_init
 .text.alarm_pool_post_alloc_init
                0x100007cc       0x40 CMakeFiles/testproject.dir/home/pi/pico/pico-sdk/src/common/pico_time/time.c.obj
 .text.sleep_until_callback
                0x1000080c       0x30 CMakeFiles/testproject.dir/home/pi/pico/pico-sdk/src/common/pico_time/time.c.obj
 .text.timer_pool_entry_comparator
                0x1000083c       0x7c CMakeFiles/testproject.dir/home/pi/pico/pico-sdk/src/common/pico_time/time.c.obj
                0x1000083c                timer_pool_entry_comparator
 .text.ph_add_child_node
                0x100008b8       0xa4 CMakeFiles/testproject.dir/home/pi/pico/pico-sdk/src/common/pico_time/time.c.obj
 .text.ph_merge_nodes
                0x1000095c       0x3a CMakeFiles/testproject.dir/home/pi/pico/pico-sdk/src/common/pico_time/time.c.obj
 *fill*         0x10000996        0x2 
 .text.add_alarm_under_lock
                0x10000998      0x180 CMakeFiles/testproject.dir/home/pi/pico/pico-sdk/src/common/pico_time/time.c.obj
 .text.alarm_pool_alarm_callback
                0x10000b18      0x344 CMakeFiles/testproject.dir/home/pi/pico/pico-sdk/src/common/pico_time/time.c.obj
 .text.alarm_pool_init_default
                0x10000e5c       0x38 CMakeFiles/testproject.dir/home/pi/pico/pico-sdk/src/common/pico_time/time.c.obj
                0x10000e5c                alarm_pool_init_default
 .text.alarm_pool_get_default
                0x10000e94       0x2c CMakeFiles/testproject.dir/home/pi/pico/pico-sdk/src/common/pico_time/time.c.obj
                0x10000e94                alarm_pool_get_default
 .text.alarm_pool_add_alarm_at
                0x10000ec0      0x168 CMakeFiles/testproject.dir/home/pi/pico/pico-sdk/src/common/pico_time/time.c.obj
                0x10000ec0                alarm_pool_add_alarm_at
 .text.sleep_until
                0x10001028       0xfc CMakeFiles/testproject.dir/home/pi/pico/pico-sdk/src/common/pico_time/time.c.obj
                0x10001028                sleep_until
 .text.sleep_us
                0x10001124       0x54 CMakeFiles/testproject.dir/home/pi/pico/pico-sdk/src/common/pico_time/time.c.obj
                0x10001124                sleep_us
 .text.sleep_ms
                0x10001178       0x14 CMakeFiles/testproject.dir/home/pi/pico/pico-sdk/src/common/pico_time/time.c.obj
                0x10001178                sleep_ms
 .text.hardware_alarm_irq_handler
                0x1000118c       0x8c CMakeFiles/testproject.dir/home/pi/pico/pico-sdk/src/rp2_common/hardware_timer/timer.c.obj
 .text.hardware_alarm_claim
                0x10001218       0x18 CMakeFiles/testproject.dir/home/pi/pico/pico-sdk/src/rp2_common/hardware_timer/timer.c.obj
                0x10001218                hardware_alarm_claim
 .text.time_us_64
                0x10001230       0x18 CMakeFiles/testproject.dir/home/pi/pico/pico-sdk/src/rp2_common/hardware_timer/timer.c.obj
                0x10001230                time_us_64
 .text.busy_wait_until
                0x10001248       0x28 CMakeFiles/testproject.dir/home/pi/pico/pico-sdk/src/rp2_common/hardware_timer/timer.c.obj
                0x10001248                busy_wait_until
 .text.hardware_alarm_set_callback
                0x10001270       0x90 CMakeFiles/testproject.dir/home/pi/pico/pico-sdk/src/rp2_common/hardware_timer/timer.c.obj
                0x10001270                hardware_alarm_set_callback
 .text.hardware_alarm_set_target
                0x10001300       0xe8 CMakeFiles/testproject.dir/home/pi/pico/pico-sdk/src/rp2_common/hardware_timer/timer.c.obj
                0x10001300                hardware_alarm_set_target
 .text.hardware_alarm_cancel
                0x100013e8       0x40 CMakeFiles/testproject.dir/home/pi/pico/pico-sdk/src/rp2_common/hardware_timer/timer.c.obj
                0x100013e8                hardware_alarm_cancel
 .text.lock_init
                0x10001428       0x10 CMakeFiles/testproject.dir/home/pi/pico/pico-sdk/src/common/pico_sync/lock_core.c.obj
                0x10001428                lock_init
 .text.mutex_init
                0x10001438       0x1a CMakeFiles/testproject.dir/home/pi/pico/pico-sdk/src/common/pico_sync/mutex.c.obj
                0x10001438                mutex_init
 .text.recursive_mutex_init
                0x10001452       0x1e CMakeFiles/testproject.dir/home/pi/pico/pico-sdk/src/common/pico_sync/mutex.c.obj
                0x10001452                recursive_mutex_init
 .text.ph_add_child_node
                0x10001470       0xa4 CMakeFiles/testproject.dir/home/pi/pico/pico-sdk/src/common/pico_util/pheap.c.obj
 .text.ph_merge_nodes
                0x10001514       0x3a CMakeFiles/testproject.dir/home/pi/pico/pico-sdk/src/common/pico_util/pheap.c.obj
 *fill*         0x1000154e        0x2 
 .text.ph_clear
                0x10001550       0x70 CMakeFiles/testproject.dir/home/pi/pico/pico-sdk/src/common/pico_util/pheap.c.obj
                0x10001550                ph_clear
 .text.ph_post_alloc_init
                0x100015c0        0xe CMakeFiles/testproject.dir/home/pi/pico/pico-sdk/src/common/pico_util/pheap.c.obj
                0x100015c0                ph_post_alloc_init
 *fill*         0x100015ce        0x2 
 .text.ph_merge_two_pass
                0x100015d0       0xac CMakeFiles/testproject.dir/home/pi/pico/pico-sdk/src/common/pico_util/pheap.c.obj
                0x100015d0                ph_merge_two_pass
 .text.ph_remove_any_head
                0x1000167c      0x108 CMakeFiles/testproject.dir/home/pi/pico/pico-sdk/src/common/pico_util/pheap.c.obj
 .text.ph_remove_head
                0x10001784       0x14 CMakeFiles/testproject.dir/home/pi/pico/pico-sdk/src/common/pico_util/pheap.c.obj
                0x10001784                ph_remove_head
 .text.ph_remove_and_free_node
                0x10001798       0xf8 CMakeFiles/testproject.dir/home/pi/pico/pico-sdk/src/common/pico_util/pheap.c.obj
                0x10001798                ph_remove_and_free_node
 .text._exit    0x10001890        0x4 CMakeFiles/testproject.dir/home/pi/pico/pico-sdk/src/rp2_common/pico_runtime/runtime.c.obj
                0x10001890                _exit
 .text.exit     0x10001894        0x6 CMakeFiles/testproject.dir/home/pi/pico/pico-sdk/src/rp2_common/pico_runtime/runtime.c.obj
                0x10001894                exit
 *fill*         0x1000189a        0x2 
 .text.__assert_func
                0x1000189c       0x3c CMakeFiles/testproject.dir/home/pi/pico/pico-sdk/src/rp2_common/pico_runtime/runtime.c.obj
                0x1000189c                __assert_func
 .text.runtime_init
                0x100018d8       0xf8 CMakeFiles/testproject.dir/home/pi/pico/pico-sdk/src/rp2_common/pico_runtime/runtime.c.obj
                0x100018d8                runtime_init
 .text.panic    0x100019d0       0x30 CMakeFiles/testproject.dir/home/pi/pico/pico-sdk/src/rp2_common/pico_runtime/runtime.c.obj
                0x100019d0                panic
 .text.clock_configure
                0x10001a00       0xfc CMakeFiles/testproject.dir/home/pi/pico/pico-sdk/src/rp2_common/hardware_clocks/clocks.c.obj
                0x10001a00                clock_configure
 .text.clocks_init
                0x10001afc      0x100 CMakeFiles/testproject.dir/home/pi/pico/pico-sdk/src/rp2_common/hardware_clocks/clocks.c.obj
                0x10001afc                clocks_init
 .text.clock_get_hz
                0x10001bfc        0xc CMakeFiles/testproject.dir/home/pi/pico/pico-sdk/src/rp2_common/hardware_clocks/clocks.c.obj
                0x10001bfc                clock_get_hz
 .text.set_raw_irq_handler_and_unlock
                0x10001c08       0x28 CMakeFiles/testproject.dir/home/pi/pico/pico-sdk/src/rp2_common/hardware_irq/irq.c.obj
 .text.make_branch
                0x10001c30       0x34 CMakeFiles/testproject.dir/home/pi/pico/pico-sdk/src/rp2_common/hardware_irq/irq.c.obj
 .text.insert_branch_and_link
                0x10001c64       0x40 CMakeFiles/testproject.dir/home/pi/pico/pico-sdk/src/rp2_common/hardware_irq/irq.c.obj
 .text.irq_is_enabled
                0x10001ca4       0x18 CMakeFiles/testproject.dir/home/pi/pico/pico-sdk/src/rp2_common/hardware_irq/irq.c.obj
                0x10001ca4                irq_is_enabled
 .text.irq_set_mask_enabled
                0x10001cbc       0x20 CMakeFiles/testproject.dir/home/pi/pico/pico-sdk/src/rp2_common/hardware_irq/irq.c.obj
                0x10001cbc                irq_set_mask_enabled
 .text.irq_set_enabled
                0x10001cdc        0xe CMakeFiles/testproject.dir/home/pi/pico/pico-sdk/src/rp2_common/hardware_irq/irq.c.obj
                0x10001cdc                irq_set_enabled
 *fill*         0x10001cea        0x2 
 .text.irq_get_vtable_handler
                0x10001cec       0x10 CMakeFiles/testproject.dir/home/pi/pico/pico-sdk/src/rp2_common/hardware_irq/irq.c.obj
                0x10001cec                irq_get_vtable_handler
 .text.irq_set_exclusive_handler
                0x10001cfc       0x54 CMakeFiles/testproject.dir/home/pi/pico/pico-sdk/src/rp2_common/hardware_irq/irq.c.obj
                0x10001cfc                irq_set_exclusive_handler
 .text.irq_remove_handler
                0x10001d50      0x1b4 CMakeFiles/testproject.dir/home/pi/pico/pico-sdk/src/rp2_common/hardware_irq/irq.c.obj
                0x10001d50                irq_remove_handler
 .text.irq_add_tail_to_free_list
                0x10001f04       0xf0 CMakeFiles/testproject.dir/home/pi/pico/pico-sdk/src/rp2_common/hardware_irq/irq.c.obj
                0x10001f04                irq_add_tail_to_free_list
 .text.irq_init_priorities
                0x10001ff4       0x1c CMakeFiles/testproject.dir/home/pi/pico/pico-sdk/src/rp2_common/hardware_irq/irq.c.obj
                0x10001ff4                irq_init_priorities
 .text.pll_init
                0x10002010      0x118 CMakeFiles/testproject.dir/home/pi/pico/pico-sdk/src/rp2_common/hardware_pll/pll.c.obj
                0x10002010                pll_init
 .text.watchdog_start_tick
                0x10002128       0x10 CMakeFiles/testproject.dir/home/pi/pico/pico-sdk/src/rp2_common/hardware_watchdog/watchdog.c.obj
                0x10002128                watchdog_start_tick
 .text.xosc_init
                0x10002138       0x28 CMakeFiles/testproject.dir/home/pi/pico/pico-sdk/src/rp2_common/hardware_xosc/xosc.c.obj
                0x10002138                xosc_init
 .text._out_null
                0x10002160        0x2 CMakeFiles/testproject.dir/home/pi/pico/pico-sdk/src/rp2_common/pico_printf/printf.c.obj
 .text._out_fct
                0x10002162        0xe CMakeFiles/testproject.dir/home/pi/pico/pico-sdk/src/rp2_common/pico_printf/printf.c.obj
 .text._atoi    0x10002170       0x24 CMakeFiles/testproject.dir/home/pi/pico/pico-sdk/src/rp2_common/pico_printf/printf.c.obj
 .text._out_rev
                0x10002194       0x8c CMakeFiles/testproject.dir/home/pi/pico/pico-sdk/src/rp2_common/pico_printf/printf.c.obj
 .text._ntoa_format
                0x10002220      0x112 CMakeFiles/testproject.dir/home/pi/pico/pico-sdk/src/rp2_common/pico_printf/printf.c.obj
 .text._ntoa_long
                0x10002332       0x9e CMakeFiles/testproject.dir/home/pi/pico/pico-sdk/src/rp2_common/pico_printf/printf.c.obj
 .text._ntoa_long_long
                0x100023d0       0xe2 CMakeFiles/testproject.dir/home/pi/pico/pico-sdk/src/rp2_common/pico_printf/printf.c.obj
 *fill*         0x100024b2        0x2 
 .text._etoa    0x100024b4      0x424 CMakeFiles/testproject.dir/home/pi/pico/pico-sdk/src/rp2_common/pico_printf/printf.c.obj
 .text._ftoa    0x100028d8      0x340 CMakeFiles/testproject.dir/home/pi/pico/pico-sdk/src/rp2_common/pico_printf/printf.c.obj
 .text._vsnprintf
                0x10002c18      0x640 CMakeFiles/testproject.dir/home/pi/pico/pico-sdk/src/rp2_common/pico_printf/printf.c.obj
 .text.vfctprintf
                0x10003258       0x20 CMakeFiles/testproject.dir/home/pi/pico/pico-sdk/src/rp2_common/pico_printf/printf.c.obj
                0x10003258                vfctprintf
 .text          0x10003278       0x10 CMakeFiles/testproject.dir/home/pi/pico/pico-sdk/src/rp2_common/pico_bit_ops/bit_ops_aeabi.S.obj
 .text.rom_func_lookup
                0x10003288       0x10 CMakeFiles/testproject.dir/home/pi/pico/pico-sdk/src/rp2_common/pico_bootrom/bootrom.c.obj
                0x10003288                rom_func_lookup
 .text.rom_data_lookup
                0x10003298       0x10 CMakeFiles/testproject.dir/home/pi/pico/pico-sdk/src/rp2_common/pico_bootrom/bootrom.c.obj
                0x10003298                rom_data_lookup
 .text.rom_funcs_lookup
                0x100032a8       0x36 CMakeFiles/testproject.dir/home/pi/pico/pico-sdk/src/rp2_common/pico_bootrom/bootrom.c.obj
                0x100032a8                rom_funcs_lookup
 *fill*         0x100032de        0x2 
 .text.__wrap___aeabi_idiv
                0x100032e0       0x50 CMakeFiles/testproject.dir/home/pi/pico/pico-sdk/src/rp2_common/pico_divider/divider.S.obj
                0x100032e0                __wrap___aeabi_idivmod
                0x100032e0                divmod_s32s32
                0x100032e0                div_s32s32
                0x100032e0                __wrap___aeabi_idiv
                0x100032e8                divmod_s32s32_unsafe
                0x10003314                divmod_s32s32_savestate
 .text.__wrap___aeabi_uidiv
                0x10003330       0x4c CMakeFiles/testproject.dir/home/pi/pico/pico-sdk/src/rp2_common/pico_divider/divider.S.obj
                0x10003330                __wrap___aeabi_uidiv
                0x10003330                __wrap___aeabi_uidivmod
                0x10003330                div_u32u32
                0x10003330                divmod_u32u32
                0x10003338                divmod_u32u32_unsafe
                0x10003360                divmod_u32u32_savestate
 .text.__wrap___aeabi_ldiv
                0x1000337c      0x434 CMakeFiles/testproject.dir/home/pi/pico/pico-sdk/src/rp2_common/pico_divider/divider.S.obj
                0x1000337c                div_s64s64
                0x1000337c                divmod_s64s64
                0x1000337c                __wrap___aeabi_ldivmod
                0x100033b4                div_u64u64
                0x100033b4                divmod_u64u64
                0x100033b4                __wrap___aeabi_uldivmod
                0x100033c4                divmod_u64u64_savestate
                0x100033ec                divmod_s64s64_unsafe
                0x10003474                divmod_u64u64_unsafe
 .text.__wrap___aeabi_darithmetic
                0x100037b0       0x80 CMakeFiles/testproject.dir/home/pi/pico/pico-sdk/src/rp2_common/pico_double/double_aeabi.S.obj
                0x100037b0                __wrap___aeabi_drsub
                0x100037b6                __wrap___aeabi_dsub
                0x100037c8                __wrap___aeabi_dadd
                0x100037da                __wrap___aeabi_ddiv
                0x10003816                __wrap___aeabi_dmul
 .text.__wrap___aeabi_cdcmple
                0x10003830       0x6c CMakeFiles/testproject.dir/home/pi/pico/pico-sdk/src/rp2_common/pico_double/double_aeabi.S.obj
                0x10003830                __wrap___aeabi_cdrcmple
                0x10003840                __wrap___aeabi_cdcmple
                0x10003840                __wrap___aeabi_cdcmpeq
 .text.__wrap___aeabi_dcmplt
                0x1000389c        0xc CMakeFiles/testproject.dir/home/pi/pico/pico-sdk/src/rp2_common/pico_double/double_aeabi.S.obj
                0x1000389c                __wrap___aeabi_dcmplt
 .text.__wrap___aeabi_dcmple
                0x100038a8       0x10 CMakeFiles/testproject.dir/home/pi/pico/pico-sdk/src/rp2_common/pico_double/double_aeabi.S.obj
                0x100038a8                __wrap___aeabi_dcmple
 .text.__wrap___aeabi_dcmpge
                0x100038b8       0x10 CMakeFiles/testproject.dir/home/pi/pico/pico-sdk/src/rp2_common/pico_double/double_aeabi.S.obj
                0x100038b8                __wrap___aeabi_dcmpge
 .text.__wrap___aeabi_dcmpgt
                0x100038c8        0xa CMakeFiles/testproject.dir/home/pi/pico/pico-sdk/src/rp2_common/pico_double/double_aeabi.S.obj
                0x100038c8                __wrap___aeabi_dcmpgt
 .text.__wrap___aeabi_dcmpun
                0x100038d2       0x1c CMakeFiles/testproject.dir/home/pi/pico/pico-sdk/src/rp2_common/pico_double/double_aeabi.S.obj
                0x100038d2                __wrap___aeabi_dcmpun
 *fill*         0x100038ee        0x2 
 .text.__wrap___aeabi_i2d
                0x100038f0       0x38 CMakeFiles/testproject.dir/home/pi/pico/pico-sdk/src/rp2_common/pico_double/double_aeabi.S.obj
                0x100038f0                __wrap___aeabi_ui2d
                0x100038f8                __wrap___aeabi_i2d
 .text.__wrap___aeabi_d2iz
                0x10003928       0x48 CMakeFiles/testproject.dir/home/pi/pico/pico-sdk/src/rp2_common/pico_double/double_aeabi.S.obj
                0x10003928                __wrap___aeabi_d2iz
                0x10003928                double2int_z
 .text.__wrap___aeabi_d2uiz
                0x10003970       0x18 CMakeFiles/testproject.dir/home/pi/pico/pico-sdk/src/rp2_common/pico_double/double_aeabi.S.obj
                0x10003970                double2uint
                0x10003970                __wrap___aeabi_d2uiz
 .text.__aeabi_double_init
                0x10003988       0xc8 CMakeFiles/testproject.dir/home/pi/pico/pico-sdk/src/rp2_common/pico_double/double_init_rom.c.obj
                0x10003988                __aeabi_double_init
 .text.double_table_shim_on_use_helper
                0x10003a50       0x34 CMakeFiles/testproject.dir/home/pi/pico/pico-sdk/src/rp2_common/pico_double/double_v1_rom_shim.S.obj
                0x10003a50                double_table_shim_on_use_helper
 .text.__wrap___aeabi_dsub
                0x10003a84       0x10 CMakeFiles/testproject.dir/home/pi/pico/pico-sdk/src/rp2_common/pico_double/double_v1_rom_shim.S.obj
                0x10003a84                drsub_shim
                0x10003a8a                dsub_shim
 .text.dadd_shim
                0x10003a94      0x15c CMakeFiles/testproject.dir/home/pi/pico/pico-sdk/src/rp2_common/pico_double/double_v1_rom_shim.S.obj
                0x10003a94                dadd_shim
 .text.dmul_shim
                0x10003bf0      0x15c CMakeFiles/testproject.dir/home/pi/pico/pico-sdk/src/rp2_common/pico_double/double_v1_rom_shim.S.obj
                0x10003bf0                dmul_shim
 .text.ddiv_shim
                0x10003d4c      0x1b0 CMakeFiles/testproject.dir/home/pi/pico/pico-sdk/src/rp2_common/pico_double/double_v1_rom_shim.S.obj
                0x10003d4c                ddiv_shim
 .text.double2uint_shim
                0x10003efc        0xe CMakeFiles/testproject.dir/home/pi/pico/pico-sdk/src/rp2_common/pico_double/double_v1_rom_shim.S.obj
                0x10003efc                double2uint_shim
                0x10003efe                double2ufix_shim
 *fill*         0x10003f0a        0x2 
 .text.double2uint64_shim
                0x10003f0c       0x70 CMakeFiles/testproject.dir/home/pi/pico/pico-sdk/src/rp2_common/pico_double/double_v1_rom_shim.S.obj
                0x10003f0c                double2uint64_shim
                0x10003f0e                double2ufix64_shim
                0x10003f2e                d2fix_a
 .text.dunpacks
                0x10003f7c       0x3c CMakeFiles/testproject.dir/home/pi/pico/pico-sdk/src/rp2_common/pico_double/double_v1_rom_shim.S.obj
                0x10003f7c                dunpacks
 .text.__aeabi_lmul
                0x10003fb8       0x32 CMakeFiles/testproject.dir/home/pi/pico/pico-sdk/src/rp2_common/pico_int64_ops/pico_int64_ops_aeabi.S.obj
                0x10003fb8                __wrap___aeabi_lmul
 *fill*         0x10003fea        0x2 
 .text.__wrap___aeabi_farithmetic
                0x10003fec       0x58 CMakeFiles/testproject.dir/home/pi/pico/pico-sdk/src/rp2_common/pico_float/float_aeabi.S.obj
                0x10003fec                __wrap___aeabi_frsub
                0x10003ff2                __wrap___aeabi_fsub
                0x10003ffc                __wrap___aeabi_fadd
                0x10004006                __wrap___aeabi_fdiv
                0x10004032                __wrap___aeabi_fmul
 .text.__wrap___aeabi_ui2f
                0x10004044        0xa CMakeFiles/testproject.dir/home/pi/pico/pico-sdk/src/rp2_common/pico_float/float_aeabi.S.obj
                0x10004044                __wrap___aeabi_ui2f
 *fill*         0x1000404e        0x2 
 .text.__wrap___aeabi_i2f
                0x10004050       0x44 CMakeFiles/testproject.dir/home/pi/pico/pico-sdk/src/rp2_common/pico_float/float_aeabi.S.obj
                0x10004050                __wrap___aeabi_i2f
 .text.__wrap___aeabi_f2uiz
                0x10004094       0x10 CMakeFiles/testproject.dir/home/pi/pico/pico-sdk/src/rp2_common/pico_float/float_aeabi.S.obj
                0x10004094                __wrap___aeabi_f2uiz
 .text.__aeabi_float_init
                0x100040a4       0xfc CMakeFiles/testproject.dir/home/pi/pico/pico-sdk/src/rp2_common/pico_float/float_init_rom.c.obj
                0x100040a4                __aeabi_float_init
 .text.float_table_shim_on_use_helper
                0x100041a0       0x34 CMakeFiles/testproject.dir/home/pi/pico/pico-sdk/src/rp2_common/pico_float/float_v1_rom_shim.S.obj
                0x100041a0                float_table_shim_on_use_helper
 .text          0x100041d4       0x10 CMakeFiles/testproject.dir/home/pi/pico/pico-sdk/src/rp2_common/pico_mem_ops/mem_ops_aeabi.S.obj
                0x100041d4                __aeabi_mem_init
 .text.memset   0x100041e4        0xc CMakeFiles/testproject.dir/home/pi/pico/pico-sdk/src/rp2_common/pico_mem_ops/mem_ops_aeabi.S.obj
                0x100041e4                __wrap_memset
 .text.memcpy   0x100041f0        0xc CMakeFiles/testproject.dir/home/pi/pico/pico-sdk/src/rp2_common/pico_mem_ops/mem_ops_aeabi.S.obj
                0x100041f0                __wrap___aeabi_memcpy
                0x100041f0                __wrap_memcpy
 .text.stdio_out_chars_no_crlf
                0x100041fc        0xe CMakeFiles/testproject.dir/home/pi/pico/pico-sdk/src/rp2_common/pico_stdio/stdio.c.obj
 *fill*         0x1000420a        0x2 
 .text.stdio_out_chars_crlf
                0x1000420c       0x80 CMakeFiles/testproject.dir/home/pi/pico/pico-sdk/src/rp2_common/pico_stdio/stdio.c.obj
 .text.stdio_stack_buffer_flush
                0x1000428c       0x44 CMakeFiles/testproject.dir/home/pi/pico/pico-sdk/src/rp2_common/pico_stdio/stdio.c.obj
 .text.stdio_buffered_printer
                0x100042d0       0x20 CMakeFiles/testproject.dir/home/pi/pico/pico-sdk/src/rp2_common/pico_stdio/stdio.c.obj
 .text.stdout_serialize_begin
                0x100042f0       0x30 CMakeFiles/testproject.dir/home/pi/pico/pico-sdk/src/rp2_common/pico_stdio/stdio.c.obj
                0x100042f0                stdout_serialize_begin
 .text.stdout_serialize_end
                0x10004320       0x10 CMakeFiles/testproject.dir/home/pi/pico/pico-sdk/src/rp2_common/pico_stdio/stdio.c.obj
                0x10004320                stdout_serialize_end
 .text.stdio_put_string
                0x10004330       0x94 CMakeFiles/testproject.dir/home/pi/pico/pico-sdk/src/rp2_common/pico_stdio/stdio.c.obj
 .text.stdio_set_driver_enabled
                0x100043c4       0x38 CMakeFiles/testproject.dir/home/pi/pico/pico-sdk/src/rp2_common/pico_stdio/stdio.c.obj
                0x100043c4                stdio_set_driver_enabled
 .text.stdio_flush
                0x100043fc       0x20 CMakeFiles/testproject.dir/home/pi/pico/pico-sdk/src/rp2_common/pico_stdio/stdio.c.obj
                0x100043fc                stdio_flush
 .text.__wrap_puts
                0x1000441c       0x1e CMakeFiles/testproject.dir/home/pi/pico/pico-sdk/src/rp2_common/pico_stdio/stdio.c.obj
                0x1000441c                __wrap_puts
 *fill*         0x1000443a        0x2 
 .text.__wrap_vprintf
                0x1000443c       0x44 CMakeFiles/testproject.dir/home/pi/pico/pico-sdk/src/rp2_common/pico_stdio/stdio.c.obj
                0x1000443c                __wrap_vprintf
 .text.__wrap_printf
                0x10004480       0x18 CMakeFiles/testproject.dir/home/pi/pico/pico-sdk/src/rp2_common/pico_stdio/stdio.c.obj
                0x10004480                __wrap_printf
 .text.stdio_init_all
                0x10004498        0x8 CMakeFiles/testproject.dir/home/pi/pico/pico-sdk/src/rp2_common/pico_stdio/stdio.c.obj
                0x10004498                stdio_init_all
 .text.stdio_uart_out_chars
                0x100044a0       0x70 CMakeFiles/testproject.dir/home/pi/pico/pico-sdk/src/rp2_common/pico_stdio_uart/stdio_uart.c.obj
 .text.stdio_uart_in_chars
                0x10004510       0x50 CMakeFiles/testproject.dir/home/pi/pico/pico-sdk/src/rp2_common/pico_stdio_uart/stdio_uart.c.obj
                0x10004510                stdio_uart_in_chars
 .text.stdio_uart_init_full
                0x10004560       0x3c CMakeFiles/testproject.dir/home/pi/pico/pico-sdk/src/rp2_common/pico_stdio_uart/stdio_uart.c.obj
                0x10004560                stdio_uart_init_full
 .text.stdio_uart_init
                0x1000459c       0x28 CMakeFiles/testproject.dir/home/pi/pico/pico-sdk/src/rp2_common/pico_stdio_uart/stdio_uart.c.obj
                0x1000459c                stdio_uart_init
 .text._pio_can_add_program_at_offset
                0x100045c4       0x3c CMakeFiles/testproject.dir/home/pi/pico/pico-sdk/src/rp2_common/hardware_pio/pio.c.obj
 .text._pio_find_offset_for_program
                0x10004600       0x80 CMakeFiles/testproject.dir/home/pi/pico/pico-sdk/src/rp2_common/hardware_pio/pio.c.obj
 .text._pio_add_program_at_offset
                0x10004680       0x78 CMakeFiles/testproject.dir/home/pi/pico/pico-sdk/src/rp2_common/hardware_pio/pio.c.obj
 .text.pio_add_program
                0x100046f8       0x38 CMakeFiles/testproject.dir/home/pi/pico/pico-sdk/src/rp2_common/hardware_pio/pio.c.obj
                0x100046f8                pio_add_program
 .text.pio_sm_set_consecutive_pindirs
                0x10004730       0x70 CMakeFiles/testproject.dir/home/pi/pico/pico-sdk/src/rp2_common/hardware_pio/pio.c.obj
                0x10004730                pio_sm_set_consecutive_pindirs
 .text.pio_sm_init
                0x100047a0       0xa8 CMakeFiles/testproject.dir/home/pi/pico/pico-sdk/src/rp2_common/hardware_pio/pio.c.obj
                0x100047a0                pio_sm_init
 .text          0x10004848       0x48 /usr/lib/gcc/arm-none-eabi/7.3.1/../../../arm-none-eabi/lib/thumb/v6-m/libg.a(lib_a-rand.o)
                0x10004848                srand
                0x1000485c                rand
 .text          0x10004890       0x64 /usr/lib/gcc/arm-none-eabi/7.3.1/../../../arm-none-eabi/lib/thumb/v6-m/libg.a(lib_a-strlen-stub.o)
                0x10004890                strlen
 *(.fini)
 .fini          0x100048f4        0x4 /usr/lib/gcc/arm-none-eabi/7.3.1/thumb/v6-m/crti.o
                0x100048f4                _fini
 .fini.__stub   0x100048f8       0x50 linker stubs
 *crtbegin.o(.ctors)
 *crtbegin?.o(.ctors)
 *(EXCLUDE_FILE(*crtend.o *crtend?.o) .ctors)
 *(SORT_BY_NAME(.ctors.*))
 *(.ctors)
 *crtbegin.o(.dtors)
 *crtbegin?.o(.dtors)
 *(EXCLUDE_FILE(*crtend.o *crtend?.o) .dtors)
 *(SORT_BY_NAME(.dtors.*))
 *(.dtors)
 *(.eh_frame*)
 .eh_frame      0x10004948        0x0 /usr/lib/gcc/arm-none-eabi/7.3.1/thumb/v6-m/crtbegin.o
                0x10004948                . = ALIGN (0x4)

.glue_7         0x10004948        0x0
 .glue_7        0x10004948        0x0 linker stubs

.glue_7t        0x10004948        0x0
 .glue_7t       0x10004948        0x0 linker stubs

.vfp11_veneer   0x10004948        0x0
 .vfp11_veneer  0x10004948        0x0 linker stubs

.v4_bx          0x10004948        0x0
 .v4_bx         0x10004948        0x0 linker stubs

.iplt           0x10004948        0x0
 .iplt          0x10004948        0x0 /usr/lib/gcc/arm-none-eabi/7.3.1/thumb/v6-m/crtbegin.o

.rodata         0x10004948      0xf48
 *(EXCLUDE_FILE(*libm.a: *libc.a:*lib_a-mem*.o *libgcc.a:) .rodata*)
 .rodata.main.str1.4
                0x10004948       0x38 CMakeFiles/testproject.dir/testproject.c.obj
 .rodata.pattern_table
                0x10004980       0x20 CMakeFiles/testproject.dir/testproject.c.obj
                0x10004980                pattern_table
 .rodata.str1.4
                0x100049a0       0x26 CMakeFiles/testproject.dir/testproject.c.obj
 *fill*         0x100049c6        0x2 
 .rodata.ws2812_program
                0x100049c8        0x6 CMakeFiles/testproject.dir/testproject.c.obj
 *fill*         0x100049ce        0x2 
 .rodata.ws2812_program_instructions
                0x100049d0        0x8 CMakeFiles/testproject.dir/testproject.c.obj
 .rodata.__func__.5648
                0x100049d8       0x15 CMakeFiles/testproject.dir/home/pi/pico/pico-sdk/src/common/pico_time/time.c.obj
 *fill*         0x100049ed        0x3 
 .rodata.__func__.5954
                0x100049f0        0xc CMakeFiles/testproject.dir/home/pi/pico/pico-sdk/src/common/pico_time/time.c.obj
 .rodata.__func__.5961
                0x100049fc       0x12 CMakeFiles/testproject.dir/home/pi/pico/pico-sdk/src/common/pico_time/time.c.obj
 *fill*         0x10004a0e        0x2 
 .rodata.__func__.5977
                0x10004a10        0xf CMakeFiles/testproject.dir/home/pi/pico/pico-sdk/src/common/pico_time/time.c.obj
 *fill*         0x10004a1f        0x1 
 .rodata.__func__.5999
                0x10004a20        0xd CMakeFiles/testproject.dir/home/pi/pico/pico-sdk/src/common/pico_time/time.c.obj
 *fill*         0x10004a2d        0x3 
 .rodata.__func__.6223
                0x10004a30        0xa CMakeFiles/testproject.dir/home/pi/pico/pico-sdk/src/common/pico_time/time.c.obj
 *fill*         0x10004a3a        0x2 
 .rodata.__func__.6228
                0x10004a3c       0x12 CMakeFiles/testproject.dir/home/pi/pico/pico-sdk/src/common/pico_time/time.c.obj
 *fill*         0x10004a4e        0x2 
 .rodata.__func__.6243
                0x10004a50       0x17 CMakeFiles/testproject.dir/home/pi/pico/pico-sdk/src/common/pico_time/time.c.obj
 *fill*         0x10004a67        0x1 
 .rodata.__func__.6254
                0x10004a68       0x15 CMakeFiles/testproject.dir/home/pi/pico/pico-sdk/src/common/pico_time/time.c.obj
 *fill*         0x10004a7d        0x3 
 .rodata.__func__.6271
                0x10004a80       0x1a CMakeFiles/testproject.dir/home/pi/pico/pico-sdk/src/common/pico_time/time.c.obj
 *fill*         0x10004a9a        0x2 
 .rodata.add_alarm_under_lock.str1.4
                0x10004a9c       0x28 CMakeFiles/testproject.dir/home/pi/pico/pico-sdk/src/common/pico_time/time.c.obj
                                 0x2b (size before relaxing)
 .rodata.alarm_pool_alarm_callback.str1.4
                0x10004ac4       0xe2 CMakeFiles/testproject.dir/home/pi/pico/pico-sdk/src/common/pico_time/time.c.obj
 *fill*         0x10004ba6        0x2 
 .rodata.alarm_pool_dump_key.str1.4
                0x10004ba8       0x33 CMakeFiles/testproject.dir/home/pi/pico/pico-sdk/src/common/pico_time/time.c.obj
 *fill*         0x10004bdb        0x1 
 .rodata.alarm_pool_get_default.str1.4
                0x10004bdc       0x21 CMakeFiles/testproject.dir/home/pi/pico/pico-sdk/src/common/pico_time/time.c.obj
 *fill*         0x10004bfd        0x3 
 .rodata.ph_add_child_node.str1.4
                0x10004c00       0x92 CMakeFiles/testproject.dir/home/pi/pico/pico-sdk/src/common/pico_time/time.c.obj
 *fill*         0x10004c92        0x2 
 .rodata.repeating_timer_callback.str1.4
                0x10004c94       0x47 CMakeFiles/testproject.dir/home/pi/pico/pico-sdk/src/common/pico_time/time.c.obj
 *fill*         0x10004cdb        0x1 
 .rodata.sleep_until.str1.4
                0x10004cdc       0x4d CMakeFiles/testproject.dir/home/pi/pico/pico-sdk/src/common/pico_time/time.c.obj
 *fill*         0x10004d29        0x3 
 .rodata.__func__.4519
                0x10004d2c       0x1a CMakeFiles/testproject.dir/home/pi/pico/pico-sdk/src/rp2_common/hardware_timer/timer.c.obj
 *fill*         0x10004d46        0x2 
 .rodata.hardware_alarm_claim.str1.4
                0x10004d48       0x22 CMakeFiles/testproject.dir/home/pi/pico/pico-sdk/src/rp2_common/hardware_timer/timer.c.obj
 *fill*         0x10004d6a        0x2 
 .rodata.hardware_alarm_set_target.str1.4
                0x10004d6c       0x61 CMakeFiles/testproject.dir/home/pi/pico/pico-sdk/src/rp2_common/hardware_timer/timer.c.obj
 *fill*         0x10004dcd        0x3 
 .rodata.__func__.4660
                0x10004dd0        0xb CMakeFiles/testproject.dir/home/pi/pico/pico-sdk/src/common/pico_sync/mutex.c.obj
 *fill*         0x10004ddb        0x1 
 .rodata.str1.4
                0x10004ddc       0x85 CMakeFiles/testproject.dir/home/pi/pico/pico-sdk/src/common/pico_sync/mutex.c.obj
                                 0xe5 (size before relaxing)
 *fill*         0x10004e61        0x3 
 .rodata.__func__.5655
                0x10004e64        0xc CMakeFiles/testproject.dir/home/pi/pico/pico-sdk/src/common/pico_util/pheap.c.obj
 .rodata.__func__.5662
                0x10004e70       0x12 CMakeFiles/testproject.dir/home/pi/pico/pico-sdk/src/common/pico_util/pheap.c.obj
 *fill*         0x10004e82        0x2 
 .rodata.__func__.5748
                0x10004e84       0x13 CMakeFiles/testproject.dir/home/pi/pico/pico-sdk/src/common/pico_util/pheap.c.obj
 *fill*         0x10004e97        0x1 
 .rodata.__func__.5766
                0x10004e98       0x18 CMakeFiles/testproject.dir/home/pi/pico/pico-sdk/src/common/pico_util/pheap.c.obj
 .rodata.ph_add_child_node.str1.4
                0x10004eb0       0x92 CMakeFiles/testproject.dir/home/pi/pico/pico-sdk/src/common/pico_util/pheap.c.obj
 .rodata.ph_remove_and_free_node.str1.4
                0x10004eb0       0x26 CMakeFiles/testproject.dir/home/pi/pico/pico-sdk/src/common/pico_util/pheap.c.obj
 *fill*         0x10004ed6        0x2 
 .rodata.ph_remove_any_head.str1.4
                0x10004ed8       0x88 CMakeFiles/testproject.dir/home/pi/pico/pico-sdk/src/common/pico_util/pheap.c.obj
 .rodata.__assert_func.str1.4
                0x10004f60       0x3f CMakeFiles/testproject.dir/home/pi/pico/pico-sdk/src/rp2_common/pico_runtime/runtime.c.obj
                                 0x43 (size before relaxing)
 *fill*         0x10004f9f        0x1 
 .rodata.__func__.5763
                0x10004fa0        0xd CMakeFiles/testproject.dir/home/pi/pico/pico-sdk/src/rp2_common/pico_runtime/runtime.c.obj
 *fill*         0x10004fad        0x3 
 .rodata.panic.str1.4
                0x10004fb0       0x12 CMakeFiles/testproject.dir/home/pi/pico/pico-sdk/src/rp2_common/pico_runtime/runtime.c.obj
 *fill*         0x10004fc2        0x2 
 .rodata.runtime_init.str1.4
                0x10004fc4       0x5d CMakeFiles/testproject.dir/home/pi/pico/pico-sdk/src/rp2_common/pico_runtime/runtime.c.obj
 *fill*         0x10005021        0x3 
 .rodata.__func__.4648
                0x10005024       0x10 CMakeFiles/testproject.dir/home/pi/pico/pico-sdk/src/rp2_common/hardware_clocks/clocks.c.obj
 .rodata.clock_configure.str1.4
                0x10005034       0x53 CMakeFiles/testproject.dir/home/pi/pico/pico-sdk/src/rp2_common/hardware_clocks/clocks.c.obj
 *fill*         0x10005087        0x1 
 .rodata.__func__.4693
                0x10005088       0x1a CMakeFiles/testproject.dir/home/pi/pico/pico-sdk/src/rp2_common/hardware_irq/irq.c.obj
 *fill*         0x100050a2        0x2 
 .rodata.__func__.4707
                0x100050a4        0xc CMakeFiles/testproject.dir/home/pi/pico/pico-sdk/src/rp2_common/hardware_irq/irq.c.obj
 .rodata.__func__.4715
                0x100050b0       0x17 CMakeFiles/testproject.dir/home/pi/pico/pico-sdk/src/rp2_common/hardware_irq/irq.c.obj
 *fill*         0x100050c7        0x1 
 .rodata.__func__.4719
                0x100050c8        0xf CMakeFiles/testproject.dir/home/pi/pico/pico-sdk/src/rp2_common/hardware_irq/irq.c.obj
 *fill*         0x100050d7        0x1 
 .rodata.__func__.4758
                0x100050d8       0x13 CMakeFiles/testproject.dir/home/pi/pico/pico-sdk/src/rp2_common/hardware_irq/irq.c.obj
 *fill*         0x100050eb        0x1 
 .rodata.__func__.4781
                0x100050ec       0x1a CMakeFiles/testproject.dir/home/pi/pico/pico-sdk/src/rp2_common/hardware_irq/irq.c.obj
 *fill*         0x10005106        0x2 
 .rodata.irq_add_shared_handler.str1.4
                0x10005108       0xd9 CMakeFiles/testproject.dir/home/pi/pico/pico-sdk/src/rp2_common/hardware_irq/irq.c.obj
 *fill*         0x100051e1        0x3 
 .rodata.irq_add_tail_to_free_list.str1.4
                0x100051e4       0x32 CMakeFiles/testproject.dir/home/pi/pico/pico-sdk/src/rp2_common/hardware_irq/irq.c.obj
                                 0x3a (size before relaxing)
 *fill*         0x10005216        0x2 
 .rodata.irq_remove_handler.str1.4
                0x10005218       0x2a CMakeFiles/testproject.dir/home/pi/pico/pico-sdk/src/rp2_common/hardware_irq/irq.c.obj
 *fill*         0x10005242        0x2 
 .rodata.irq_set_exclusive_handler.str1.4
                0x10005244       0x36 CMakeFiles/testproject.dir/home/pi/pico/pico-sdk/src/rp2_common/hardware_irq/irq.c.obj
 *fill*         0x1000527a        0x2 
 .rodata.make_branch.str1.4
                0x1000527c       0x49 CMakeFiles/testproject.dir/home/pi/pico/pico-sdk/src/rp2_common/hardware_irq/irq.c.obj
 *fill*         0x100052c5        0x3 
 .rodata.__func__.4368
                0x100052c8        0x9 CMakeFiles/testproject.dir/home/pi/pico/pico-sdk/src/rp2_common/hardware_pll/pll.c.obj
 *fill*         0x100052d1        0x3 
 .rodata.pll_init.str1.4
                0x100052d4       0xd7 CMakeFiles/testproject.dir/home/pi/pico/pico-sdk/src/rp2_common/hardware_pll/pll.c.obj
 *fill*         0x100053ab        0x1 
 .rodata._vsnprintf
                0x100053ac      0x1e0 CMakeFiles/testproject.dir/home/pi/pico/pico-sdk/src/rp2_common/pico_printf/printf.c.obj
 .rodata._ftoa.str1.4
                0x1000558c       0x15 CMakeFiles/testproject.dir/home/pi/pico/pico-sdk/src/rp2_common/pico_printf/printf.c.obj
 *fill*         0x100055a1        0x7 
 .rodata.pow10.5369
                0x100055a8       0x50 CMakeFiles/testproject.dir/home/pi/pico/pico-sdk/src/rp2_common/pico_printf/printf.c.obj
 .rodata.__aeabi_double_init.str1.4
                0x100055f8       0xa4 CMakeFiles/testproject.dir/home/pi/pico/pico-sdk/src/rp2_common/pico_double/double_init_rom.c.obj
 .rodata.__func__.4679
                0x1000569c       0x14 CMakeFiles/testproject.dir/home/pi/pico/pico-sdk/src/rp2_common/pico_double/double_init_rom.c.obj
 .rodata.__aeabi_float_init.str1.4
                0x100056b0       0x76 CMakeFiles/testproject.dir/home/pi/pico/pico-sdk/src/rp2_common/pico_float/float_init_rom.c.obj
                                 0x7a (size before relaxing)
 *fill*         0x10005726        0x2 
 .rodata.__func__.4680
                0x10005728       0x13 CMakeFiles/testproject.dir/home/pi/pico/pico-sdk/src/rp2_common/pico_float/float_init_rom.c.obj
 *fill*         0x1000573b        0x1 
 .rodata.__bi_44
                0x1000573c        0xc CMakeFiles/testproject.dir/home/pi/pico/pico-sdk/src/rp2_common/pico_standard_link/binary_info.c.obj
 .rodata.__bi_56
                0x10005748        0xc CMakeFiles/testproject.dir/home/pi/pico/pico-sdk/src/rp2_common/pico_standard_link/binary_info.c.obj
 .rodata.__bi_75
                0x10005754        0xc CMakeFiles/testproject.dir/home/pi/pico/pico-sdk/src/rp2_common/pico_standard_link/binary_info.c.obj
 .rodata.__bi_81
                0x10005760        0xc CMakeFiles/testproject.dir/home/pi/pico/pico-sdk/src/rp2_common/pico_standard_link/binary_info.c.obj
 .rodata.str1.4
                0x1000576c       0x44 CMakeFiles/testproject.dir/home/pi/pico/pico-sdk/src/rp2_common/pico_standard_link/binary_info.c.obj
 .rodata.crlf_str.5998
                0x100057b0        0x2 CMakeFiles/testproject.dir/home/pi/pico/pico-sdk/src/rp2_common/pico_stdio/stdio.c.obj
 *fill*         0x100057b2        0x2 
 .rodata.__bi_28.4712
                0x100057b4        0xc CMakeFiles/testproject.dir/home/pi/pico/pico-sdk/src/rp2_common/pico_stdio_uart/stdio_uart.c.obj
 .rodata.__bi_29.4716
                0x100057c0        0x8 CMakeFiles/testproject.dir/home/pi/pico/pico-sdk/src/rp2_common/pico_stdio_uart/stdio_uart.c.obj
 .rodata.str1.4
                0x100057c8       0x2c CMakeFiles/testproject.dir/home/pi/pico/pico-sdk/src/rp2_common/pico_stdio_uart/stdio_uart.c.obj
 .rodata.__func__.5190
                0x100057f4       0x1d CMakeFiles/testproject.dir/home/pi/pico/pico-sdk/src/rp2_common/hardware_pio/pio.c.obj
 *fill*         0x10005811        0x3 
 .rodata._pio_add_program_at_offset.str1.4
                0x10005814       0x11 CMakeFiles/testproject.dir/home/pi/pico/pico-sdk/src/rp2_common/hardware_pio/pio.c.obj
 *fill*         0x10005825        0x3 
 .rodata._pio_find_offset_for_program.str1.4
                0x10005828       0x68 CMakeFiles/testproject.dir/home/pi/pico/pico-sdk/src/rp2_common/hardware_pio/pio.c.obj
                                 0x65 (size before relaxing)
                0x10005890                . = ALIGN (0x4)
 *(SORT_BY_ALIGNMENT(SORT_BY_NAME(.flashdata*)))
                0x10005890                . = ALIGN (0x4)

.rel.dyn        0x10005890        0x0
 .rel.iplt      0x10005890        0x0 /usr/lib/gcc/arm-none-eabi/7.3.1/thumb/v6-m/crtbegin.o

.ARM.extab
 *(.ARM.extab* .gnu.linkonce.armextab.*)
                0x10005890                __exidx_start = .

.ARM.exidx
 *(.ARM.exidx* .gnu.linkonce.armexidx.*)
                0x10005890                __exidx_end = .
                0x10005890                . = ALIGN (0x4)
                0x10005890                __binary_info_start = .

.binary_info    0x10005890       0x28
 *(.binary_info.keep.*)
 .binary_info.keep.__bi_ptr22
                0x10005890        0x4 CMakeFiles/testproject.dir/home/pi/pico/pico-sdk/src/rp2_common/pico_standard_link/binary_info.c.obj
 .binary_info.keep.__bi_ptr30
                0x10005894        0x4 CMakeFiles/testproject.dir/home/pi/pico/pico-sdk/src/rp2_common/pico_standard_link/binary_info.c.obj
 .binary_info.keep.__bi_ptr38
                0x10005898        0x4 CMakeFiles/testproject.dir/home/pi/pico/pico-sdk/src/rp2_common/pico_standard_link/binary_info.c.obj
 .binary_info.keep.__bi_ptr44
                0x1000589c        0x4 CMakeFiles/testproject.dir/home/pi/pico/pico-sdk/src/rp2_common/pico_standard_link/binary_info.c.obj
 .binary_info.keep.__bi_ptr50
                0x100058a0        0x4 CMakeFiles/testproject.dir/home/pi/pico/pico-sdk/src/rp2_common/pico_standard_link/binary_info.c.obj
 .binary_info.keep.__bi_ptr56
                0x100058a4        0x4 CMakeFiles/testproject.dir/home/pi/pico/pico-sdk/src/rp2_common/pico_standard_link/binary_info.c.obj
 .binary_info.keep.__bi_ptr75
                0x100058a8        0x4 CMakeFiles/testproject.dir/home/pi/pico/pico-sdk/src/rp2_common/pico_standard_link/binary_info.c.obj
 .binary_info.keep.__bi_ptr81
                0x100058ac        0x4 CMakeFiles/testproject.dir/home/pi/pico/pico-sdk/src/rp2_common/pico_standard_link/binary_info.c.obj
 *(.binary_info.*)
 .binary_info.__bi_ptr28
                0x100058b0        0x4 CMakeFiles/testproject.dir/home/pi/pico/pico-sdk/src/rp2_common/pico_stdio_uart/stdio_uart.c.obj
 .binary_info.__bi_ptr29
                0x100058b4        0x4 CMakeFiles/testproject.dir/home/pi/pico/pico-sdk/src/rp2_common/pico_stdio_uart/stdio_uart.c.obj
                0x100058b8                __binary_info_end = .
                0x100058b8                . = ALIGN (0x4)
                0x100058b8                __etext = .

.ram_vector_table
                0x20000000       0xc0
 *(.ram_vector_table)
 .ram_vector_table
                0x20000000       0xc0 CMakeFiles/testproject.dir/home/pi/pico/pico-sdk/src/rp2_common/pico_runtime/runtime.c.obj
                0x20000000                ram_vector_table

.data           0x200000c0      0x5f4 load address 0x100058b8
                0x200000c0                __data_start__ = .
 *(vtable)
 *(.time_critical*)
 .time_critical.mutex_enter_blocking
                0x200000c0       0x48 CMakeFiles/testproject.dir/home/pi/pico/pico-sdk/src/common/pico_sync/mutex.c.obj
                0x200000c0                mutex_enter_blocking
 .time_critical.mutex_try_enter
                0x20000108       0x48 CMakeFiles/testproject.dir/home/pi/pico/pico-sdk/src/common/pico_sync/mutex.c.obj
                0x20000108                mutex_try_enter
 .time_critical.mutex_exit
                0x20000150       0x4c CMakeFiles/testproject.dir/home/pi/pico/pico-sdk/src/common/pico_sync/mutex.c.obj
                0x20000150                mutex_exit
 *(.text*)
 .text          0x2000019c        0x4 /usr/lib/gcc/arm-none-eabi/7.3.1/thumb/v6-m/libgcc.a(_dvmd_tls.o)
                0x2000019c                __aeabi_ldiv0
                0x2000019c                __aeabi_idiv0
 .text.__stub   0x200001a0       0x10 linker stubs
                0x200001b0                . = ALIGN (0x4)
 *(.rodata*)
                0x200001b0                . = ALIGN (0x4)
 *(.data*)
 .data.striped_spin_lock_num
                0x200001b0        0x1 CMakeFiles/testproject.dir/home/pi/pico/pico-sdk/src/rp2_common/hardware_sync/sync.c.obj
 *fill*         0x200001b1        0x3 
 .data.default_alarm_pool
                0x200001b4       0x18 CMakeFiles/testproject.dir/home/pi/pico/pico-sdk/src/common/pico_time/time.c.obj
 .data.default_alarm_pool_heap
                0x200001cc       0x10 CMakeFiles/testproject.dir/home/pi/pico/pico-sdk/src/common/pico_time/time.c.obj
 .data          0x200001dc       0x48 CMakeFiles/testproject.dir/home/pi/pico/pico-sdk/src/rp2_common/hardware_irq/irq_handler_chain.S.obj
                0x200001dc                irq_handler_chain_slots
                0x2000020c                irq_handler_chain_first_slot
                0x20000216                irq_handler_chain_remove_tail
 *fill*         0x20000224        0xc 
 .data.aeabi_bits_funcs
                0x20000230       0x10 CMakeFiles/testproject.dir/home/pi/pico/pico-sdk/src/rp2_common/pico_bit_ops/bit_ops_aeabi.S.obj
                0x20000230                aeabi_bits_funcs
                0x20000240                aeabi_bits_funcs_end
 .data.aeabi_mem_funcs
                0x20000240       0x10 CMakeFiles/testproject.dir/home/pi/pico/pico-sdk/src/rp2_common/pico_mem_ops/mem_ops_aeabi.S.obj
                0x20000240                aeabi_mem_funcs
                0x20000250                aeabi_mem_funcs_end
 .data.stdio_uart
                0x20000250       0x14 CMakeFiles/testproject.dir/home/pi/pico/pico-sdk/src/rp2_common/pico_stdio_uart/stdio_uart.c.obj
                0x20000250                stdio_uart
 *fill*         0x20000264        0x4 
 .data          0x20000268      0x430 /usr/lib/gcc/arm-none-eabi/7.3.1/../../../arm-none-eabi/lib/thumb/v6-m/libg.a(lib_a-impure.o)
                0x20000268                _impure_ptr
                0x20000698                . = ALIGN (0x4)
 *(.after_data.*)
                0x20000698                . = ALIGN (0x4)
                0x20000698                PROVIDE (__mutex_array_start = .)
 *(SORT_BY_NAME(.mutex_array.*))
 *(.mutex_array)
 .mutex_array   0x20000698        0x8 CMakeFiles/testproject.dir/home/pi/pico/pico-sdk/src/rp2_common/pico_stdio/stdio.c.obj
                0x200006a0                PROVIDE (__mutex_array_end = .)
                0x200006a0                . = ALIGN (0x4)
                0x200006a0                PROVIDE (__preinit_array_start = .)
 *(SORT_BY_NAME(.preinit_array.*))
 .preinit_array.00001
                0x200006a0        0x4 CMakeFiles/testproject.dir/home/pi/pico/pico-sdk/src/rp2_common/pico_mem_ops/mem_ops_aeabi.S.obj
 .preinit_array.00010
                0x200006a4        0x4 CMakeFiles/testproject.dir/home/pi/pico/pico-sdk/src/rp2_common/pico_bit_ops/bit_ops_aeabi.S.obj
 .preinit_array.00020
                0x200006a8        0x4 CMakeFiles/testproject.dir/home/pi/pico/pico-sdk/src/rp2_common/pico_double/double_aeabi.S.obj
 .preinit_array.00020
                0x200006ac        0x4 CMakeFiles/testproject.dir/home/pi/pico/pico-sdk/src/rp2_common/pico_float/float_aeabi.S.obj
 *(.preinit_array)
                0x200006b0                PROVIDE (__preinit_array_end = .)
                0x200006b0                . = ALIGN (0x4)
                0x200006b0                PROVIDE (__init_array_start = .)
 *(SORT_BY_NAME(.init_array.*))
 *(.init_array)
 .init_array    0x200006b0        0x4 /usr/lib/gcc/arm-none-eabi/7.3.1/thumb/v6-m/crtbegin.o
                0x200006b4                PROVIDE (__init_array_end = .)
                0x200006b4                . = ALIGN (0x4)
                0x200006b4                PROVIDE (__fini_array_start = .)
 *(SORT_BY_NAME(.fini_array.*))
 *(.fini_array)
                0x200006b4                PROVIDE (__fini_array_end = .)
 *(.jcr)
                0x200006b4                . = ALIGN (0x4)
                0x200006b4                __data_end__ = .

.tm_clone_table
                0x200006b4        0x0 load address 0x10005eac
 .tm_clone_table
                0x200006b4        0x0 /usr/lib/gcc/arm-none-eabi/7.3.1/thumb/v6-m/crtbegin.o
 .tm_clone_table
                0x200006b4        0x0 /usr/lib/gcc/arm-none-eabi/7.3.1/thumb/v6-m/crtend.o

.igot.plt       0x200006b4        0x0 load address 0x10005eac
 .igot.plt      0x200006b4        0x0 /usr/lib/gcc/arm-none-eabi/7.3.1/thumb/v6-m/crtbegin.o

.uninitialized_data
                0x200006b4        0x0 load address 0x10005eac
                0x200006b4                . = ALIGN (0x4)
 *(.uninitialized_data*)

.scratch_x      0x20040000        0x0 load address 0x10005eac
                0x20040000                __scratch_x_start__ = .
 *(.scratch_x.*)
                0x20040000                . = ALIGN (0x4)
                0x20040000                __scratch_x_end__ = .
                0x10005eac                __scratch_x_source__ = LOADADDR (.scratch_x)

.scratch_y      0x20041000        0x0 load address 0x10005eac
                0x20041000                __scratch_y_start__ = .
 *(.scratch_y.*)
                0x20041000                . = ALIGN (0x4)
                0x20041000                __scratch_y_end__ = .
                0x10005eac                __scratch_y_source__ = LOADADDR (.scratch_y)

.bss            0x200006b8      0x3d8
                0x200006b8                . = ALIGN (0x4)
                0x200006b8                __bss_start__ = .
 *(SORT_BY_ALIGNMENT(SORT_BY_NAME(.bss*)))
 .bss.default_alarm_pool_entries
                0x200006b8      0x100 CMakeFiles/testproject.dir/home/pi/pico/pico-sdk/src/common/pico_time/time.c.obj
 .bss           0x200007b8       0x1c /usr/lib/gcc/arm-none-eabi/7.3.1/thumb/v6-m/crtbegin.o
 .bss._used_instruction_space
                0x200007d4        0x8 CMakeFiles/testproject.dir/home/pi/pico/pico-sdk/src/rp2_common/hardware_pio/pio.c.obj
 .bss.alarm_callbacks
                0x200007dc       0x10 CMakeFiles/testproject.dir/home/pi/pico/pico-sdk/src/rp2_common/hardware_timer/timer.c.obj
 .bss.configured_freq
                0x200007ec       0x28 CMakeFiles/testproject.dir/home/pi/pico/pico-sdk/src/rp2_common/hardware_clocks/clocks.c.obj
 .bss.default_alarm_pool_entry_ids_high
                0x20000814       0x10 CMakeFiles/testproject.dir/home/pi/pico/pico-sdk/src/common/pico_time/time.c.obj
 .bss.default_alarm_pool_heap_nodes
                0x20000824       0x30 CMakeFiles/testproject.dir/home/pi/pico/pico-sdk/src/common/pico_time/time.c.obj
 .bss.drivers   0x20000854        0x4 CMakeFiles/testproject.dir/home/pi/pico/pico-sdk/src/rp2_common/pico_stdio/stdio.c.obj
 .bss.filter    0x20000858        0x4 CMakeFiles/testproject.dir/home/pi/pico/pico-sdk/src/rp2_common/pico_stdio/stdio.c.obj
 .bss.pools     0x2000085c       0x10 CMakeFiles/testproject.dir/home/pi/pico/pico-sdk/src/common/pico_time/time.c.obj
 .bss.sf_clz_func
                0x2000086c        0x4 CMakeFiles/testproject.dir/home/pi/pico/pico-sdk/src/rp2_common/pico_double/double_init_rom.c.obj
                0x2000086c                sf_clz_func
 .bss.sleep_notifier
                0x20000870        0x4 CMakeFiles/testproject.dir/home/pi/pico/pico-sdk/src/common/pico_time/time.c.obj
 .bss.target_hi
                0x20000874       0x10 CMakeFiles/testproject.dir/home/pi/pico/pico-sdk/src/rp2_common/hardware_timer/timer.c.obj
 .bss.uart_instance
                0x20000884        0x4 CMakeFiles/testproject.dir/home/pi/pico/pico-sdk/src/rp2_common/pico_stdio_uart/stdio_uart.c.obj
 .bss.claimed   0x20000888        0x1 CMakeFiles/testproject.dir/home/pi/pico/pico-sdk/src/rp2_common/hardware_timer/timer.c.obj
 .bss.irq_hander_chain_free_slot_head
                0x20000889        0x1 CMakeFiles/testproject.dir/home/pi/pico/pico-sdk/src/rp2_common/hardware_irq/irq.c.obj
 .bss.timer_callbacks_pending
                0x2000088a        0x1 CMakeFiles/testproject.dir/home/pi/pico/pico-sdk/src/rp2_common/hardware_timer/timer.c.obj
 *(COMMON)
 *fill*         0x2000088b        0x1 
 COMMON         0x2000088c        0x4 CMakeFiles/testproject.dir/home/pi/pico/pico-sdk/src/rp2_common/hardware_uart/uart.c.obj
                0x2000088c                uart_char_to_line_feed
 COMMON         0x20000890      0x100 CMakeFiles/testproject.dir/home/pi/pico/pico-sdk/src/rp2_common/pico_double/double_init_rom.c.obj
                0x20000890                sd_table
 COMMON         0x20000990      0x100 CMakeFiles/testproject.dir/home/pi/pico/pico-sdk/src/rp2_common/pico_float/float_init_rom.c.obj
                0x20000990                sf_table
                0x20000a90                . = ALIGN (0x4)
                0x20000a90                __bss_end__ = .

.heap           0x20000a90      0x800
                0x20000a90                __end__ = .
                0x20000a90                end = __end__
 *(.heap*)
 .heap          0x20000a90      0x800 CMakeFiles/testproject.dir/home/pi/pico/pico-sdk/src/rp2_common/pico_standard_link/crt0.S.obj
                0x20001290                __HeapLimit = .

.stack1_dummy   0x20040000        0x0
 *(.stack1*)

.stack_dummy    0x20041000      0x800
 *(.stack*)
 .stack         0x20041000      0x800 CMakeFiles/testproject.dir/home/pi/pico/pico-sdk/src/rp2_common/pico_standard_link/crt0.S.obj

.flash_end      0x10005eac        0x0
                0x10005eac                __flash_binary_end = .
                0x20040000                __StackLimit = (ORIGIN (RAM) + LENGTH (RAM))
                0x20041000                __StackOneTop = (ORIGIN (SCRATCH_X) + LENGTH (SCRATCH_X))
                0x20042000                __StackTop = (ORIGIN (SCRATCH_Y) + LENGTH (SCRATCH_Y))
                0x20041000                __StackOneBottom = (__StackOneTop - SIZEOF (.stack1_dummy))
                0x20041800                __StackBottom = (__StackTop - SIZEOF (.stack_dummy))
                0x20042000                PROVIDE (__stack = __StackTop)
                0x00000001                ASSERT ((__StackLimit >= __HeapLimit), region RAM overflowed)
                0x00000001                ASSERT (((__binary_info_header_end - __logical_binary_start) <= 0x100), Binary info must be in first 256 bytes of the binary)
LOAD CMakeFiles/testproject.dir/testproject.c.obj
LOAD CMakeFiles/testproject.dir/home/pi/pico/pico-sdk/src/rp2_common/pico_stdlib/stdlib.c.obj
LOAD CMakeFiles/testproject.dir/home/pi/pico/pico-sdk/src/rp2_common/hardware_gpio/gpio.c.obj
LOAD CMakeFiles/testproject.dir/home/pi/pico/pico-sdk/src/rp2_common/hardware_claim/claim.c.obj
LOAD CMakeFiles/testproject.dir/home/pi/pico/pico-sdk/src/rp2_common/pico_platform/platform.c.obj
LOAD CMakeFiles/testproject.dir/home/pi/pico/pico-sdk/src/rp2_common/hardware_sync/sync.c.obj
LOAD CMakeFiles/testproject.dir/home/pi/pico/pico-sdk/src/rp2_common/hardware_uart/uart.c.obj
LOAD CMakeFiles/testproject.dir/home/pi/pico/pico-sdk/src/rp2_common/hardware_divider/divider.S.obj
LOAD CMakeFiles/testproject.dir/home/pi/pico/pico-sdk/src/common/pico_time/time.c.obj
LOAD CMakeFiles/testproject.dir/home/pi/pico/pico-sdk/src/common/pico_time/timeout_helper.c.obj
LOAD CMakeFiles/testproject.dir/home/pi/pico/pico-sdk/src/rp2_common/hardware_timer/timer.c.obj
LOAD CMakeFiles/testproject.dir/home/pi/pico/pico-sdk/src/common/pico_sync/sem.c.obj
LOAD CMakeFiles/testproject.dir/home/pi/pico/pico-sdk/src/common/pico_sync/lock_core.c.obj
LOAD CMakeFiles/testproject.dir/home/pi/pico/pico-sdk/src/common/pico_sync/mutex.c.obj
LOAD CMakeFiles/testproject.dir/home/pi/pico/pico-sdk/src/common/pico_sync/critical_section.c.obj
LOAD CMakeFiles/testproject.dir/home/pi/pico/pico-sdk/src/common/pico_util/datetime.c.obj
LOAD CMakeFiles/testproject.dir/home/pi/pico/pico-sdk/src/common/pico_util/pheap.c.obj
LOAD CMakeFiles/testproject.dir/home/pi/pico/pico-sdk/src/common/pico_util/queue.c.obj
LOAD CMakeFiles/testproject.dir/home/pi/pico/pico-sdk/src/rp2_common/pico_runtime/runtime.c.obj
LOAD CMakeFiles/testproject.dir/home/pi/pico/pico-sdk/src/rp2_common/hardware_clocks/clocks.c.obj
LOAD CMakeFiles/testproject.dir/home/pi/pico/pico-sdk/src/rp2_common/hardware_irq/irq.c.obj
LOAD CMakeFiles/testproject.dir/home/pi/pico/pico-sdk/src/rp2_common/hardware_irq/irq_handler_chain.S.obj
LOAD CMakeFiles/testproject.dir/home/pi/pico/pico-sdk/src/rp2_common/hardware_pll/pll.c.obj
LOAD CMakeFiles/testproject.dir/home/pi/pico/pico-sdk/src/rp2_common/hardware_vreg/vreg.c.obj
LOAD CMakeFiles/testproject.dir/home/pi/pico/pico-sdk/src/rp2_common/hardware_watchdog/watchdog.c.obj
LOAD CMakeFiles/testproject.dir/home/pi/pico/pico-sdk/src/rp2_common/hardware_xosc/xosc.c.obj
LOAD CMakeFiles/testproject.dir/home/pi/pico/pico-sdk/src/rp2_common/pico_printf/printf.c.obj
LOAD CMakeFiles/testproject.dir/home/pi/pico/pico-sdk/src/rp2_common/pico_bit_ops/bit_ops_aeabi.S.obj
LOAD CMakeFiles/testproject.dir/home/pi/pico/pico-sdk/src/rp2_common/pico_bootrom/bootrom.c.obj
LOAD CMakeFiles/testproject.dir/home/pi/pico/pico-sdk/src/rp2_common/pico_divider/divider.S.obj
LOAD CMakeFiles/testproject.dir/home/pi/pico/pico-sdk/src/rp2_common/pico_double/double_aeabi.S.obj
LOAD CMakeFiles/testproject.dir/home/pi/pico/pico-sdk/src/rp2_common/pico_double/double_init_rom.c.obj
LOAD CMakeFiles/testproject.dir/home/pi/pico/pico-sdk/src/rp2_common/pico_double/double_math.c.obj
LOAD CMakeFiles/testproject.dir/home/pi/pico/pico-sdk/src/rp2_common/pico_double/double_v1_rom_shim.S.obj
LOAD CMakeFiles/testproject.dir/home/pi/pico/pico-sdk/src/rp2_common/pico_int64_ops/pico_int64_ops_aeabi.S.obj
LOAD CMakeFiles/testproject.dir/home/pi/pico/pico-sdk/src/rp2_common/pico_float/float_aeabi.S.obj
LOAD CMakeFiles/testproject.dir/home/pi/pico/pico-sdk/src/rp2_common/pico_float/float_init_rom.c.obj
LOAD CMakeFiles/testproject.dir/home/pi/pico/pico-sdk/src/rp2_common/pico_float/float_math.c.obj
LOAD CMakeFiles/testproject.dir/home/pi/pico/pico-sdk/src/rp2_common/pico_float/float_v1_rom_shim.S.obj
LOAD CMakeFiles/testproject.dir/home/pi/pico/pico-sdk/src/rp2_common/pico_malloc/pico_malloc.c.obj
LOAD CMakeFiles/testproject.dir/home/pi/pico/pico-sdk/src/rp2_common/pico_mem_ops/mem_ops_aeabi.S.obj
LOAD CMakeFiles/testproject.dir/home/pi/pico/pico-sdk/src/rp2_common/pico_standard_link/crt0.S.obj
LOAD CMakeFiles/testproject.dir/home/pi/pico/pico-sdk/src/rp2_common/pico_standard_link/new_delete.cpp.obj
LOAD CMakeFiles/testproject.dir/home/pi/pico/pico-sdk/src/rp2_common/pico_standard_link/binary_info.c.obj
LOAD CMakeFiles/testproject.dir/home/pi/pico/pico-sdk/src/rp2_common/pico_stdio/stdio.c.obj
LOAD CMakeFiles/testproject.dir/home/pi/pico/pico-sdk/src/rp2_common/pico_stdio_uart/stdio_uart.c.obj
LOAD CMakeFiles/testproject.dir/home/pi/pico/pico-sdk/src/rp2_common/hardware_pio/pio.c.obj
LOAD /tmp/ccwnyQap.o
LOAD /usr/lib/gcc/arm-none-eabi/7.3.1/../../../arm-none-eabi/lib/thumb/v6-m/libstdc++.a
LOAD /usr/lib/gcc/arm-none-eabi/7.3.1/../../../arm-none-eabi/lib/thumb/v6-m/libm.a
START GROUP
LOAD /usr/lib/gcc/arm-none-eabi/7.3.1/thumb/v6-m/libgcc.a
LOAD /usr/lib/gcc/arm-none-eabi/7.3.1/../../../arm-none-eabi/lib/thumb/v6-m/libg.a
LOAD /usr/lib/gcc/arm-none-eabi/7.3.1/../../../arm-none-eabi/lib/thumb/v6-m/libc.a
END GROUP
START GROUP
LOAD /usr/lib/gcc/arm-none-eabi/7.3.1/thumb/v6-m/libgcc.a
LOAD /usr/lib/gcc/arm-none-eabi/7.3.1/../../../arm-none-eabi/lib/thumb/v6-m/libc.a
LOAD /usr/lib/gcc/arm-none-eabi/7.3.1/../../../arm-none-eabi/lib/thumb/v6-m/libnosys.a
END GROUP
LOAD /usr/lib/gcc/arm-none-eabi/7.3.1/thumb/v6-m/crtend.o
LOAD /usr/lib/gcc/arm-none-eabi/7.3.1/thumb/v6-m/crtn.o
OUTPUT(testproject.elf elf32-littlearm)

.ARM.attributes
                0x00000000       0x28
 .ARM.attributes
                0x00000000       0x1e /usr/lib/gcc/arm-none-eabi/7.3.1/thumb/v6-m/crti.o
 .ARM.attributes
                0x0000001e       0x2c /usr/lib/gcc/arm-none-eabi/7.3.1/thumb/v6-m/crtbegin.o
 .ARM.attributes
                0x0000004a       0x32 CMakeFiles/testproject.dir/testproject.c.obj
 .ARM.attributes
                0x0000007c       0x32 CMakeFiles/testproject.dir/home/pi/pico/pico-sdk/src/rp2_common/hardware_gpio/gpio.c.obj
 .ARM.attributes
                0x000000ae       0x32 CMakeFiles/testproject.dir/home/pi/pico/pico-sdk/src/rp2_common/hardware_claim/claim.c.obj
 .ARM.attributes
                0x000000e0       0x32 CMakeFiles/testproject.dir/home/pi/pico/pico-sdk/src/rp2_common/pico_platform/platform.c.obj
 .ARM.attributes
                0x00000112       0x32 CMakeFiles/testproject.dir/home/pi/pico/pico-sdk/src/rp2_common/hardware_sync/sync.c.obj
 .ARM.attributes
                0x00000144       0x32 CMakeFiles/testproject.dir/home/pi/pico/pico-sdk/src/rp2_common/hardware_uart/uart.c.obj
 .ARM.attributes
                0x00000176       0x32 CMakeFiles/testproject.dir/home/pi/pico/pico-sdk/src/common/pico_time/time.c.obj
 .ARM.attributes
                0x000001a8       0x32 CMakeFiles/testproject.dir/home/pi/pico/pico-sdk/src/rp2_common/hardware_timer/timer.c.obj
 .ARM.attributes
                0x000001da       0x32 CMakeFiles/testproject.dir/home/pi/pico/pico-sdk/src/common/pico_sync/lock_core.c.obj
 .ARM.attributes
                0x0000020c       0x32 CMakeFiles/testproject.dir/home/pi/pico/pico-sdk/src/common/pico_sync/mutex.c.obj
 .ARM.attributes
                0x0000023e       0x32 CMakeFiles/testproject.dir/home/pi/pico/pico-sdk/src/common/pico_util/pheap.c.obj
 .ARM.attributes
                0x00000270       0x32 CMakeFiles/testproject.dir/home/pi/pico/pico-sdk/src/rp2_common/pico_runtime/runtime.c.obj
 .ARM.attributes
                0x000002a2       0x32 CMakeFiles/testproject.dir/home/pi/pico/pico-sdk/src/rp2_common/hardware_clocks/clocks.c.obj
 .ARM.attributes
                0x000002d4       0x32 CMakeFiles/testproject.dir/home/pi/pico/pico-sdk/src/rp2_common/hardware_irq/irq.c.obj
 .ARM.attributes
                0x00000306       0x22 CMakeFiles/testproject.dir/home/pi/pico/pico-sdk/src/rp2_common/hardware_irq/irq_handler_chain.S.obj
 .ARM.attributes
                0x00000328       0x32 CMakeFiles/testproject.dir/home/pi/pico/pico-sdk/src/rp2_common/hardware_pll/pll.c.obj
 .ARM.attributes
                0x0000035a       0x32 CMakeFiles/testproject.dir/home/pi/pico/pico-sdk/src/rp2_common/hardware_watchdog/watchdog.c.obj
 .ARM.attributes
                0x0000038c       0x32 CMakeFiles/testproject.dir/home/pi/pico/pico-sdk/src/rp2_common/hardware_xosc/xosc.c.obj
 .ARM.attributes
                0x000003be       0x32 CMakeFiles/testproject.dir/home/pi/pico/pico-sdk/src/rp2_common/pico_printf/printf.c.obj
 .ARM.attributes
                0x000003f0       0x22 CMakeFiles/testproject.dir/home/pi/pico/pico-sdk/src/rp2_common/pico_bit_ops/bit_ops_aeabi.S.obj
 .ARM.attributes
                0x00000412       0x32 CMakeFiles/testproject.dir/home/pi/pico/pico-sdk/src/rp2_common/pico_bootrom/bootrom.c.obj
 .ARM.attributes
                0x00000444       0x22 CMakeFiles/testproject.dir/home/pi/pico/pico-sdk/src/rp2_common/pico_divider/divider.S.obj
 .ARM.attributes
                0x00000466       0x22 CMakeFiles/testproject.dir/home/pi/pico/pico-sdk/src/rp2_common/pico_double/double_aeabi.S.obj
 .ARM.attributes
                0x00000488       0x32 CMakeFiles/testproject.dir/home/pi/pico/pico-sdk/src/rp2_common/pico_double/double_init_rom.c.obj
 .ARM.attributes
                0x000004ba       0x22 CMakeFiles/testproject.dir/home/pi/pico/pico-sdk/src/rp2_common/pico_double/double_v1_rom_shim.S.obj
 .ARM.attributes
                0x000004dc       0x22 CMakeFiles/testproject.dir/home/pi/pico/pico-sdk/src/rp2_common/pico_int64_ops/pico_int64_ops_aeabi.S.obj
 .ARM.attributes
                0x000004fe       0x22 CMakeFiles/testproject.dir/home/pi/pico/pico-sdk/src/rp2_common/pico_float/float_aeabi.S.obj
 .ARM.attributes
                0x00000520       0x32 CMakeFiles/testproject.dir/home/pi/pico/pico-sdk/src/rp2_common/pico_float/float_init_rom.c.obj
 .ARM.attributes
                0x00000552       0x22 CMakeFiles/testproject.dir/home/pi/pico/pico-sdk/src/rp2_common/pico_float/float_v1_rom_shim.S.obj
 .ARM.attributes
                0x00000574       0x22 CMakeFiles/testproject.dir/home/pi/pico/pico-sdk/src/rp2_common/pico_mem_ops/mem_ops_aeabi.S.obj
 .ARM.attributes
                0x00000596       0x22 CMakeFiles/testproject.dir/home/pi/pico/pico-sdk/src/rp2_common/pico_standard_link/crt0.S.obj
 .ARM.attributes
                0x000005b8       0x32 CMakeFiles/testproject.dir/home/pi/pico/pico-sdk/src/rp2_common/pico_standard_link/binary_info.c.obj
 .ARM.attributes
                0x000005ea       0x32 CMakeFiles/testproject.dir/home/pi/pico/pico-sdk/src/rp2_common/pico_stdio/stdio.c.obj
 .ARM.attributes
                0x0000061c       0x32 CMakeFiles/testproject.dir/home/pi/pico/pico-sdk/src/rp2_common/pico_stdio_uart/stdio_uart.c.obj
 .ARM.attributes
                0x0000064e       0x32 CMakeFiles/testproject.dir/home/pi/pico/pico-sdk/src/rp2_common/hardware_pio/pio.c.obj
 .ARM.attributes
                0x00000680       0x22 /tmp/ccwnyQap.o
 .ARM.attributes
                0x000006a2       0x1e /usr/lib/gcc/arm-none-eabi/7.3.1/thumb/v6-m/libgcc.a(_dvmd_tls.o)
 .ARM.attributes
                0x000006c0       0x2c /usr/lib/gcc/arm-none-eabi/7.3.1/../../../arm-none-eabi/lib/thumb/v6-m/libg.a(lib_a-impure.o)
 .ARM.attributes
                0x000006ec       0x2c /usr/lib/gcc/arm-none-eabi/7.3.1/../../../arm-none-eabi/lib/thumb/v6-m/libg.a(lib_a-rand.o)
 .ARM.attributes
                0x00000718       0x2c /usr/lib/gcc/arm-none-eabi/7.3.1/../../../arm-none-eabi/lib/thumb/v6-m/libg.a(lib_a-strlen-stub.o)
 .ARM.attributes
                0x00000744       0x2c /usr/lib/gcc/arm-none-eabi/7.3.1/thumb/v6-m/crtend.o

.comment        0x00000000       0xae
 .comment       0x00000000       0x57 /usr/lib/gcc/arm-none-eabi/7.3.1/thumb/v6-m/crtbegin.o
                                 0x58 (size before relaxing)
 .comment       0x00000057       0x58 CMakeFiles/testproject.dir/testproject.c.obj
 .comment       0x00000057       0x58 CMakeFiles/testproject.dir/home/pi/pico/pico-sdk/src/rp2_common/hardware_gpio/gpio.c.obj
 .comment       0x00000057       0x58 CMakeFiles/testproject.dir/home/pi/pico/pico-sdk/src/rp2_common/hardware_claim/claim.c.obj
 .comment       0x00000057       0x58 CMakeFiles/testproject.dir/home/pi/pico/pico-sdk/src/rp2_common/pico_platform/platform.c.obj
 .comment       0x00000057       0x58 CMakeFiles/testproject.dir/home/pi/pico/pico-sdk/src/rp2_common/hardware_sync/sync.c.obj
 .comment       0x00000057       0x58 CMakeFiles/testproject.dir/home/pi/pico/pico-sdk/src/rp2_common/hardware_uart/uart.c.obj
 .comment       0x00000057       0x58 CMakeFiles/testproject.dir/home/pi/pico/pico-sdk/src/common/pico_time/time.c.obj
 .comment       0x00000057       0x58 CMakeFiles/testproject.dir/home/pi/pico/pico-sdk/src/rp2_common/hardware_timer/timer.c.obj
 .comment       0x00000057       0x58 CMakeFiles/testproject.dir/home/pi/pico/pico-sdk/src/common/pico_sync/lock_core.c.obj
 .comment       0x00000057       0x58 CMakeFiles/testproject.dir/home/pi/pico/pico-sdk/src/common/pico_sync/mutex.c.obj
 .comment       0x00000057       0x58 CMakeFiles/testproject.dir/home/pi/pico/pico-sdk/src/common/pico_util/pheap.c.obj
 .comment       0x00000057       0x58 CMakeFiles/testproject.dir/home/pi/pico/pico-sdk/src/rp2_common/pico_runtime/runtime.c.obj
 .comment       0x00000057       0x58 CMakeFiles/testproject.dir/home/pi/pico/pico-sdk/src/rp2_common/hardware_clocks/clocks.c.obj
 .comment       0x00000057       0x58 CMakeFiles/testproject.dir/home/pi/pico/pico-sdk/src/rp2_common/hardware_irq/irq.c.obj
 .comment       0x00000057       0x58 CMakeFiles/testproject.dir/home/pi/pico/pico-sdk/src/rp2_common/hardware_pll/pll.c.obj
 .comment       0x00000057       0x58 CMakeFiles/testproject.dir/home/pi/pico/pico-sdk/src/rp2_common/hardware_watchdog/watchdog.c.obj
 .comment       0x00000057       0x58 CMakeFiles/testproject.dir/home/pi/pico/pico-sdk/src/rp2_common/hardware_xosc/xosc.c.obj
 .comment       0x00000057       0x58 CMakeFiles/testproject.dir/home/pi/pico/pico-sdk/src/rp2_common/pico_printf/printf.c.obj
 .comment       0x00000057       0x58 CMakeFiles/testproject.dir/home/pi/pico/pico-sdk/src/rp2_common/pico_bootrom/bootrom.c.obj
 .comment       0x00000057       0x58 CMakeFiles/testproject.dir/home/pi/pico/pico-sdk/src/rp2_common/pico_double/double_init_rom.c.obj
 .comment       0x00000057       0x58 CMakeFiles/testproject.dir/home/pi/pico/pico-sdk/src/rp2_common/pico_float/float_init_rom.c.obj
 .comment       0x00000057       0x58 CMakeFiles/testproject.dir/home/pi/pico/pico-sdk/src/rp2_common/pico_standard_link/binary_info.c.obj
 .comment       0x00000057       0x58 CMakeFiles/testproject.dir/home/pi/pico/pico-sdk/src/rp2_common/pico_stdio/stdio.c.obj
 .comment       0x00000057       0x58 CMakeFiles/testproject.dir/home/pi/pico/pico-sdk/src/rp2_common/pico_stdio_uart/stdio_uart.c.obj
 .comment       0x00000057       0x58 CMakeFiles/testproject.dir/home/pi/pico/pico-sdk/src/rp2_common/hardware_pio/pio.c.obj
 .comment       0x00000057       0x57 /usr/lib/gcc/arm-none-eabi/7.3.1/../../../arm-none-eabi/lib/thumb/v6-m/libg.a(lib_a-impure.o)
                                 0x58 (size before relaxing)
 .comment       0x000000ae       0x58 /usr/lib/gcc/arm-none-eabi/7.3.1/../../../arm-none-eabi/lib/thumb/v6-m/libg.a(lib_a-rand.o)
 .comment       0x000000ae       0x58 /usr/lib/gcc/arm-none-eabi/7.3.1/../../../arm-none-eabi/lib/thumb/v6-m/libg.a(lib_a-strlen-stub.o)
 .comment       0x000000ae       0x58 /usr/lib/gcc/arm-none-eabi/7.3.1/thumb/v6-m/crtend.o

.debug_info     0x00000000    0x196af
 .debug_info    0x00000000     0x1618 CMakeFiles/testproject.dir/testproject.c.obj
 .debug_info    0x00001618     0x1194 CMakeFiles/testproject.dir/home/pi/pico/pico-sdk/src/rp2_common/hardware_gpio/gpio.c.obj
 .debug_info    0x000027ac      0x5d8 CMakeFiles/testproject.dir/home/pi/pico/pico-sdk/src/rp2_common/hardware_claim/claim.c.obj
 .debug_info    0x00002d84      0x1c6 CMakeFiles/testproject.dir/home/pi/pico/pico-sdk/src/rp2_common/pico_platform/platform.c.obj
 .debug_info    0x00002f4a      0x508 CMakeFiles/testproject.dir/home/pi/pico/pico-sdk/src/rp2_common/hardware_sync/sync.c.obj
 .debug_info    0x00003452      0xa11 CMakeFiles/testproject.dir/home/pi/pico/pico-sdk/src/rp2_common/hardware_uart/uart.c.obj
 .debug_info    0x00003e63     0x3aa1 CMakeFiles/testproject.dir/home/pi/pico/pico-sdk/src/common/pico_time/time.c.obj
 .debug_info    0x00007904      0xe63 CMakeFiles/testproject.dir/home/pi/pico/pico-sdk/src/rp2_common/hardware_timer/timer.c.obj
 .debug_info    0x00008767      0x1e8 CMakeFiles/testproject.dir/home/pi/pico/pico-sdk/src/common/pico_sync/lock_core.c.obj
 .debug_info    0x0000894f     0x1a8a CMakeFiles/testproject.dir/home/pi/pico/pico-sdk/src/common/pico_sync/mutex.c.obj
 .debug_info    0x0000a3d9     0x1842 CMakeFiles/testproject.dir/home/pi/pico/pico-sdk/src/common/pico_util/pheap.c.obj
 .debug_info    0x0000bc1b     0x11ce CMakeFiles/testproject.dir/home/pi/pico/pico-sdk/src/rp2_common/pico_runtime/runtime.c.obj
 .debug_info    0x0000cde9      0xd7a CMakeFiles/testproject.dir/home/pi/pico/pico-sdk/src/rp2_common/hardware_clocks/clocks.c.obj
 .debug_info    0x0000db63     0x15fe CMakeFiles/testproject.dir/home/pi/pico/pico-sdk/src/rp2_common/hardware_irq/irq.c.obj
 .debug_info    0x0000f161       0x26 CMakeFiles/testproject.dir/home/pi/pico/pico-sdk/src/rp2_common/hardware_irq/irq_handler_chain.S.obj
 .debug_info    0x0000f187      0x464 CMakeFiles/testproject.dir/home/pi/pico/pico-sdk/src/rp2_common/hardware_pll/pll.c.obj
 .debug_info    0x0000f5eb      0xc5d CMakeFiles/testproject.dir/home/pi/pico/pico-sdk/src/rp2_common/hardware_watchdog/watchdog.c.obj
 .debug_info    0x00010248      0x1b2 CMakeFiles/testproject.dir/home/pi/pico/pico-sdk/src/rp2_common/hardware_xosc/xosc.c.obj
 .debug_info    0x000103fa     0x1d4b CMakeFiles/testproject.dir/home/pi/pico/pico-sdk/src/rp2_common/pico_printf/printf.c.obj
 .debug_info    0x00012145       0x22 CMakeFiles/testproject.dir/home/pi/pico/pico-sdk/src/rp2_common/pico_bit_ops/bit_ops_aeabi.S.obj
 .debug_info    0x00012167      0x23e CMakeFiles/testproject.dir/home/pi/pico/pico-sdk/src/rp2_common/pico_bootrom/bootrom.c.obj
 .debug_info    0x000123a5       0x22 CMakeFiles/testproject.dir/home/pi/pico/pico-sdk/src/rp2_common/pico_divider/divider.S.obj
 .debug_info    0x000123c7       0x22 CMakeFiles/testproject.dir/home/pi/pico/pico-sdk/src/rp2_common/pico_double/double_aeabi.S.obj
 .debug_info    0x000123e9      0xab9 CMakeFiles/testproject.dir/home/pi/pico/pico-sdk/src/rp2_common/pico_double/double_init_rom.c.obj
 .debug_info    0x00012ea2       0x22 CMakeFiles/testproject.dir/home/pi/pico/pico-sdk/src/rp2_common/pico_double/double_v1_rom_shim.S.obj
 .debug_info    0x00012ec4       0x26 CMakeFiles/testproject.dir/home/pi/pico/pico-sdk/src/rp2_common/pico_int64_ops/pico_int64_ops_aeabi.S.obj
 .debug_info    0x00012eea       0x22 CMakeFiles/testproject.dir/home/pi/pico/pico-sdk/src/rp2_common/pico_float/float_aeabi.S.obj
 .debug_info    0x00012f0c      0xace CMakeFiles/testproject.dir/home/pi/pico/pico-sdk/src/rp2_common/pico_float/float_init_rom.c.obj
 .debug_info    0x000139da       0x22 CMakeFiles/testproject.dir/home/pi/pico/pico-sdk/src/rp2_common/pico_float/float_v1_rom_shim.S.obj
 .debug_info    0x000139fc       0x22 CMakeFiles/testproject.dir/home/pi/pico/pico-sdk/src/rp2_common/pico_mem_ops/mem_ops_aeabi.S.obj
 .debug_info    0x00013a1e       0x22 CMakeFiles/testproject.dir/home/pi/pico/pico-sdk/src/rp2_common/pico_standard_link/crt0.S.obj
 .debug_info    0x00013a40      0x2fa CMakeFiles/testproject.dir/home/pi/pico/pico-sdk/src/rp2_common/pico_standard_link/binary_info.c.obj
 .debug_info    0x00013d3a     0x18f5 CMakeFiles/testproject.dir/home/pi/pico/pico-sdk/src/rp2_common/pico_stdio/stdio.c.obj
 .debug_info    0x0001562f      0xb26 CMakeFiles/testproject.dir/home/pi/pico/pico-sdk/src/rp2_common/pico_stdio_uart/stdio_uart.c.obj
 .debug_info    0x00016155     0x1abd CMakeFiles/testproject.dir/home/pi/pico/pico-sdk/src/rp2_common/hardware_pio/pio.c.obj
 .debug_info    0x00017c12       0x26 /usr/lib/gcc/arm-none-eabi/7.3.1/thumb/v6-m/libgcc.a(_dvmd_tls.o)
 .debug_info    0x00017c38      0x8a9 /usr/lib/gcc/arm-none-eabi/7.3.1/../../../arm-none-eabi/lib/thumb/v6-m/libg.a(lib_a-impure.o)
 .debug_info    0x000184e1      0x8ec /usr/lib/gcc/arm-none-eabi/7.3.1/../../../arm-none-eabi/lib/thumb/v6-m/libg.a(lib_a-rand.o)
 .debug_info    0x00018dcd      0x8e2 /usr/lib/gcc/arm-none-eabi/7.3.1/../../../arm-none-eabi/lib/thumb/v6-m/libg.a(lib_a-strlen-stub.o)

.debug_abbrev   0x00000000     0x4c43
 .debug_abbrev  0x00000000      0x452 CMakeFiles/testproject.dir/testproject.c.obj
 .debug_abbrev  0x00000452      0x287 CMakeFiles/testproject.dir/home/pi/pico/pico-sdk/src/rp2_common/hardware_gpio/gpio.c.obj
 .debug_abbrev  0x000006d9      0x265 CMakeFiles/testproject.dir/home/pi/pico/pico-sdk/src/rp2_common/hardware_claim/claim.c.obj
 .debug_abbrev  0x0000093e       0xde CMakeFiles/testproject.dir/home/pi/pico/pico-sdk/src/rp2_common/pico_platform/platform.c.obj
 .debug_abbrev  0x00000a1c      0x1e8 CMakeFiles/testproject.dir/home/pi/pico/pico-sdk/src/rp2_common/hardware_sync/sync.c.obj
 .debug_abbrev  0x00000c04      0x29c CMakeFiles/testproject.dir/home/pi/pico/pico-sdk/src/rp2_common/hardware_uart/uart.c.obj
 .debug_abbrev  0x00000ea0      0x58b CMakeFiles/testproject.dir/home/pi/pico/pico-sdk/src/common/pico_time/time.c.obj
 .debug_abbrev  0x0000142b      0x320 CMakeFiles/testproject.dir/home/pi/pico/pico-sdk/src/rp2_common/hardware_timer/timer.c.obj
 .debug_abbrev  0x0000174b      0x12d CMakeFiles/testproject.dir/home/pi/pico/pico-sdk/src/common/pico_sync/lock_core.c.obj
 .debug_abbrev  0x00001878      0x325 CMakeFiles/testproject.dir/home/pi/pico/pico-sdk/src/common/pico_sync/mutex.c.obj
 .debug_abbrev  0x00001b9d      0x376 CMakeFiles/testproject.dir/home/pi/pico/pico-sdk/src/common/pico_util/pheap.c.obj
 .debug_abbrev  0x00001f13      0x421 CMakeFiles/testproject.dir/home/pi/pico/pico-sdk/src/rp2_common/pico_runtime/runtime.c.obj
 .debug_abbrev  0x00002334      0x35d CMakeFiles/testproject.dir/home/pi/pico/pico-sdk/src/rp2_common/hardware_clocks/clocks.c.obj
 .debug_abbrev  0x00002691      0x418 CMakeFiles/testproject.dir/home/pi/pico/pico-sdk/src/rp2_common/hardware_irq/irq.c.obj
 .debug_abbrev  0x00002aa9       0x14 CMakeFiles/testproject.dir/home/pi/pico/pico-sdk/src/rp2_common/hardware_irq/irq_handler_chain.S.obj
 .debug_abbrev  0x00002abd      0x1a0 CMakeFiles/testproject.dir/home/pi/pico/pico-sdk/src/rp2_common/hardware_pll/pll.c.obj
 .debug_abbrev  0x00002c5d      0x288 CMakeFiles/testproject.dir/home/pi/pico/pico-sdk/src/rp2_common/hardware_watchdog/watchdog.c.obj
 .debug_abbrev  0x00002ee5       0xec CMakeFiles/testproject.dir/home/pi/pico/pico-sdk/src/rp2_common/hardware_xosc/xosc.c.obj
 .debug_abbrev  0x00002fd1      0x402 CMakeFiles/testproject.dir/home/pi/pico/pico-sdk/src/rp2_common/pico_printf/printf.c.obj
 .debug_abbrev  0x000033d3       0x12 CMakeFiles/testproject.dir/home/pi/pico/pico-sdk/src/rp2_common/pico_bit_ops/bit_ops_aeabi.S.obj
 .debug_abbrev  0x000033e5      0x11e CMakeFiles/testproject.dir/home/pi/pico/pico-sdk/src/rp2_common/pico_bootrom/bootrom.c.obj
 .debug_abbrev  0x00003503       0x12 CMakeFiles/testproject.dir/home/pi/pico/pico-sdk/src/rp2_common/pico_divider/divider.S.obj
 .debug_abbrev  0x00003515       0x12 CMakeFiles/testproject.dir/home/pi/pico/pico-sdk/src/rp2_common/pico_double/double_aeabi.S.obj
 .debug_abbrev  0x00003527      0x278 CMakeFiles/testproject.dir/home/pi/pico/pico-sdk/src/rp2_common/pico_double/double_init_rom.c.obj
 .debug_abbrev  0x0000379f       0x12 CMakeFiles/testproject.dir/home/pi/pico/pico-sdk/src/rp2_common/pico_double/double_v1_rom_shim.S.obj
 .debug_abbrev  0x000037b1       0x14 CMakeFiles/testproject.dir/home/pi/pico/pico-sdk/src/rp2_common/pico_int64_ops/pico_int64_ops_aeabi.S.obj
 .debug_abbrev  0x000037c5       0x12 CMakeFiles/testproject.dir/home/pi/pico/pico-sdk/src/rp2_common/pico_float/float_aeabi.S.obj
 .debug_abbrev  0x000037d7      0x292 CMakeFiles/testproject.dir/home/pi/pico/pico-sdk/src/rp2_common/pico_float/float_init_rom.c.obj
 .debug_abbrev  0x00003a69       0x12 CMakeFiles/testproject.dir/home/pi/pico/pico-sdk/src/rp2_common/pico_float/float_v1_rom_shim.S.obj
 .debug_abbrev  0x00003a7b       0x12 CMakeFiles/testproject.dir/home/pi/pico/pico-sdk/src/rp2_common/pico_mem_ops/mem_ops_aeabi.S.obj
 .debug_abbrev  0x00003a8d       0x12 CMakeFiles/testproject.dir/home/pi/pico/pico-sdk/src/rp2_common/pico_standard_link/crt0.S.obj
 .debug_abbrev  0x00003a9f       0x9f CMakeFiles/testproject.dir/home/pi/pico/pico-sdk/src/rp2_common/pico_standard_link/binary_info.c.obj
 .debug_abbrev  0x00003b3e      0x4b6 CMakeFiles/testproject.dir/home/pi/pico/pico-sdk/src/rp2_common/pico_stdio/stdio.c.obj
 .debug_abbrev  0x00003ff4      0x36d CMakeFiles/testproject.dir/home/pi/pico/pico-sdk/src/rp2_common/pico_stdio_uart/stdio_uart.c.obj
 .debug_abbrev  0x00004361      0x3a3 CMakeFiles/testproject.dir/home/pi/pico/pico-sdk/src/rp2_common/hardware_pio/pio.c.obj
 .debug_abbrev  0x00004704       0x14 /usr/lib/gcc/arm-none-eabi/7.3.1/thumb/v6-m/libgcc.a(_dvmd_tls.o)
 .debug_abbrev  0x00004718      0x192 /usr/lib/gcc/arm-none-eabi/7.3.1/../../../arm-none-eabi/lib/thumb/v6-m/libg.a(lib_a-impure.o)
 .debug_abbrev  0x000048aa      0x1e1 /usr/lib/gcc/arm-none-eabi/7.3.1/../../../arm-none-eabi/lib/thumb/v6-m/libg.a(lib_a-rand.o)
 .debug_abbrev  0x00004a8b      0x1b8 /usr/lib/gcc/arm-none-eabi/7.3.1/../../../arm-none-eabi/lib/thumb/v6-m/libg.a(lib_a-strlen-stub.o)

.debug_loc      0x00000000     0xc4da
 .debug_loc     0x00000000      0x9f8 CMakeFiles/testproject.dir/testproject.c.obj
 .debug_loc     0x000009f8      0xd1a CMakeFiles/testproject.dir/home/pi/pico/pico-sdk/src/rp2_common/hardware_gpio/gpio.c.obj
 .debug_loc     0x00001712      0x371 CMakeFiles/testproject.dir/home/pi/pico/pico-sdk/src/rp2_common/hardware_claim/claim.c.obj
 .debug_loc     0x00001a83       0xcf CMakeFiles/testproject.dir/home/pi/pico/pico-sdk/src/rp2_common/pico_platform/platform.c.obj
 .debug_loc     0x00001b52      0x196 CMakeFiles/testproject.dir/home/pi/pico/pico-sdk/src/rp2_common/hardware_sync/sync.c.obj
 .debug_loc     0x00001ce8      0x457 CMakeFiles/testproject.dir/home/pi/pico/pico-sdk/src/rp2_common/hardware_uart/uart.c.obj
 .debug_loc     0x0000213f     0x235a CMakeFiles/testproject.dir/home/pi/pico/pico-sdk/src/common/pico_time/time.c.obj
 .debug_loc     0x00004499      0x59d CMakeFiles/testproject.dir/home/pi/pico/pico-sdk/src/rp2_common/hardware_timer/timer.c.obj
 .debug_loc     0x00004a36       0x56 CMakeFiles/testproject.dir/home/pi/pico/pico-sdk/src/common/pico_sync/lock_core.c.obj
 .debug_loc     0x00004a8c     0x100d CMakeFiles/testproject.dir/home/pi/pico/pico-sdk/src/common/pico_sync/mutex.c.obj
 .debug_loc     0x00005a99      0xfd7 CMakeFiles/testproject.dir/home/pi/pico/pico-sdk/src/common/pico_util/pheap.c.obj
 .debug_loc     0x00006a70      0x2e3 CMakeFiles/testproject.dir/home/pi/pico/pico-sdk/src/rp2_common/pico_runtime/runtime.c.obj
 .debug_loc     0x00006d53      0x66e CMakeFiles/testproject.dir/home/pi/pico/pico-sdk/src/rp2_common/hardware_clocks/clocks.c.obj
 .debug_loc     0x000073c1      0xc78 CMakeFiles/testproject.dir/home/pi/pico/pico-sdk/src/rp2_common/hardware_irq/irq.c.obj
 .debug_loc     0x00008039      0x28f CMakeFiles/testproject.dir/home/pi/pico/pico-sdk/src/rp2_common/hardware_pll/pll.c.obj
 .debug_loc     0x000082c8      0x252 CMakeFiles/testproject.dir/home/pi/pico/pico-sdk/src/rp2_common/hardware_watchdog/watchdog.c.obj
 .debug_loc     0x0000851a       0x35 CMakeFiles/testproject.dir/home/pi/pico/pico-sdk/src/rp2_common/hardware_xosc/xosc.c.obj
 .debug_loc     0x0000854f     0x1b4a CMakeFiles/testproject.dir/home/pi/pico/pico-sdk/src/rp2_common/pico_printf/printf.c.obj
 .debug_loc     0x0000a099      0x171 CMakeFiles/testproject.dir/home/pi/pico/pico-sdk/src/rp2_common/pico_bootrom/bootrom.c.obj
 .debug_loc     0x0000a20a       0x4f CMakeFiles/testproject.dir/home/pi/pico/pico-sdk/src/rp2_common/pico_double/double_init_rom.c.obj
 .debug_loc     0x0000a259       0x65 CMakeFiles/testproject.dir/home/pi/pico/pico-sdk/src/rp2_common/pico_float/float_init_rom.c.obj
 .debug_loc     0x0000a2be      0xa2c CMakeFiles/testproject.dir/home/pi/pico/pico-sdk/src/rp2_common/pico_stdio/stdio.c.obj
 .debug_loc     0x0000acea      0x444 CMakeFiles/testproject.dir/home/pi/pico/pico-sdk/src/rp2_common/pico_stdio_uart/stdio_uart.c.obj
 .debug_loc     0x0000b12e     0x12cc CMakeFiles/testproject.dir/home/pi/pico/pico-sdk/src/rp2_common/hardware_pio/pio.c.obj
 .debug_loc     0x0000c3fa       0x4c /usr/lib/gcc/arm-none-eabi/7.3.1/../../../arm-none-eabi/lib/thumb/v6-m/libg.a(lib_a-rand.o)
 .debug_loc     0x0000c446       0x94 /usr/lib/gcc/arm-none-eabi/7.3.1/../../../arm-none-eabi/lib/thumb/v6-m/libg.a(lib_a-strlen-stub.o)

.debug_aranges  0x00000000      0xed0
 .debug_aranges
                0x00000000       0x40 CMakeFiles/testproject.dir/testproject.c.obj
 .debug_aranges
                0x00000040       0xd8 CMakeFiles/testproject.dir/home/pi/pico/pico-sdk/src/rp2_common/hardware_gpio/gpio.c.obj
 .debug_aranges
                0x00000118       0x48 CMakeFiles/testproject.dir/home/pi/pico/pico-sdk/src/rp2_common/hardware_claim/claim.c.obj
 .debug_aranges
                0x00000160       0x28 CMakeFiles/testproject.dir/home/pi/pico/pico-sdk/src/rp2_common/pico_platform/platform.c.obj
 .debug_aranges
                0x00000188       0x58 CMakeFiles/testproject.dir/home/pi/pico/pico-sdk/src/rp2_common/hardware_sync/sync.c.obj
 .debug_aranges
                0x000001e0       0x40 CMakeFiles/testproject.dir/home/pi/pico/pico-sdk/src/rp2_common/hardware_uart/uart.c.obj
 .debug_aranges
                0x00000220       0xd0 CMakeFiles/testproject.dir/home/pi/pico/pico-sdk/src/common/pico_time/time.c.obj
 .debug_aranges
                0x000002f0       0x78 CMakeFiles/testproject.dir/home/pi/pico/pico-sdk/src/rp2_common/hardware_timer/timer.c.obj
 .debug_aranges
                0x00000368       0x20 CMakeFiles/testproject.dir/home/pi/pico/pico-sdk/src/common/pico_sync/lock_core.c.obj
 .debug_aranges
                0x00000388       0x88 CMakeFiles/testproject.dir/home/pi/pico/pico-sdk/src/common/pico_sync/mutex.c.obj
 .debug_aranges
                0x00000410       0x78 CMakeFiles/testproject.dir/home/pi/pico/pico-sdk/src/common/pico_util/pheap.c.obj
 .debug_aranges
                0x00000488       0x60 CMakeFiles/testproject.dir/home/pi/pico/pico-sdk/src/rp2_common/pico_runtime/runtime.c.obj
 .debug_aranges
                0x000004e8       0x70 CMakeFiles/testproject.dir/home/pi/pico/pico-sdk/src/rp2_common/hardware_clocks/clocks.c.obj
 .debug_aranges
                0x00000558       0x98 CMakeFiles/testproject.dir/home/pi/pico/pico-sdk/src/rp2_common/hardware_irq/irq.c.obj
 .debug_aranges
                0x000005f0       0x20 CMakeFiles/testproject.dir/home/pi/pico/pico-sdk/src/rp2_common/hardware_irq/irq_handler_chain.S.obj
 .debug_aranges
                0x00000610       0x28 CMakeFiles/testproject.dir/home/pi/pico/pico-sdk/src/rp2_common/hardware_pll/pll.c.obj
 .debug_aranges
                0x00000638       0x58 CMakeFiles/testproject.dir/home/pi/pico/pico-sdk/src/rp2_common/hardware_watchdog/watchdog.c.obj
 .debug_aranges
                0x00000690       0x30 CMakeFiles/testproject.dir/home/pi/pico/pico-sdk/src/rp2_common/hardware_xosc/xosc.c.obj
 .debug_aranges
                0x000006c0       0x90 CMakeFiles/testproject.dir/home/pi/pico/pico-sdk/src/rp2_common/pico_printf/printf.c.obj
 .debug_aranges
                0x00000750       0x68 CMakeFiles/testproject.dir/home/pi/pico/pico-sdk/src/rp2_common/pico_bit_ops/bit_ops_aeabi.S.obj
 .debug_aranges