Archive member included to satisfy reference by file (symbol)

/usr/lib/gcc/arm-none-eabi/7.3.1/thumb/v6-m/libgcc.a(_dvmd_tls.o)
                              CMakeFiles/displaytest.dir/home/pi/pico/pico-sdk/src/rp2_common/pico_divider/divider.S.obj (__aeabi_idiv0)
/usr/lib/gcc/arm-none-eabi/7.3.1/../../../arm-none-eabi/lib/thumb/v6-m/libg.a(lib_a-atexit.o)
                              /usr/lib/gcc/arm-none-eabi/7.3.1/../../../arm-none-eabi/lib/thumb/v6-m/crt0.o (atexit)
/usr/lib/gcc/arm-none-eabi/7.3.1/../../../arm-none-eabi/lib/thumb/v6-m/libg.a(lib_a-calloc.o)
                              CMakeFiles/displaytest.dir/home/pi/pico/pico-sdk/src/rp2_common/pico_malloc/pico_malloc.c.obj (calloc)
/usr/lib/gcc/arm-none-eabi/7.3.1/../../../arm-none-eabi/lib/thumb/v6-m/libg.a(lib_a-callocr.o)
                              /usr/lib/gcc/arm-none-eabi/7.3.1/../../../arm-none-eabi/lib/thumb/v6-m/libg.a(lib_a-calloc.o) (_calloc_r)
/usr/lib/gcc/arm-none-eabi/7.3.1/../../../arm-none-eabi/lib/thumb/v6-m/libg.a(lib_a-fini.o)
                              /usr/lib/gcc/arm-none-eabi/7.3.1/../../../arm-none-eabi/lib/thumb/v6-m/crt0.o (__libc_fini_array)
/usr/lib/gcc/arm-none-eabi/7.3.1/../../../arm-none-eabi/lib/thumb/v6-m/libg.a(lib_a-impure.o)
                              /usr/lib/gcc/arm-none-eabi/7.3.1/../../../arm-none-eabi/lib/thumb/v6-m/libg.a(lib_a-calloc.o) (_impure_ptr)
/usr/lib/gcc/arm-none-eabi/7.3.1/../../../arm-none-eabi/lib/thumb/v6-m/libg.a(lib_a-init.o)
                              /usr/lib/gcc/arm-none-eabi/7.3.1/../../../arm-none-eabi/lib/thumb/v6-m/crt0.o (__libc_init_array)
/usr/lib/gcc/arm-none-eabi/7.3.1/../../../arm-none-eabi/lib/thumb/v6-m/libg.a(lib_a-malloc.o)
                              CMakeFiles/displaytest.dir/home/pi/pico/pico-sdk/src/rp2_common/pico_malloc/pico_malloc.c.obj (malloc)
/usr/lib/gcc/arm-none-eabi/7.3.1/../../../arm-none-eabi/lib/thumb/v6-m/libg.a(lib_a-mallocr.o)
                              /usr/lib/gcc/arm-none-eabi/7.3.1/../../../arm-none-eabi/lib/thumb/v6-m/libg.a(lib_a-callocr.o) (_malloc_r)
/usr/lib/gcc/arm-none-eabi/7.3.1/../../../arm-none-eabi/lib/thumb/v6-m/libg.a(lib_a-mlock.o)
                              /usr/lib/gcc/arm-none-eabi/7.3.1/../../../arm-none-eabi/lib/thumb/v6-m/libg.a(lib_a-mallocr.o) (__malloc_lock)
/usr/lib/gcc/arm-none-eabi/7.3.1/../../../arm-none-eabi/lib/thumb/v6-m/libg.a(lib_a-sbrkr.o)
                              /usr/lib/gcc/arm-none-eabi/7.3.1/../../../arm-none-eabi/lib/thumb/v6-m/libg.a(lib_a-mallocr.o) (_sbrk_r)
/usr/lib/gcc/arm-none-eabi/7.3.1/../../../arm-none-eabi/lib/thumb/v6-m/libg.a(lib_a-strlen-stub.o)
                              CMakeFiles/displaytest.dir/home/pi/pico/pico-sdk/src/rp2_common/pico_stdio/stdio.c.obj (strlen)
/usr/lib/gcc/arm-none-eabi/7.3.1/../../../arm-none-eabi/lib/thumb/v6-m/libg.a(lib_a-__atexit.o)
                              /usr/lib/gcc/arm-none-eabi/7.3.1/../../../arm-none-eabi/lib/thumb/v6-m/libg.a(lib_a-atexit.o) (__register_exitproc)
/usr/lib/gcc/arm-none-eabi/7.3.1/../../../arm-none-eabi/lib/thumb/v6-m/libg.a(lib_a-freer.o)
                              /usr/lib/gcc/arm-none-eabi/7.3.1/../../../arm-none-eabi/lib/thumb/v6-m/libg.a(lib_a-malloc.o) (_free_r)
/usr/lib/gcc/arm-none-eabi/7.3.1/../../../arm-none-eabi/lib/thumb/v6-m/libg.a(lib_a-reent.o)
                              /usr/lib/gcc/arm-none-eabi/7.3.1/../../../arm-none-eabi/lib/thumb/v6-m/libg.a(lib_a-sbrkr.o) (errno)

Allocating common symbols
Common symbol       size              file

sf_table            0x100             CMakeFiles/displaytest.dir/home/pi/pico/pico-sdk/src/rp2_common/pico_float/float_init_rom.c.obj
errno               0x4               /usr/lib/gcc/arm-none-eabi/7.3.1/../../../arm-none-eabi/lib/thumb/v6-m/libg.a(lib_a-reent.o)
sd_table            0x100             CMakeFiles/displaytest.dir/home/pi/pico/pico-sdk/src/rp2_common/pico_double/double_init_rom.c.obj
uart_char_to_line_feed
                    0x4               CMakeFiles/displaytest.dir/home/pi/pico/pico-sdk/src/rp2_common/hardware_uart/uart.c.obj

Discarded input sections

 .text          0x00000000        0x0 /usr/lib/gcc/arm-none-eabi/7.3.1/thumb/v6-m/crti.o
 .data          0x00000000        0x0 /usr/lib/gcc/arm-none-eabi/7.3.1/thumb/v6-m/crti.o
 .bss           0x00000000        0x0 /usr/lib/gcc/arm-none-eabi/7.3.1/thumb/v6-m/crti.o
 .data          0x00000000        0x4 /usr/lib/gcc/arm-none-eabi/7.3.1/thumb/v6-m/crtbegin.o
 .fini_array    0x00000000        0x4 /usr/lib/gcc/arm-none-eabi/7.3.1/thumb/v6-m/crtbegin.o
 .text          0x00000000       0x6c /usr/lib/gcc/arm-none-eabi/7.3.1/../../../arm-none-eabi/lib/thumb/v6-m/crt0.o
 .data          0x00000000        0x0 /usr/lib/gcc/arm-none-eabi/7.3.1/../../../arm-none-eabi/lib/thumb/v6-m/crt0.o
 .bss           0x00000000        0x0 /usr/lib/gcc/arm-none-eabi/7.3.1/../../../arm-none-eabi/lib/thumb/v6-m/crt0.o
[...]
Memory Configuration

Name             Origin             Length             Attributes
FLASH            0x10000000         0x00200000         xr
RAM              0x20000000         0x00040000         xrw
SCRATCH_X        0x20040000         0x00001000         xrw
SCRATCH_Y        0x20041000         0x00001000         xrw
*default*        0x00000000         0xffffffff

Linker script and memory map

LOAD /usr/lib/gcc/arm-none-eabi/7.3.1/thumb/v6-m/crti.o
LOAD /usr/lib/gcc/arm-none-eabi/7.3.1/thumb/v6-m/crtbegin.o
LOAD /usr/lib/gcc/arm-none-eabi/7.3.1/../../../arm-none-eabi/lib/thumb/v6-m/crt0.o

.flash_begin    0x10000000        0x0
                0x10000000                __flash_binary_start = .

.boot2          0x10000000      0x100
                0x10000000                __boot2_start__ = .
 *(.boot2)
 .boot2         0x10000000      0x100 /tmp/ccS7l2iw.o
                0x10000100                __boot2_end__ = .
                0x00000001                ASSERT (((__boot2_end__ - __boot2_start__) == 0x100), ERROR: Pico second stage bootloader must be 256 bytes in size)

.text           0x10000100     0x3ed0
                0x10000100                __logical_binary_start = .
 *(.vectors)
 .vectors       0x10000100       0xd4 CMakeFiles/displaytest.dir/home/pi/pico/pico-sdk/src/rp2_common/pico_standard_link/crt0.S.obj
                0x10000100                __vectors
                0x10000100                __VECTOR_TABLE
                0x100001c0                isr_invalid
                0x100001c0                __default_isrs_start
                0x100001c2                isr_nmi
                0x100001c4                isr_hardfault
                0x100001c6                isr_svcall
                0x100001c8                isr_pendsv
                0x100001ca                isr_systick
                0x100001cc                isr_irq30
                0x100001cc                __unhandled_user_irq
                0x100001cc                isr_irq13
                0x100001cc                isr_irq27
                0x100001cc                isr_irq31
                0x100001cc                isr_irq5
                0x100001cc                isr_irq11
                0x100001cc                isr_irq23
                0x100001cc                isr_irq18
                0x100001cc                isr_irq28
                0x100001cc                isr_irq19
                0x100001cc                isr_irq0
                0x100001cc                isr_irq6
                0x100001cc                isr_irq22
                0x100001cc                isr_irq17
                0x100001cc                isr_irq14
                0x100001cc                isr_irq2
                0x100001cc                isr_irq10
                0x100001cc                isr_irq8
                0x100001cc                isr_irq24
                0x100001cc                isr_irq1
                0x100001cc                isr_irq7
                0x100001cc                isr_irq21
                0x100001cc                isr_irq20
                0x100001cc                isr_irq15
                0x100001cc                isr_irq25
                0x100001cc                isr_irq4
                0x100001cc                isr_irq16
                0x100001cc                isr_irq29
                0x100001cc                isr_irq26
                0x100001cc                __default_isrs_end
                0x100001cc                isr_irq3
                0x100001cc                isr_irq12
                0x100001cc                isr_irq9
                0x100001d2                unhandled_user_irq_num_in_r0
 *(.binary_info_header)
 .binary_info_header
                0x100001d4       0x14 CMakeFiles/displaytest.dir/home/pi/pico/pico-sdk/src/rp2_common/pico_standard_link/crt0.S.obj
                0x100001e8                __binary_info_header_end = .
 *(.reset)
 .reset         0x100001e8       0xa8 CMakeFiles/displaytest.dir/home/pi/pico/pico-sdk/src/rp2_common/pico_standard_link/crt0.S.obj
                0x100001e8                _entry_point
                0x10000266                __get_current_exception
 .reset         0x10000290       0x30 CMakeFiles/displaytest.dir/home/pi/pico/pico-sdk/src/rp2_common/pico_standard_link/binary_info.c.obj
 *(.init)
 .init          0x100002c0        0x4 /usr/lib/gcc/arm-none-eabi/7.3.1/thumb/v6-m/crti.o
                0x100002c0                _init
 *(EXCLUDE_FILE(*libm.a: *libc.a:*lib_a-mem*.o *libgcc.a:) .text*)
 .text          0x100002c4       0x98 /usr/lib/gcc/arm-none-eabi/7.3.1/thumb/v6-m/crtbegin.o
 .text.main     0x1000035c       0x14 CMakeFiles/displaytest.dir/displaytest.c.obj
                0x1000035c                main
 .text.gpio_set_function
                0x10000370       0x30 CMakeFiles/displaytest.dir/home/pi/pico/pico-sdk/src/rp2_common/hardware_gpio/gpio.c.obj
                0x10000370                gpio_set_function
 .text.hw_claim_lock
                0x100003a0       0x18 CMakeFiles/displaytest.dir/home/pi/pico/pico-sdk/src/rp2_common/hardware_claim/claim.c.obj
                0x100003a0                hw_claim_lock
 .text.hw_claim_unlock
                0x100003b8       0x14 CMakeFiles/displaytest.dir/home/pi/pico/pico-sdk/src/rp2_common/hardware_claim/claim.c.obj
                0x100003b8                hw_claim_unlock
 .text.hw_claim_or_assert
                0x100003cc       0x32 CMakeFiles/displaytest.dir/home/pi/pico/pico-sdk/src/rp2_common/hardware_claim/claim.c.obj
                0x100003cc                hw_claim_or_assert
 *fill*         0x100003fe        0x2 
 .text.running_on_fpga
                0x10000400       0x14 CMakeFiles/displaytest.dir/home/pi/pico/pico-sdk/src/rp2_common/pico_platform/platform.c.obj
                0x10000400                running_on_fpga
 .text.spin_locks_reset
                0x10000414       0x20 CMakeFiles/displaytest.dir/home/pi/pico/pico-sdk/src/rp2_common/hardware_sync/sync.c.obj
                0x10000414                spin_locks_reset
 .text.next_striped_spin_lock_num
                0x10000434       0x1c CMakeFiles/displaytest.dir/home/pi/pico/pico-sdk/src/rp2_common/hardware_sync/sync.c.obj
                0x10000434                next_striped_spin_lock_num
 .text.uart_set_baudrate
                0x10000450       0x5c CMakeFiles/displaytest.dir/home/pi/pico/pico-sdk/src/rp2_common/hardware_uart/uart.c.obj
                0x10000450                uart_set_baudrate
 .text.uart_set_translate_crlf
                0x100004ac       0x28 CMakeFiles/displaytest.dir/home/pi/pico/pico-sdk/src/rp2_common/hardware_uart/uart.c.obj
                0x100004ac                uart_set_translate_crlf
 .text.uart_init
                0x100004d4       0x84 CMakeFiles/displaytest.dir/home/pi/pico/pico-sdk/src/rp2_common/hardware_uart/uart.c.obj
                0x100004d4                uart_init
 .text.alarm_pool_post_alloc_init
                0x10000558       0x40 CMakeFiles/displaytest.dir/home/pi/pico/pico-sdk/src/common/pico_time/time.c.obj
 .text.timer_pool_entry_comparator
                0x10000598       0x7c CMakeFiles/displaytest.dir/home/pi/pico/pico-sdk/src/common/pico_time/time.c.obj
                0x10000598                timer_pool_entry_comparator
 .text.ph_add_child_node
                0x10000614       0xa4 CMakeFiles/displaytest.dir/home/pi/pico/pico-sdk/src/common/pico_time/time.c.obj
 .text.ph_merge_nodes
                0x100006b8       0x3a CMakeFiles/displaytest.dir/home/pi/pico/pico-sdk/src/common/pico_time/time.c.obj
 *fill*         0x100006f2        0x2 
 .text.add_alarm_under_lock
                0x100006f4      0x180 CMakeFiles/displaytest.dir/home/pi/pico/pico-sdk/src/common/pico_time/time.c.obj
 .text.alarm_pool_alarm_callback
                0x10000874      0x344 CMakeFiles/displaytest.dir/home/pi/pico/pico-sdk/src/common/pico_time/time.c.obj
 .text.alarm_pool_init_default
                0x10000bb8       0x38 CMakeFiles/displaytest.dir/home/pi/pico/pico-sdk/src/common/pico_time/time.c.obj
                0x10000bb8                alarm_pool_init_default
 .text.hardware_alarm_irq_handler
                0x10000bf0       0x8c CMakeFiles/displaytest.dir/home/pi/pico/pico-sdk/src/rp2_common/hardware_timer/timer.c.obj
 .text.hardware_alarm_claim
                0x10000c7c       0x18 CMakeFiles/displaytest.dir/home/pi/pico/pico-sdk/src/rp2_common/hardware_timer/timer.c.obj
                0x10000c7c                hardware_alarm_claim
 .text.time_us_64
                0x10000c94       0x18 CMakeFiles/displaytest.dir/home/pi/pico/pico-sdk/src/rp2_common/hardware_timer/timer.c.obj
                0x10000c94                time_us_64
 .text.hardware_alarm_set_callback
                0x10000cac       0x90 CMakeFiles/displaytest.dir/home/pi/pico/pico-sdk/src/rp2_common/hardware_timer/timer.c.obj
                0x10000cac                hardware_alarm_set_callback
 .text.hardware_alarm_set_target
                0x10000d3c       0xe8 CMakeFiles/displaytest.dir/home/pi/pico/pico-sdk/src/rp2_common/hardware_timer/timer.c.obj
                0x10000d3c                hardware_alarm_set_target
 .text.hardware_alarm_cancel
                0x10000e24       0x40 CMakeFiles/displaytest.dir/home/pi/pico/pico-sdk/src/rp2_common/hardware_timer/timer.c.obj
                0x10000e24                hardware_alarm_cancel
 .text.lock_init
                0x10000e64       0x10 CMakeFiles/displaytest.dir/home/pi/pico/pico-sdk/src/common/pico_sync/lock_core.c.obj
                0x10000e64                lock_init
 .text.mutex_init
                0x10000e74       0x1a CMakeFiles/displaytest.dir/home/pi/pico/pico-sdk/src/common/pico_sync/mutex.c.obj
                0x10000e74                mutex_init
 .text.recursive_mutex_init
                0x10000e8e       0x1e CMakeFiles/displaytest.dir/home/pi/pico/pico-sdk/src/common/pico_sync/mutex.c.obj
                0x10000e8e                recursive_mutex_init
 .text.ph_add_child_node
                0x10000eac       0xa4 CMakeFiles/displaytest.dir/home/pi/pico/pico-sdk/src/common/pico_util/pheap.c.obj
 .text.ph_merge_nodes
                0x10000f50       0x3a CMakeFiles/displaytest.dir/home/pi/pico/pico-sdk/src/common/pico_util/pheap.c.obj
 *fill*         0x10000f8a        0x2 
 .text.ph_clear
                0x10000f8c       0x70 CMakeFiles/displaytest.dir/home/pi/pico/pico-sdk/src/common/pico_util/pheap.c.obj
                0x10000f8c                ph_clear
 .text.ph_post_alloc_init
                0x10000ffc        0xe CMakeFiles/displaytest.dir/home/pi/pico/pico-sdk/src/common/pico_util/pheap.c.obj
                0x10000ffc                ph_post_alloc_init
 *fill*         0x1000100a        0x2 
 .text.ph_merge_two_pass
                0x1000100c       0xac CMakeFiles/displaytest.dir/home/pi/pico/pico-sdk/src/common/pico_util/pheap.c.obj
                0x1000100c                ph_merge_two_pass
 .text.ph_remove_any_head
                0x100010b8      0x108 CMakeFiles/displaytest.dir/home/pi/pico/pico-sdk/src/common/pico_util/pheap.c.obj
 .text.ph_remove_head
                0x100011c0       0x14 CMakeFiles/displaytest.dir/home/pi/pico/pico-sdk/src/common/pico_util/pheap.c.obj
                0x100011c0                ph_remove_head
 .text.ph_remove_and_free_node
                0x100011d4       0xf8 CMakeFiles/displaytest.dir/home/pi/pico/pico-sdk/src/common/pico_util/pheap.c.obj
                0x100011d4                ph_remove_and_free_node
 .text._exit    0x100012cc        0x4 CMakeFiles/displaytest.dir/home/pi/pico/pico-sdk/src/rp2_common/pico_runtime/runtime.c.obj
                0x100012cc                _exit
 .text.exit     0x100012d0        0x6 CMakeFiles/displaytest.dir/home/pi/pico/pico-sdk/src/rp2_common/pico_runtime/runtime.c.obj
                0x100012d0                exit
 *fill*         0x100012d6        0x2 
 .text.__assert_func
                0x100012d8       0x3c CMakeFiles/displaytest.dir/home/pi/pico/pico-sdk/src/rp2_common/pico_runtime/runtime.c.obj
                0x100012d8                __assert_func
 .text.runtime_init
                0x10001314       0xf8 CMakeFiles/displaytest.dir/home/pi/pico/pico-sdk/src/rp2_common/pico_runtime/runtime.c.obj
                0x10001314                runtime_init
 .text.panic    0x1000140c       0x30 CMakeFiles/displaytest.dir/home/pi/pico/pico-sdk/src/rp2_common/pico_runtime/runtime.c.obj
                0x1000140c                panic
 .text.clock_configure
                0x1000143c       0xfc CMakeFiles/displaytest.dir/home/pi/pico/pico-sdk/src/rp2_common/hardware_clocks/clocks.c.obj
                0x1000143c                clock_configure
 .text.clocks_init
                0x10001538      0x100 CMakeFiles/displaytest.dir/home/pi/pico/pico-sdk/src/rp2_common/hardware_clocks/clocks.c.obj
                0x10001538                clocks_init
 .text.clock_get_hz
                0x10001638        0xc CMakeFiles/displaytest.dir/home/pi/pico/pico-sdk/src/rp2_common/hardware_clocks/clocks.c.obj
                0x10001638                clock_get_hz
 .text.set_raw_irq_handler_and_unlock
                0x10001644       0x28 CMakeFiles/displaytest.dir/home/pi/pico/pico-sdk/src/rp2_common/hardware_irq/irq.c.obj
 .text.make_branch
                0x1000166c       0x34 CMakeFiles/displaytest.dir/home/pi/pico/pico-sdk/src/rp2_common/hardware_irq/irq.c.obj
 .text.insert_branch_and_link
                0x100016a0       0x40 CMakeFiles/displaytest.dir/home/pi/pico/pico-sdk/src/rp2_common/hardware_irq/irq.c.obj
 .text.irq_is_enabled
                0x100016e0       0x18 CMakeFiles/displaytest.dir/home/pi/pico/pico-sdk/src/rp2_common/hardware_irq/irq.c.obj
                0x100016e0                irq_is_enabled
 .text.irq_set_mask_enabled
                0x100016f8       0x20 CMakeFiles/displaytest.dir/home/pi/pico/pico-sdk/src/rp2_common/hardware_irq/irq.c.obj
                0x100016f8                irq_set_mask_enabled
 .text.irq_set_enabled
                0x10001718        0xe CMakeFiles/displaytest.dir/home/pi/pico/pico-sdk/src/rp2_common/hardware_irq/irq.c.obj
                0x10001718                irq_set_enabled
 *fill*         0x10001726        0x2 
 .text.irq_get_vtable_handler
                0x10001728       0x10 CMakeFiles/displaytest.dir/home/pi/pico/pico-sdk/src/rp2_common/hardware_irq/irq.c.obj
                0x10001728                irq_get_vtable_handler
 .text.irq_set_exclusive_handler
                0x10001738       0x54 CMakeFiles/displaytest.dir/home/pi/pico/pico-sdk/src/rp2_common/hardware_irq/irq.c.obj
                0x10001738                irq_set_exclusive_handler
 .text.irq_remove_handler
                0x1000178c      0x1b4 CMakeFiles/displaytest.dir/home/pi/pico/pico-sdk/src/rp2_common/hardware_irq/irq.c.obj
                0x1000178c                irq_remove_handler
 .text.irq_add_tail_to_free_list
                0x10001940       0xf0 CMakeFiles/displaytest.dir/home/pi/pico/pico-sdk/src/rp2_common/hardware_irq/irq.c.obj
                0x10001940                irq_add_tail_to_free_list
 .text.irq_init_priorities
                0x10001a30       0x1c CMakeFiles/displaytest.dir/home/pi/pico/pico-sdk/src/rp2_common/hardware_irq/irq.c.obj
                0x10001a30                irq_init_priorities
 .text.pll_init
                0x10001a4c      0x118 CMakeFiles/displaytest.dir/home/pi/pico/pico-sdk/src/rp2_common/hardware_pll/pll.c.obj
                0x10001a4c                pll_init
 .text.watchdog_start_tick
                0x10001b64       0x10 CMakeFiles/displaytest.dir/home/pi/pico/pico-sdk/src/rp2_common/hardware_watchdog/watchdog.c.obj
                0x10001b64                watchdog_start_tick
 .text.xosc_init
                0x10001b74       0x28 CMakeFiles/displaytest.dir/home/pi/pico/pico-sdk/src/rp2_common/hardware_xosc/xosc.c.obj
                0x10001b74                xosc_init
 .text._out_null
                0x10001b9c        0x2 CMakeFiles/displaytest.dir/home/pi/pico/pico-sdk/src/rp2_common/pico_printf/printf.c.obj
 .text._out_fct
                0x10001b9e        0xe CMakeFiles/displaytest.dir/home/pi/pico/pico-sdk/src/rp2_common/pico_printf/printf.c.obj
 .text._atoi    0x10001bac       0x24 CMakeFiles/displaytest.dir/home/pi/pico/pico-sdk/src/rp2_common/pico_printf/printf.c.obj
 .text._out_rev
                0x10001bd0       0x8c CMakeFiles/displaytest.dir/home/pi/pico/pico-sdk/src/rp2_common/pico_printf/printf.c.obj
 .text._ntoa_format
                0x10001c5c      0x112 CMakeFiles/displaytest.dir/home/pi/pico/pico-sdk/src/rp2_common/pico_printf/printf.c.obj
 .text._ntoa_long
                0x10001d6e       0x9e CMakeFiles/displaytest.dir/home/pi/pico/pico-sdk/src/rp2_common/pico_printf/printf.c.obj
 .text._ntoa_long_long
                0x10001e0c       0xe2 CMakeFiles/displaytest.dir/home/pi/pico/pico-sdk/src/rp2_common/pico_printf/printf.c.obj
 *fill*         0x10001eee        0x2 
 .text._etoa    0x10001ef0      0x424 CMakeFiles/displaytest.dir/home/pi/pico/pico-sdk/src/rp2_common/pico_printf/printf.c.obj
 .text._ftoa    0x10002314      0x340 CMakeFiles/displaytest.dir/home/pi/pico/pico-sdk/src/rp2_common/pico_printf/printf.c.obj
 .text._vsnprintf
                0x10002654      0x640 CMakeFiles/displaytest.dir/home/pi/pico/pico-sdk/src/rp2_common/pico_printf/printf.c.obj
 .text.vfctprintf
                0x10002c94       0x20 CMakeFiles/displaytest.dir/home/pi/pico/pico-sdk/src/rp2_common/pico_printf/printf.c.obj
                0x10002c94                vfctprintf
 .text          0x10002cb4       0x10 CMakeFiles/displaytest.dir/home/pi/pico/pico-sdk/src/rp2_common/pico_bit_ops/bit_ops_aeabi.S.obj
 .text.rom_func_lookup
                0x10002cc4       0x10 CMakeFiles/displaytest.dir/home/pi/pico/pico-sdk/src/rp2_common/pico_bootrom/bootrom.c.obj
                0x10002cc4                rom_func_lookup
 .text.rom_data_lookup
                0x10002cd4       0x10 CMakeFiles/displaytest.dir/home/pi/pico/pico-sdk/src/rp2_common/pico_bootrom/bootrom.c.obj
                0x10002cd4                rom_data_lookup
 .text.rom_funcs_lookup
                0x10002ce4       0x36 CMakeFiles/displaytest.dir/home/pi/pico/pico-sdk/src/rp2_common/pico_bootrom/bootrom.c.obj
                0x10002ce4                rom_funcs_lookup
 *fill*         0x10002d1a        0x2 
 .text.__wrap___aeabi_idiv
                0x10002d1c       0x50 CMakeFiles/displaytest.dir/home/pi/pico/pico-sdk/src/rp2_common/pico_divider/divider.S.obj
                0x10002d1c                __wrap___aeabi_idivmod
                0x10002d1c                divmod_s32s32
                0x10002d1c                div_s32s32
                0x10002d1c                __wrap___aeabi_idiv
                0x10002d24                divmod_s32s32_unsafe
                0x10002d50                divmod_s32s32_savestate
 .text.__wrap___aeabi_uidiv
                0x10002d6c       0x4c CMakeFiles/displaytest.dir/home/pi/pico/pico-sdk/src/rp2_common/pico_divider/divider.S.obj
                0x10002d6c                __wrap___aeabi_uidiv
                0x10002d6c                __wrap___aeabi_uidivmod
                0x10002d6c                div_u32u32
                0x10002d6c                divmod_u32u32
                0x10002d74                divmod_u32u32_unsafe
                0x10002d9c                divmod_u32u32_savestate
 .text.__wrap___aeabi_ldiv
                0x10002db8      0x434 CMakeFiles/displaytest.dir/home/pi/pico/pico-sdk/src/rp2_common/pico_divider/divider.S.obj
                0x10002db8                div_s64s64
                0x10002db8                divmod_s64s64
                0x10002db8                __wrap___aeabi_ldivmod
                0x10002df0                div_u64u64
                0x10002df0                divmod_u64u64
                0x10002df0                __wrap___aeabi_uldivmod
                0x10002e00                divmod_u64u64_savestate
                0x10002e28                divmod_s64s64_unsafe
                0x10002eb0                divmod_u64u64_unsafe
 .text.__wrap___aeabi_darithmetic
                0x100031ec       0x80 CMakeFiles/displaytest.dir/home/pi/pico/pico-sdk/src/rp2_common/pico_double/double_aeabi.S.obj
                0x100031ec                __wrap___aeabi_drsub
                0x100031f2                __wrap___aeabi_dsub
                0x10003204                __wrap___aeabi_dadd
                0x10003216                __wrap___aeabi_ddiv
                0x10003252                __wrap___aeabi_dmul
 .text.__wrap___aeabi_cdcmple
                0x1000326c       0x6c CMakeFiles/displaytest.dir/home/pi/pico/pico-sdk/src/rp2_common/pico_double/double_aeabi.S.obj
                0x1000326c                __wrap___aeabi_cdrcmple
                0x1000327c                __wrap___aeabi_cdcmple
                0x1000327c                __wrap___aeabi_cdcmpeq
 .text.__wrap___aeabi_dcmplt
                0x100032d8        0xc CMakeFiles/displaytest.dir/home/pi/pico/pico-sdk/src/rp2_common/pico_double/double_aeabi.S.obj
                0x100032d8                __wrap___aeabi_dcmplt
 .text.__wrap___aeabi_dcmple
                0x100032e4       0x10 CMakeFiles/displaytest.dir/home/pi/pico/pico-sdk/src/rp2_common/pico_double/double_aeabi.S.obj
                0x100032e4                __wrap___aeabi_dcmple
 .text.__wrap___aeabi_dcmpge
                0x100032f4       0x10 CMakeFiles/displaytest.dir/home/pi/pico/pico-sdk/src/rp2_common/pico_double/double_aeabi.S.obj
                0x100032f4                __wrap___aeabi_dcmpge
 .text.__wrap___aeabi_dcmpgt
                0x10003304        0xa CMakeFiles/displaytest.dir/home/pi/pico/pico-sdk/src/rp2_common/pico_double/double_aeabi.S.obj
                0x10003304                __wrap___aeabi_dcmpgt
 .text.__wrap___aeabi_dcmpun
                0x1000330e       0x1c CMakeFiles/displaytest.dir/home/pi/pico/pico-sdk/src/rp2_common/pico_double/double_aeabi.S.obj
                0x1000330e                __wrap___aeabi_dcmpun
 *fill*         0x1000332a        0x2 
 .text.__wrap___aeabi_i2d
                0x1000332c       0x38 CMakeFiles/displaytest.dir/home/pi/pico/pico-sdk/src/rp2_common/pico_double/double_aeabi.S.obj
                0x1000332c                __wrap___aeabi_ui2d
                0x10003334                __wrap___aeabi_i2d
 .text.__wrap___aeabi_d2iz
                0x10003364       0x48 CMakeFiles/displaytest.dir/home/pi/pico/pico-sdk/src/rp2_common/pico_double/double_aeabi.S.obj
                0x10003364                __wrap___aeabi_d2iz
                0x10003364                double2int_z
 .text.__wrap___aeabi_d2uiz
                0x100033ac       0x18 CMakeFiles/displaytest.dir/home/pi/pico/pico-sdk/src/rp2_common/pico_double/double_aeabi.S.obj
                0x100033ac                double2uint
                0x100033ac                __wrap___aeabi_d2uiz
 .text.__aeabi_double_init
                0x100033c4       0xc8 CMakeFiles/displaytest.dir/home/pi/pico/pico-sdk/src/rp2_common/pico_double/double_init_rom.c.obj
                0x100033c4                __aeabi_double_init
 .text.double_table_shim_on_use_helper
                0x1000348c       0x34 CMakeFiles/displaytest.dir/home/pi/pico/pico-sdk/src/rp2_common/pico_double/double_v1_rom_shim.S.obj
                0x1000348c                double_table_shim_on_use_helper
 .text.__wrap___aeabi_dsub
                0x100034c0       0x10 CMakeFiles/displaytest.dir/home/pi/pico/pico-sdk/src/rp2_common/pico_double/double_v1_rom_shim.S.obj
                0x100034c0                drsub_shim
                0x100034c6                dsub_shim
 .text.dadd_shim
                0x100034d0      0x15c CMakeFiles/displaytest.dir/home/pi/pico/pico-sdk/src/rp2_common/pico_double/double_v1_rom_shim.S.obj
                0x100034d0                dadd_shim
 .text.dmul_shim
                0x1000362c      0x15c CMakeFiles/displaytest.dir/home/pi/pico/pico-sdk/src/rp2_common/pico_double/double_v1_rom_shim.S.obj
                0x1000362c                dmul_shim
 .text.ddiv_shim
                0x10003788      0x1b0 CMakeFiles/displaytest.dir/home/pi/pico/pico-sdk/src/rp2_common/pico_double/double_v1_rom_shim.S.obj
                0x10003788                ddiv_shim
 .text.double2uint_shim
                0x10003938        0xe CMakeFiles/displaytest.dir/home/pi/pico/pico-sdk/src/rp2_common/pico_double/double_v1_rom_shim.S.obj
                0x10003938                double2uint_shim
                0x1000393a                double2ufix_shim
 *fill*         0x10003946        0x2 
 .text.double2uint64_shim
                0x10003948       0x70 CMakeFiles/displaytest.dir/home/pi/pico/pico-sdk/src/rp2_common/pico_double/double_v1_rom_shim.S.obj
                0x10003948                double2uint64_shim
                0x1000394a                double2ufix64_shim
                0x1000396a                d2fix_a
 .text.dunpacks
                0x100039b8       0x3c CMakeFiles/displaytest.dir/home/pi/pico/pico-sdk/src/rp2_common/pico_double/double_v1_rom_shim.S.obj
                0x100039b8                dunpacks
 .text.__aeabi_float_init
                0x100039f4       0xfc CMakeFiles/displaytest.dir/home/pi/pico/pico-sdk/src/rp2_common/pico_float/float_init_rom.c.obj
                0x100039f4                __aeabi_float_init
 .text.float_table_shim_on_use_helper
                0x10003af0       0x34 CMakeFiles/displaytest.dir/home/pi/pico/pico-sdk/src/rp2_common/pico_float/float_v1_rom_shim.S.obj
                0x10003af0                float_table_shim_on_use_helper
 .text          0x10003b24       0x10 CMakeFiles/displaytest.dir/home/pi/pico/pico-sdk/src/rp2_common/pico_mem_ops/mem_ops_aeabi.S.obj
                0x10003b24                __aeabi_mem_init
 .text.memset   0x10003b34        0xc CMakeFiles/displaytest.dir/home/pi/pico/pico-sdk/src/rp2_common/pico_mem_ops/mem_ops_aeabi.S.obj
                0x10003b34                __wrap_memset
 .text.memcpy   0x10003b40        0xc CMakeFiles/displaytest.dir/home/pi/pico/pico-sdk/src/rp2_common/pico_mem_ops/mem_ops_aeabi.S.obj
                0x10003b40                __wrap___aeabi_memcpy
                0x10003b40                __wrap_memcpy
 .text.stdio_out_chars_no_crlf
                0x10003b4c        0xe CMakeFiles/displaytest.dir/home/pi/pico/pico-sdk/src/rp2_common/pico_stdio/stdio.c.obj
 *fill*         0x10003b5a        0x2 
 .text.stdio_out_chars_crlf
                0x10003b5c       0x80 CMakeFiles/displaytest.dir/home/pi/pico/pico-sdk/src/rp2_common/pico_stdio/stdio.c.obj
 .text.stdio_stack_buffer_flush
                0x10003bdc       0x44 CMakeFiles/displaytest.dir/home/pi/pico/pico-sdk/src/rp2_common/pico_stdio/stdio.c.obj
 .text.stdio_buffered_printer
                0x10003c20       0x20 CMakeFiles/displaytest.dir/home/pi/pico/pico-sdk/src/rp2_common/pico_stdio/stdio.c.obj
 .text.stdout_serialize_begin
                0x10003c40       0x30 CMakeFiles/displaytest.dir/home/pi/pico/pico-sdk/src/rp2_common/pico_stdio/stdio.c.obj
                0x10003c40                stdout_serialize_begin
 .text.stdout_serialize_end
                0x10003c70       0x10 CMakeFiles/displaytest.dir/home/pi/pico/pico-sdk/src/rp2_common/pico_stdio/stdio.c.obj
                0x10003c70                stdout_serialize_end
 .text.stdio_put_string
                0x10003c80       0x94 CMakeFiles/displaytest.dir/home/pi/pico/pico-sdk/src/rp2_common/pico_stdio/stdio.c.obj
 .text.stdio_set_driver_enabled
                0x10003d14       0x38 CMakeFiles/displaytest.dir/home/pi/pico/pico-sdk/src/rp2_common/pico_stdio/stdio.c.obj
                0x10003d14                stdio_set_driver_enabled
 .text.stdio_flush
                0x10003d4c       0x20 CMakeFiles/displaytest.dir/home/pi/pico/pico-sdk/src/rp2_common/pico_stdio/stdio.c.obj
                0x10003d4c                stdio_flush
 .text.__wrap_puts
                0x10003d6c       0x1e CMakeFiles/displaytest.dir/home/pi/pico/pico-sdk/src/rp2_common/pico_stdio/stdio.c.obj
                0x10003d6c                __wrap_puts
 *fill*         0x10003d8a        0x2 
 .text.__wrap_vprintf
                0x10003d8c       0x44 CMakeFiles/displaytest.dir/home/pi/pico/pico-sdk/src/rp2_common/pico_stdio/stdio.c.obj
                0x10003d8c                __wrap_vprintf
 .text.__wrap_printf
                0x10003dd0       0x18 CMakeFiles/displaytest.dir/home/pi/pico/pico-sdk/src/rp2_common/pico_stdio/stdio.c.obj
                0x10003dd0                __wrap_printf
 .text.stdio_init_all
                0x10003de8        0x8 CMakeFiles/displaytest.dir/home/pi/pico/pico-sdk/src/rp2_common/pico_stdio/stdio.c.obj
                0x10003de8                stdio_init_all
 .text.stdio_uart_out_chars
                0x10003df0       0x70 CMakeFiles/displaytest.dir/home/pi/pico/pico-sdk/src/rp2_common/pico_stdio_uart/stdio_uart.c.obj
 .text.stdio_uart_in_chars
                0x10003e60       0x50 CMakeFiles/displaytest.dir/home/pi/pico/pico-sdk/src/rp2_common/pico_stdio_uart/stdio_uart.c.obj
                0x10003e60                stdio_uart_in_chars
 .text.stdio_uart_init_full
                0x10003eb0       0x3c CMakeFiles/displaytest.dir/home/pi/pico/pico-sdk/src/rp2_common/pico_stdio_uart/stdio_uart.c.obj
                0x10003eb0                stdio_uart_init_full
 .text.stdio_uart_init
                0x10003eec       0x28 CMakeFiles/displaytest.dir/home/pi/pico/pico-sdk/src/rp2_common/pico_stdio_uart/stdio_uart.c.obj
                0x10003eec                stdio_uart_init
 .text          0x10003f14       0x64 /usr/lib/gcc/arm-none-eabi/7.3.1/../../../arm-none-eabi/lib/thumb/v6-m/libg.a(lib_a-strlen-stub.o)
                0x10003f14                strlen
 *(.fini)
 .fini          0x10003f78        0x4 /usr/lib/gcc/arm-none-eabi/7.3.1/thumb/v6-m/crti.o
                0x10003f78                _fini
 *fill*         0x10003f7c        0x4 
 .fini.__stub   0x10003f80       0x50 linker stubs
 *crtbegin.o(.ctors)
 *crtbegin?.o(.ctors)
 *(EXCLUDE_FILE(*crtend.o *crtend?.o) .ctors)
 *(SORT_BY_NAME(.ctors.*))
 *(.ctors)
 *crtbegin.o(.dtors)
 *crtbegin?.o(.dtors)
 *(EXCLUDE_FILE(*crtend.o *crtend?.o) .dtors)
 *(SORT_BY_NAME(.dtors.*))
 *(.dtors)
 *(.eh_frame*)
 .eh_frame      0x10003fd0        0x0 /usr/lib/gcc/arm-none-eabi/7.3.1/thumb/v6-m/crtbegin.o
                0x10003fd0                . = ALIGN (0x4)

.glue_7         0x10003fd0        0x0
 .glue_7        0x10003fd0        0x0 linker stubs

.glue_7t        0x10003fd0        0x0
 .glue_7t       0x10003fd0        0x0 linker stubs

.vfp11_veneer   0x10003fd0        0x0
 .vfp11_veneer  0x10003fd0        0x0 linker stubs

.v4_bx          0x10003fd0        0x0
 .v4_bx         0x10003fd0        0x0 linker stubs

.iplt           0x10003fd0        0x0
 .iplt          0x10003fd0        0x0 /usr/lib/gcc/arm-none-eabi/7.3.1/thumb/v6-m/crtbegin.o

.rodata         0x10003fd0      0xd9c
 *(EXCLUDE_FILE(*libm.a: *libc.a:*lib_a-mem*.o *libgcc.a:) .rodata*)
 .rodata.main.str1.4
                0x10003fd0        0xe CMakeFiles/displaytest.dir/displaytest.c.obj
 *fill*         0x10003fde        0x2 
 .rodata.__func__.5648
                0x10003fe0       0x15 CMakeFiles/displaytest.dir/home/pi/pico/pico-sdk/src/common/pico_time/time.c.obj
 *fill*         0x10003ff5        0x3 
 .rodata.__func__.5954
                0x10003ff8        0xc CMakeFiles/displaytest.dir/home/pi/pico/pico-sdk/src/common/pico_time/time.c.obj
 .rodata.__func__.5961
                0x10004004       0x12 CMakeFiles/displaytest.dir/home/pi/pico/pico-sdk/src/common/pico_time/time.c.obj
 *fill*         0x10004016        0x2 
 .rodata.__func__.5977
                0x10004018        0xf CMakeFiles/displaytest.dir/home/pi/pico/pico-sdk/src/common/pico_time/time.c.obj
 *fill*         0x10004027        0x1 
 .rodata.__func__.5999
                0x10004028        0xd CMakeFiles/displaytest.dir/home/pi/pico/pico-sdk/src/common/pico_time/time.c.obj
 *fill*         0x10004035        0x3 
 .rodata.__func__.6223
                0x10004038        0xa CMakeFiles/displaytest.dir/home/pi/pico/pico-sdk/src/common/pico_time/time.c.obj
 *fill*         0x10004042        0x2 
 .rodata.__func__.6228
                0x10004044       0x12 CMakeFiles/displaytest.dir/home/pi/pico/pico-sdk/src/common/pico_time/time.c.obj
 *fill*         0x10004056        0x2 
 .rodata.__func__.6254
                0x10004058       0x15 CMakeFiles/displaytest.dir/home/pi/pico/pico-sdk/src/common/pico_time/time.c.obj
 *fill*         0x1000406d        0x3 
 .rodata.__func__.6271
                0x10004070       0x1a CMakeFiles/displaytest.dir/home/pi/pico/pico-sdk/src/common/pico_time/time.c.obj
 *fill*         0x1000408a        0x2 
 .rodata.add_alarm_under_lock.str1.4
                0x1000408c       0x28 CMakeFiles/displaytest.dir/home/pi/pico/pico-sdk/src/common/pico_time/time.c.obj
                                 0x2b (size before relaxing)
 .rodata.alarm_pool_alarm_callback.str1.4
                0x100040b4       0xe2 CMakeFiles/displaytest.dir/home/pi/pico/pico-sdk/src/common/pico_time/time.c.obj
 *fill*         0x10004196        0x2 
 .rodata.alarm_pool_dump_key.str1.4
                0x10004198       0x33 CMakeFiles/displaytest.dir/home/pi/pico/pico-sdk/src/common/pico_time/time.c.obj
 *fill*         0x100041cb        0x1 
 .rodata.ph_add_child_node.str1.4
                0x100041cc       0x92 CMakeFiles/displaytest.dir/home/pi/pico/pico-sdk/src/common/pico_time/time.c.obj
 *fill*         0x1000425e        0x2 
 .rodata.repeating_timer_callback.str1.4
                0x10004260       0x47 CMakeFiles/displaytest.dir/home/pi/pico/pico-sdk/src/common/pico_time/time.c.obj
 *fill*         0x100042a7        0x1 
 .rodata.__func__.4519
                0x100042a8       0x1a CMakeFiles/displaytest.dir/home/pi/pico/pico-sdk/src/rp2_common/hardware_timer/timer.c.obj
 *fill*         0x100042c2        0x2 
 .rodata.hardware_alarm_claim.str1.4
                0x100042c4       0x22 CMakeFiles/displaytest.dir/home/pi/pico/pico-sdk/src/rp2_common/hardware_timer/timer.c.obj
 *fill*         0x100042e6        0x2 
 .rodata.hardware_alarm_set_target.str1.4
                0x100042e8       0x61 CMakeFiles/displaytest.dir/home/pi/pico/pico-sdk/src/rp2_common/hardware_timer/timer.c.obj
 *fill*         0x10004349        0x3 
 .rodata.__func__.4660
                0x1000434c        0xb CMakeFiles/displaytest.dir/home/pi/pico/pico-sdk/src/common/pico_sync/mutex.c.obj
 *fill*         0x10004357        0x1 
 .rodata.str1.4
                0x10004358       0x85 CMakeFiles/displaytest.dir/home/pi/pico/pico-sdk/src/common/pico_sync/mutex.c.obj
                                 0xe5 (size before relaxing)
 *fill*         0x100043dd        0x3 
 .rodata.__func__.5655
                0x100043e0        0xc CMakeFiles/displaytest.dir/home/pi/pico/pico-sdk/src/common/pico_util/pheap.c.obj
 .rodata.__func__.5662
                0x100043ec       0x12 CMakeFiles/displaytest.dir/home/pi/pico/pico-sdk/src/common/pico_util/pheap.c.obj
 *fill*         0x100043fe        0x2 
 .rodata.__func__.5748
                0x10004400       0x13 CMakeFiles/displaytest.dir/home/pi/pico/pico-sdk/src/common/pico_util/pheap.c.obj
 *fill*         0x10004413        0x1 
 .rodata.__func__.5766
                0x10004414       0x18 CMakeFiles/displaytest.dir/home/pi/pico/pico-sdk/src/common/pico_util/pheap.c.obj
 .rodata.ph_add_child_node.str1.4
                0x1000442c       0x92 CMakeFiles/displaytest.dir/home/pi/pico/pico-sdk/src/common/pico_util/pheap.c.obj
 .rodata.ph_remove_and_free_node.str1.4
                0x1000442c       0x26 CMakeFiles/displaytest.dir/home/pi/pico/pico-sdk/src/common/pico_util/pheap.c.obj
 *fill*         0x10004452        0x2 
 .rodata.ph_remove_any_head.str1.4
                0x10004454       0x88 CMakeFiles/displaytest.dir/home/pi/pico/pico-sdk/src/common/pico_util/pheap.c.obj
 .rodata.__assert_func.str1.4
                0x100044dc       0x3f CMakeFiles/displaytest.dir/home/pi/pico/pico-sdk/src/rp2_common/pico_runtime/runtime.c.obj
                                 0x43 (size before relaxing)
 *fill*         0x1000451b        0x1 
 .rodata.__func__.5763
                0x1000451c        0xd CMakeFiles/displaytest.dir/home/pi/pico/pico-sdk/src/rp2_common/pico_runtime/runtime.c.obj
 *fill*         0x10004529        0x3 
 .rodata.panic.str1.4
                0x1000452c       0x12 CMakeFiles/displaytest.dir/home/pi/pico/pico-sdk/src/rp2_common/pico_runtime/runtime.c.obj
 *fill*         0x1000453e        0x2 
 .rodata.runtime_init.str1.4
                0x10004540       0x5d CMakeFiles/displaytest.dir/home/pi/pico/pico-sdk/src/rp2_common/pico_runtime/runtime.c.obj
 *fill*         0x1000459d        0x3 
 .rodata.__func__.4648
                0x100045a0       0x10 CMakeFiles/displaytest.dir/home/pi/pico/pico-sdk/src/rp2_common/hardware_clocks/clocks.c.obj
 .rodata.clock_configure.str1.4
                0x100045b0       0x53 CMakeFiles/displaytest.dir/home/pi/pico/pico-sdk/src/rp2_common/hardware_clocks/clocks.c.obj
 *fill*         0x10004603        0x1 
 .rodata.__func__.4693
                0x10004604       0x1a CMakeFiles/displaytest.dir/home/pi/pico/pico-sdk/src/rp2_common/hardware_irq/irq.c.obj
 *fill*         0x1000461e        0x2 
 .rodata.__func__.4707
                0x10004620        0xc CMakeFiles/displaytest.dir/home/pi/pico/pico-sdk/src/rp2_common/hardware_irq/irq.c.obj
 .rodata.__func__.4715
                0x1000462c       0x17 CMakeFiles/displaytest.dir/home/pi/pico/pico-sdk/src/rp2_common/hardware_irq/irq.c.obj
 *fill*         0x10004643        0x1 
 .rodata.__func__.4719
                0x10004644        0xf CMakeFiles/displaytest.dir/home/pi/pico/pico-sdk/src/rp2_common/hardware_irq/irq.c.obj
 *fill*         0x10004653        0x1 
 .rodata.__func__.4758
                0x10004654       0x13 CMakeFiles/displaytest.dir/home/pi/pico/pico-sdk/src/rp2_common/hardware_irq/irq.c.obj
 *fill*         0x10004667        0x1 
 .rodata.__func__.4781
                0x10004668       0x1a CMakeFiles/displaytest.dir/home/pi/pico/pico-sdk/src/rp2_common/hardware_irq/irq.c.obj
 *fill*         0x10004682        0x2 
 .rodata.irq_add_shared_handler.str1.4
                0x10004684       0xd9 CMakeFiles/displaytest.dir/home/pi/pico/pico-sdk/src/rp2_common/hardware_irq/irq.c.obj
 *fill*         0x1000475d        0x3 
 .rodata.irq_add_tail_to_free_list.str1.4
                0x10004760       0x32 CMakeFiles/displaytest.dir/home/pi/pico/pico-sdk/src/rp2_common/hardware_irq/irq.c.obj
                                 0x3a (size before relaxing)
 *fill*         0x10004792        0x2 
 .rodata.irq_remove_handler.str1.4
                0x10004794       0x2a CMakeFiles/displaytest.dir/home/pi/pico/pico-sdk/src/rp2_common/hardware_irq/irq.c.obj
 *fill*         0x100047be        0x2 
 .rodata.irq_set_exclusive_handler.str1.4
                0x100047c0       0x36 CMakeFiles/displaytest.dir/home/pi/pico/pico-sdk/src/rp2_common/hardware_irq/irq.c.obj
 *fill*         0x100047f6        0x2 
 .rodata.make_branch.str1.4
                0x100047f8       0x49 CMakeFiles/displaytest.dir/home/pi/pico/pico-sdk/src/rp2_common/hardware_irq/irq.c.obj
 *fill*         0x10004841        0x3 
 .rodata.__func__.4368
                0x10004844        0x9 CMakeFiles/displaytest.dir/home/pi/pico/pico-sdk/src/rp2_common/hardware_pll/pll.c.obj
 *fill*         0x1000484d        0x3 
 .rodata.pll_init.str1.4
                0x10004850       0xd7 CMakeFiles/displaytest.dir/home/pi/pico/pico-sdk/src/rp2_common/hardware_pll/pll.c.obj
 *fill*         0x10004927        0x1 
 .rodata._vsnprintf
                0x10004928      0x1e0 CMakeFiles/displaytest.dir/home/pi/pico/pico-sdk/src/rp2_common/pico_printf/printf.c.obj
 .rodata._ftoa.str1.4
                0x10004b08       0x15 CMakeFiles/displaytest.dir/home/pi/pico/pico-sdk/src/rp2_common/pico_printf/printf.c.obj
 *fill*         0x10004b1d        0x3 
 .rodata.pow10.5369
                0x10004b20       0x50 CMakeFiles/displaytest.dir/home/pi/pico/pico-sdk/src/rp2_common/pico_printf/printf.c.obj
 .rodata.__aeabi_double_init.str1.4
                0x10004b70       0xa4 CMakeFiles/displaytest.dir/home/pi/pico/pico-sdk/src/rp2_common/pico_double/double_init_rom.c.obj
 .rodata.__func__.4679
                0x10004c14       0x14 CMakeFiles/displaytest.dir/home/pi/pico/pico-sdk/src/rp2_common/pico_double/double_init_rom.c.obj
 .rodata.__aeabi_float_init.str1.4
                0x10004c28       0x76 CMakeFiles/displaytest.dir/home/pi/pico/pico-sdk/src/rp2_common/pico_float/float_init_rom.c.obj
                                 0x7a (size before relaxing)
 *fill*         0x10004c9e        0x2 
 .rodata.__func__.4680
                0x10004ca0       0x13 CMakeFiles/displaytest.dir/home/pi/pico/pico-sdk/src/rp2_common/pico_float/float_init_rom.c.obj
 *fill*         0x10004cb3        0x1 
 .rodata.__bi_44
                0x10004cb4        0xc CMakeFiles/displaytest.dir/home/pi/pico/pico-sdk/src/rp2_common/pico_standard_link/binary_info.c.obj
 .rodata.__bi_56
                0x10004cc0        0xc CMakeFiles/displaytest.dir/home/pi/pico/pico-sdk/src/rp2_common/pico_standard_link/binary_info.c.obj
 .rodata.__bi_75
                0x10004ccc        0xc CMakeFiles/displaytest.dir/home/pi/pico/pico-sdk/src/rp2_common/pico_standard_link/binary_info.c.obj
 .rodata.__bi_81
                0x10004cd8        0xc CMakeFiles/displaytest.dir/home/pi/pico/pico-sdk/src/rp2_common/pico_standard_link/binary_info.c.obj
 .rodata.str1.4
                0x10004ce4       0x44 CMakeFiles/displaytest.dir/home/pi/pico/pico-sdk/src/rp2_common/pico_standard_link/binary_info.c.obj
 .rodata.crlf_str.5998
                0x10004d28        0x2 CMakeFiles/displaytest.dir/home/pi/pico/pico-sdk/src/rp2_common/pico_stdio/stdio.c.obj
 *fill*         0x10004d2a        0x2 
 .rodata.__bi_28.4712
                0x10004d2c        0xc CMakeFiles/displaytest.dir/home/pi/pico/pico-sdk/src/rp2_common/pico_stdio_uart/stdio_uart.c.obj
 .rodata.__bi_29.4716
                0x10004d38        0x8 CMakeFiles/displaytest.dir/home/pi/pico/pico-sdk/src/rp2_common/pico_stdio_uart/stdio_uart.c.obj
 .rodata.str1.4
                0x10004d40       0x2c CMakeFiles/displaytest.dir/home/pi/pico/pico-sdk/src/rp2_common/pico_stdio_uart/stdio_uart.c.obj
                0x10004d6c                . = ALIGN (0x4)
 *(SORT_BY_ALIGNMENT(SORT_BY_NAME(.flashdata*)))
                0x10004d6c                . = ALIGN (0x4)

.rel.dyn        0x10004d6c        0x0
 .rel.iplt      0x10004d6c        0x0 /usr/lib/gcc/arm-none-eabi/7.3.1/thumb/v6-m/crtbegin.o

.ARM.extab
 *(.ARM.extab* .gnu.linkonce.armextab.*)
                0x10004d6c                __exidx_start = .

.ARM.exidx
 *(.ARM.exidx* .gnu.linkonce.armexidx.*)
                0x10004d6c                __exidx_end = .
                0x10004d6c                . = ALIGN (0x4)
                0x10004d6c                __binary_info_start = .

.binary_info    0x10004d6c       0x28
 *(.binary_info.keep.*)
 .binary_info.keep.__bi_ptr22
                0x10004d6c        0x4 CMakeFiles/displaytest.dir/home/pi/pico/pico-sdk/src/rp2_common/pico_standard_link/binary_info.c.obj
 .binary_info.keep.__bi_ptr30
                0x10004d70        0x4 CMakeFiles/displaytest.dir/home/pi/pico/pico-sdk/src/rp2_common/pico_standard_link/binary_info.c.obj
 .binary_info.keep.__bi_ptr38
                0x10004d74        0x4 CMakeFiles/displaytest.dir/home/pi/pico/pico-sdk/src/rp2_common/pico_standard_link/binary_info.c.obj
 .binary_info.keep.__bi_ptr44
                0x10004d78        0x4 CMakeFiles/displaytest.dir/home/pi/pico/pico-sdk/src/rp2_common/pico_standard_link/binary_info.c.obj
 .binary_info.keep.__bi_ptr50
                0x10004d7c        0x4 CMakeFiles/displaytest.dir/home/pi/pico/pico-sdk/src/rp2_common/pico_standard_link/binary_info.c.obj
 .binary_info.keep.__bi_ptr56
                0x10004d80        0x4 CMakeFiles/displaytest.dir/home/pi/pico/pico-sdk/src/rp2_common/pico_standard_link/binary_info.c.obj
 .binary_info.keep.__bi_ptr75
                0x10004d84        0x4 CMakeFiles/displaytest.dir/home/pi/pico/pico-sdk/src/rp2_common/pico_standard_link/binary_info.c.obj
 .binary_info.keep.__bi_ptr81
                0x10004d88        0x4 CMakeFiles/displaytest.dir/home/pi/pico/pico-sdk/src/rp2_common/pico_standard_link/binary_info.c.obj
 *(.binary_info.*)
 .binary_info.__bi_ptr28
                0x10004d8c        0x4 CMakeFiles/displaytest.dir/home/pi/pico/pico-sdk/src/rp2_common/pico_stdio_uart/stdio_uart.c.obj
 .binary_info.__bi_ptr29
                0x10004d90        0x4 CMakeFiles/displaytest.dir/home/pi/pico/pico-sdk/src/rp2_common/pico_stdio_uart/stdio_uart.c.obj
                0x10004d94                __binary_info_end = .
                0x10004d94                . = ALIGN (0x4)
                0x10004d94                __etext = .

.ram_vector_table
                0x20000000       0xc0
 *(.ram_vector_table)
 .ram_vector_table
                0x20000000       0xc0 CMakeFiles/displaytest.dir/home/pi/pico/pico-sdk/src/rp2_common/pico_runtime/runtime.c.obj
                0x20000000                ram_vector_table

.data           0x200000c0      0x1c0 load address 0x10004d94
                0x200000c0                __data_start__ = .
 *(vtable)
 *(.time_critical*)
 .time_critical.mutex_enter_blocking
                0x200000c0       0x48 CMakeFiles/displaytest.dir/home/pi/pico/pico-sdk/src/common/pico_sync/mutex.c.obj
                0x200000c0                mutex_enter_blocking
 .time_critical.mutex_try_enter
                0x20000108       0x48 CMakeFiles/displaytest.dir/home/pi/pico/pico-sdk/src/common/pico_sync/mutex.c.obj
                0x20000108                mutex_try_enter
 .time_critical.mutex_exit
                0x20000150       0x4c CMakeFiles/displaytest.dir/home/pi/pico/pico-sdk/src/common/pico_sync/mutex.c.obj
                0x20000150                mutex_exit
 *(.text*)
 .text          0x2000019c        0x4 /usr/lib/gcc/arm-none-eabi/7.3.1/thumb/v6-m/libgcc.a(_dvmd_tls.o)
                0x2000019c                __aeabi_ldiv0
                0x2000019c                __aeabi_idiv0
 .text.__stub   0x200001a0       0x10 linker stubs
                0x200001b0                . = ALIGN (0x4)
 *(.rodata*)
                0x200001b0                . = ALIGN (0x4)
 *(.data*)
 .data.striped_spin_lock_num
                0x200001b0        0x1 CMakeFiles/displaytest.dir/home/pi/pico/pico-sdk/src/rp2_common/hardware_sync/sync.c.obj
 *fill*         0x200001b1        0x3 
 .data.default_alarm_pool
                0x200001b4       0x18 CMakeFiles/displaytest.dir/home/pi/pico/pico-sdk/src/common/pico_time/time.c.obj
 .data.default_alarm_pool_heap
                0x200001cc       0x10 CMakeFiles/displaytest.dir/home/pi/pico/pico-sdk/src/common/pico_time/time.c.obj
 .data          0x200001dc       0x48 CMakeFiles/displaytest.dir/home/pi/pico/pico-sdk/src/rp2_common/hardware_irq/irq_handler_chain.S.obj
                0x200001dc                irq_handler_chain_slots
                0x2000020c                irq_handler_chain_first_slot
                0x20000216                irq_handler_chain_remove_tail
 *fill*         0x20000224        0xc 
 .data.aeabi_bits_funcs
                0x20000230       0x10 CMakeFiles/displaytest.dir/home/pi/pico/pico-sdk/src/rp2_common/pico_bit_ops/bit_ops_aeabi.S.obj
                0x20000230                aeabi_bits_funcs
                0x20000240                aeabi_bits_funcs_end
 .data.aeabi_mem_funcs
                0x20000240       0x10 CMakeFiles/displaytest.dir/home/pi/pico/pico-sdk/src/rp2_common/pico_mem_ops/mem_ops_aeabi.S.obj
                0x20000240                aeabi_mem_funcs
                0x20000250                aeabi_mem_funcs_end
 .data.stdio_uart
                0x20000250       0x14 CMakeFiles/displaytest.dir/home/pi/pico/pico-sdk/src/rp2_common/pico_stdio_uart/stdio_uart.c.obj
                0x20000250                stdio_uart
                0x20000264                . = ALIGN (0x4)
 *(.after_data.*)
                0x20000264                . = ALIGN (0x4)
                0x20000264                PROVIDE (__mutex_array_start = .)
 *(SORT_BY_NAME(.mutex_array.*))
 *(.mutex_array)
 .mutex_array   0x20000264        0x8 CMakeFiles/displaytest.dir/home/pi/pico/pico-sdk/src/rp2_common/pico_stdio/stdio.c.obj
                0x2000026c                PROVIDE (__mutex_array_end = .)
                0x2000026c                . = ALIGN (0x4)
                0x2000026c                PROVIDE (__preinit_array_start = .)
 *(SORT_BY_NAME(.preinit_array.*))
 .preinit_array.00001
                0x2000026c        0x4 CMakeFiles/displaytest.dir/home/pi/pico/pico-sdk/src/rp2_common/pico_mem_ops/mem_ops_aeabi.S.obj
 .preinit_array.00010
                0x20000270        0x4 CMakeFiles/displaytest.dir/home/pi/pico/pico-sdk/src/rp2_common/pico_bit_ops/bit_ops_aeabi.S.obj
 .preinit_array.00020
                0x20000274        0x4 CMakeFiles/displaytest.dir/home/pi/pico/pico-sdk/src/rp2_common/pico_double/double_aeabi.S.obj
 .preinit_array.00020
                0x20000278        0x4 CMakeFiles/displaytest.dir/home/pi/pico/pico-sdk/src/rp2_common/pico_float/float_aeabi.S.obj
 *(.preinit_array)
                0x2000027c                PROVIDE (__preinit_array_end = .)
                0x2000027c                . = ALIGN (0x4)
                0x2000027c                PROVIDE (__init_array_start = .)
 *(SORT_BY_NAME(.init_array.*))
 *(.init_array)
 .init_array    0x2000027c        0x4 /usr/lib/gcc/arm-none-eabi/7.3.1/thumb/v6-m/crtbegin.o
                0x20000280                PROVIDE (__init_array_end = .)
                0x20000280                . = ALIGN (0x4)
                0x20000280                PROVIDE (__fini_array_start = .)
 *(SORT_BY_NAME(.fini_array.*))
 *(.fini_array)
                0x20000280                PROVIDE (__fini_array_end = .)
 *(.jcr)
                0x20000280                . = ALIGN (0x4)
                0x20000280                __data_end__ = .

.tm_clone_table
                0x20000280        0x0 load address 0x10004f54
 .tm_clone_table
                0x20000280        0x0 /usr/lib/gcc/arm-none-eabi/7.3.1/thumb/v6-m/crtbegin.o
 .tm_clone_table
                0x20000280        0x0 /usr/lib/gcc/arm-none-eabi/7.3.1/thumb/v6-m/crtend.o

.igot.plt       0x20000280        0x0 load address 0x10004f54
 .igot.plt      0x20000280        0x0 /usr/lib/gcc/arm-none-eabi/7.3.1/thumb/v6-m/crtbegin.o

.uninitialized_data
                0x20000280        0x0 load address 0x10004f54
                0x20000280                . = ALIGN (0x4)
 *(.uninitialized_data*)

.scratch_x      0x20040000        0x0 load address 0x10004f54
                0x20040000                __scratch_x_start__ = .
 *(.scratch_x.*)
                0x20040000                . = ALIGN (0x4)
                0x20040000                __scratch_x_end__ = .
                0x10004f54                __scratch_x_source__ = LOADADDR (.scratch_x)

.scratch_y      0x20041000        0x0 load address 0x10004f54
                0x20041000                __scratch_y_start__ = .
 *(.scratch_y.*)
                0x20041000                . = ALIGN (0x4)
                0x20041000                __scratch_y_end__ = .
                0x10004f54                __scratch_y_source__ = LOADADDR (.scratch_y)

.bss            0x20000280      0x3d0
                0x20000280                . = ALIGN (0x4)
                0x20000280                __bss_start__ = .
 *(SORT_BY_ALIGNMENT(SORT_BY_NAME(.bss*)))
 .bss.default_alarm_pool_entries
                0x20000280      0x100 CMakeFiles/displaytest.dir/home/pi/pico/pico-sdk/src/common/pico_time/time.c.obj
 .bss           0x20000380       0x1c /usr/lib/gcc/arm-none-eabi/7.3.1/thumb/v6-m/crtbegin.o
 .bss.alarm_callbacks
                0x2000039c       0x10 CMakeFiles/displaytest.dir/home/pi/pico/pico-sdk/src/rp2_common/hardware_timer/timer.c.obj
 .bss.configured_freq
                0x200003ac       0x28 CMakeFiles/displaytest.dir/home/pi/pico/pico-sdk/src/rp2_common/hardware_clocks/clocks.c.obj
 .bss.default_alarm_pool_entry_ids_high
                0x200003d4       0x10 CMakeFiles/displaytest.dir/home/pi/pico/pico-sdk/src/common/pico_time/time.c.obj
 .bss.default_alarm_pool_heap_nodes
                0x200003e4       0x30 CMakeFiles/displaytest.dir/home/pi/pico/pico-sdk/src/common/pico_time/time.c.obj
 .bss.drivers   0x20000414        0x4 CMakeFiles/displaytest.dir/home/pi/pico/pico-sdk/src/rp2_common/pico_stdio/stdio.c.obj
 .bss.filter    0x20000418        0x4 CMakeFiles/displaytest.dir/home/pi/pico/pico-sdk/src/rp2_common/pico_stdio/stdio.c.obj
 .bss.pools     0x2000041c       0x10 CMakeFiles/displaytest.dir/home/pi/pico/pico-sdk/src/common/pico_time/time.c.obj
 .bss.sf_clz_func
                0x2000042c        0x4 CMakeFiles/displaytest.dir/home/pi/pico/pico-sdk/src/rp2_common/pico_double/double_init_rom.c.obj
                0x2000042c                sf_clz_func
 .bss.sleep_notifier
                0x20000430        0x4 CMakeFiles/displaytest.dir/home/pi/pico/pico-sdk/src/common/pico_time/time.c.obj
 .bss.target_hi
                0x20000434       0x10 CMakeFiles/displaytest.dir/home/pi/pico/pico-sdk/src/rp2_common/hardware_timer/timer.c.obj
 .bss.uart_instance
                0x20000444        0x4 CMakeFiles/displaytest.dir/home/pi/pico/pico-sdk/src/rp2_common/pico_stdio_uart/stdio_uart.c.obj
 .bss.claimed   0x20000448        0x1 CMakeFiles/displaytest.dir/home/pi/pico/pico-sdk/src/rp2_common/hardware_timer/timer.c.obj
 .bss.irq_hander_chain_free_slot_head
                0x20000449        0x1 CMakeFiles/displaytest.dir/home/pi/pico/pico-sdk/src/rp2_common/hardware_irq/irq.c.obj
 .bss.timer_callbacks_pending
                0x2000044a        0x1 CMakeFiles/displaytest.dir/home/pi/pico/pico-sdk/src/rp2_common/hardware_timer/timer.c.obj
 *(COMMON)
 *fill*         0x2000044b        0x1 
 COMMON         0x2000044c        0x4 CMakeFiles/displaytest.dir/home/pi/pico/pico-sdk/src/rp2_common/hardware_uart/uart.c.obj
                0x2000044c                uart_char_to_line_feed
 COMMON         0x20000450      0x100 CMakeFiles/displaytest.dir/home/pi/pico/pico-sdk/src/rp2_common/pico_double/double_init_rom.c.obj
                0x20000450                sd_table
 COMMON         0x20000550      0x100 CMakeFiles/displaytest.dir/home/pi/pico/pico-sdk/src/rp2_common/pico_float/float_init_rom.c.obj
                0x20000550                sf_table
                0x20000650                . = ALIGN (0x4)
                0x20000650                __bss_end__ = .

.heap           0x20000650      0x800
                0x20000650                __end__ = .
                0x20000650                end = __end__
 *(.heap*)
 .heap          0x20000650      0x800 CMakeFiles/displaytest.dir/home/pi/pico/pico-sdk/src/rp2_common/pico_standard_link/crt0.S.obj
                0x20000e50                __HeapLimit = .

.stack1_dummy   0x20040000        0x0
 *(.stack1*)

.stack_dummy    0x20041000      0x800
 *(.stack*)
 .stack         0x20041000      0x800 CMakeFiles/displaytest.dir/home/pi/pico/pico-sdk/src/rp2_common/pico_standard_link/crt0.S.obj

.flash_end      0x10004f54        0x0
                0x10004f54                __flash_binary_end = .
                0x20040000                __StackLimit = (ORIGIN (RAM) + LENGTH (RAM))
                0x20041000                __StackOneTop = (ORIGIN (SCRATCH_X) + LENGTH (SCRATCH_X))
                0x20042000                __StackTop = (ORIGIN (SCRATCH_Y) + LENGTH (SCRATCH_Y))
                0x20041000                __StackOneBottom = (__StackOneTop - SIZEOF (.stack1_dummy))
                0x20041800                __StackBottom = (__StackTop - SIZEOF (.stack_dummy))
                0x20042000                PROVIDE (__stack = __StackTop)
                0x00000001                ASSERT ((__StackLimit >= __HeapLimit), region RAM overflowed)
                0x00000001                ASSERT (((__binary_info_header_end - __logical_binary_start) <= 0x100), Binary info must be in first 256 bytes of the binary)
LOAD CMakeFiles/displaytest.dir/displaytest.c.obj
LOAD CMakeFiles/displaytest.dir/home/pi/pico/pico-sdk/src/rp2_common/pico_stdlib/stdlib.c.obj
LOAD CMakeFiles/displaytest.dir/home/pi/pico/pico-sdk/src/rp2_common/hardware_gpio/gpio.c.obj
LOAD CMakeFiles/displaytest.dir/home/pi/pico/pico-sdk/src/rp2_common/hardware_claim/claim.c.obj
LOAD CMakeFiles/displaytest.dir/home/pi/pico/pico-sdk/src/rp2_common/pico_platform/platform.c.obj
LOAD CMakeFiles/displaytest.dir/home/pi/pico/pico-sdk/src/rp2_common/hardware_sync/sync.c.obj
LOAD CMakeFiles/displaytest.dir/home/pi/pico/pico-sdk/src/rp2_common/hardware_uart/uart.c.obj
LOAD CMakeFiles/displaytest.dir/home/pi/pico/pico-sdk/src/rp2_common/hardware_divider/divider.S.obj
LOAD CMakeFiles/displaytest.dir/home/pi/pico/pico-sdk/src/common/pico_time/time.c.obj
LOAD CMakeFiles/displaytest.dir/home/pi/pico/pico-sdk/src/common/pico_time/timeout_helper.c.obj
LOAD CMakeFiles/displaytest.dir/home/pi/pico/pico-sdk/src/rp2_common/hardware_timer/timer.c.obj
LOAD CMakeFiles/displaytest.dir/home/pi/pico/pico-sdk/src/common/pico_sync/sem.c.obj
LOAD CMakeFiles/displaytest.dir/home/pi/pico/pico-sdk/src/common/pico_sync/lock_core.c.obj
LOAD CMakeFiles/displaytest.dir/home/pi/pico/pico-sdk/src/common/pico_sync/mutex.c.obj
LOAD CMakeFiles/displaytest.dir/home/pi/pico/pico-sdk/src/common/pico_sync/critical_section.c.obj
LOAD CMakeFiles/displaytest.dir/home/pi/pico/pico-sdk/src/common/pico_util/datetime.c.obj
LOAD CMakeFiles/displaytest.dir/home/pi/pico/pico-sdk/src/common/pico_util/pheap.c.obj
LOAD CMakeFiles/displaytest.dir/home/pi/pico/pico-sdk/src/common/pico_util/queue.c.obj
LOAD CMakeFiles/displaytest.dir/home/pi/pico/pico-sdk/src/rp2_common/pico_runtime/runtime.c.obj
LOAD CMakeFiles/displaytest.dir/home/pi/pico/pico-sdk/src/rp2_common/hardware_clocks/clocks.c.obj
LOAD CMakeFiles/displaytest.dir/home/pi/pico/pico-sdk/src/rp2_common/hardware_irq/irq.c.obj
LOAD CMakeFiles/displaytest.dir/home/pi/pico/pico-sdk/src/rp2_common/hardware_irq/irq_handler_chain.S.obj
LOAD CMakeFiles/displaytest.dir/home/pi/pico/pico-sdk/src/rp2_common/hardware_pll/pll.c.obj
LOAD CMakeFiles/displaytest.dir/home/pi/pico/pico-sdk/src/rp2_common/hardware_vreg/vreg.c.obj
LOAD CMakeFiles/displaytest.dir/home/pi/pico/pico-sdk/src/rp2_common/hardware_watchdog/watchdog.c.obj
LOAD CMakeFiles/displaytest.dir/home/pi/pico/pico-sdk/src/rp2_common/hardware_xosc/xosc.c.obj
LOAD CMakeFiles/displaytest.dir/home/pi/pico/pico-sdk/src/rp2_common/pico_printf/printf.c.obj
LOAD CMakeFiles/displaytest.dir/home/pi/pico/pico-sdk/src/rp2_common/pico_bit_ops/bit_ops_aeabi.S.obj
LOAD CMakeFiles/displaytest.dir/home/pi/pico/pico-sdk/src/rp2_common/pico_bootrom/bootrom.c.obj
LOAD CMakeFiles/displaytest.dir/home/pi/pico/pico-sdk/src/rp2_common/pico_divider/divider.S.obj
LOAD CMakeFiles/displaytest.dir/home/pi/pico/pico-sdk/src/rp2_common/pico_double/double_aeabi.S.obj
LOAD CMakeFiles/displaytest.dir/home/pi/pico/pico-sdk/src/rp2_common/pico_double/double_init_rom.c.obj
LOAD CMakeFiles/displaytest.dir/home/pi/pico/pico-sdk/src/rp2_common/pico_double/double_math.c.obj
LOAD CMakeFiles/displaytest.dir/home/pi/pico/pico-sdk/src/rp2_common/pico_double/double_v1_rom_shim.S.obj
LOAD CMakeFiles/displaytest.dir/home/pi/pico/pico-sdk/src/rp2_common/pico_int64_ops/pico_int64_ops_aeabi.S.obj
LOAD CMakeFiles/displaytest.dir/home/pi/pico/pico-sdk/src/rp2_common/pico_float/float_aeabi.S.obj
LOAD CMakeFiles/displaytest.dir/home/pi/pico/pico-sdk/src/rp2_common/pico_float/float_init_rom.c.obj
LOAD CMakeFiles/displaytest.dir/home/pi/pico/pico-sdk/src/rp2_common/pico_float/float_math.c.obj
LOAD CMakeFiles/displaytest.dir/home/pi/pico/pico-sdk/src/rp2_common/pico_float/float_v1_rom_shim.S.obj
LOAD CMakeFiles/displaytest.dir/home/pi/pico/pico-sdk/src/rp2_common/pico_malloc/pico_malloc.c.obj
LOAD CMakeFiles/displaytest.dir/home/pi/pico/pico-sdk/src/rp2_common/pico_mem_ops/mem_ops_aeabi.S.obj
LOAD CMakeFiles/displaytest.dir/home/pi/pico/pico-sdk/src/rp2_common/pico_standard_link/crt0.S.obj
LOAD CMakeFiles/displaytest.dir/home/pi/pico/pico-sdk/src/rp2_common/pico_standard_link/new_delete.cpp.obj
LOAD CMakeFiles/displaytest.dir/home/pi/pico/pico-sdk/src/rp2_common/pico_standard_link/binary_info.c.obj
LOAD CMakeFiles/displaytest.dir/home/pi/pico/pico-sdk/src/rp2_common/pico_stdio/stdio.c.obj
LOAD CMakeFiles/displaytest.dir/home/pi/pico/pico-sdk/src/rp2_common/pico_stdio_uart/stdio_uart.c.obj
LOAD /tmp/ccS7l2iw.o
LOAD /usr/lib/gcc/arm-none-eabi/7.3.1/../../../arm-none-eabi/lib/thumb/v6-m/libstdc++.a
LOAD /usr/lib/gcc/arm-none-eabi/7.3.1/../../../arm-none-eabi/lib/thumb/v6-m/libm.a
START GROUP
LOAD /usr/lib/gcc/arm-none-eabi/7.3.1/thumb/v6-m/libgcc.a
LOAD /usr/lib/gcc/arm-none-eabi/7.3.1/../../../arm-none-eabi/lib/thumb/v6-m/libg.a
LOAD /usr/lib/gcc/arm-none-eabi/7.3.1/../../../arm-none-eabi/lib/thumb/v6-m/libc.a
END GROUP
START GROUP
LOAD /usr/lib/gcc/arm-none-eabi/7.3.1/thumb/v6-m/libgcc.a
LOAD /usr/lib/gcc/arm-none-eabi/7.3.1/../../../arm-none-eabi/lib/thumb/v6-m/libc.a
LOAD /usr/lib/gcc/arm-none-eabi/7.3.1/../../../arm-none-eabi/lib/thumb/v6-m/libnosys.a
END GROUP
LOAD /usr/lib/gcc/arm-none-eabi/7.3.1/thumb/v6-m/crtend.o
LOAD /usr/lib/gcc/arm-none-eabi/7.3.1/thumb/v6-m/crtn.o
OUTPUT(displaytest.elf elf32-littlearm)

.ARM.attributes
                0x00000000       0x28
 .ARM.attributes
                0x00000000       0x1e /usr/lib/gcc/arm-none-eabi/7.3.1/thumb/v6-m/crti.o
 .ARM.attributes
                0x0000001e       0x2c /usr/lib/gcc/arm-none-eabi/7.3.1/thumb/v6-m/crtbegin.o
 .ARM.attributes
                0x0000004a       0x32 CMakeFiles/displaytest.dir/displaytest.c.obj
 .ARM.attributes
                0x0000007c       0x32 CMakeFiles/displaytest.dir/home/pi/pico/pico-sdk/src/rp2_common/hardware_gpio/gpio.c.obj
 .ARM.attributes
                0x000000ae       0x32 CMakeFiles/displaytest.dir/home/pi/pico/pico-sdk/src/rp2_common/hardware_claim/claim.c.obj
 .ARM.attributes
                0x000000e0       0x32 CMakeFiles/displaytest.dir/home/pi/pico/pico-sdk/src/rp2_common/pico_platform/platform.c.obj
 .ARM.attributes
                0x00000112       0x32 CMakeFiles/displaytest.dir/home/pi/pico/pico-sdk/src/rp2_common/hardware_sync/sync.c.obj
 .ARM.attributes
                0x00000144       0x32 CMakeFiles/displaytest.dir/home/pi/pico/pico-sdk/src/rp2_common/hardware_uart/uart.c.obj
 .ARM.attributes
                0x00000176       0x32 CMakeFiles/displaytest.dir/home/pi/pico/pico-sdk/src/common/pico_time/time.c.obj
 .ARM.attributes
                0x000001a8       0x32 CMakeFiles/displaytest.dir/home/pi/pico/pico-sdk/src/rp2_common/hardware_timer/timer.c.obj
 .ARM.attributes
                0x000001da       0x32 CMakeFiles/displaytest.dir/home/pi/pico/pico-sdk/src/common/pico_sync/lock_core.c.obj
 .ARM.attributes
                0x0000020c       0x32 CMakeFiles/displaytest.dir/home/pi/pico/pico-sdk/src/common/pico_sync/mutex.c.obj
 .ARM.attributes
                0x0000023e       0x32 CMakeFiles/displaytest.dir/home/pi/pico/pico-sdk/src/common/pico_util/pheap.c.obj
 .ARM.attributes
                0x00000270       0x32 CMakeFiles/displaytest.dir/home/pi/pico/pico-sdk/src/rp2_common/pico_runtime/runtime.c.obj
 .ARM.attributes
                0x000002a2       0x32 CMakeFiles/displaytest.dir/home/pi/pico/pico-sdk/src/rp2_common/hardware_clocks/clocks.c.obj
 .ARM.attributes
                0x000002d4       0x32 CMakeFiles/displaytest.dir/home/pi/pico/pico-sdk/src/rp2_common/hardware_irq/irq.c.obj
 .ARM.attributes
                0x00000306       0x22 CMakeFiles/displaytest.dir/home/pi/pico/pico-sdk/src/rp2_common/hardware_irq/irq_handler_chain.S.obj
 .ARM.attributes
                0x00000328       0x32 CMakeFiles/displaytest.dir/home/pi/pico/pico-sdk/src/rp2_common/hardware_pll/pll.c.obj
 .ARM.attributes
                0x0000035a       0x32 CMakeFiles/displaytest.dir/home/pi/pico/pico-sdk/src/rp2_common/hardware_watchdog/watchdog.c.obj
 .ARM.attributes
                0x0000038c       0x32 CMakeFiles/displaytest.dir/home/pi/pico/pico-sdk/src/rp2_common/hardware_xosc/xosc.c.obj
 .ARM.attributes
                0x000003be       0x32 CMakeFiles/displaytest.dir/home/pi/pico/pico-sdk/src/rp2_common/pico_printf/printf.c.obj
 .ARM.attributes
                0x000003f0       0x22 CMakeFiles/displaytest.dir/home/pi/pico/pico-sdk/src/rp2_common/pico_bit_ops/bit_ops_aeabi.S.obj
 .ARM.attributes
                0x00000412       0x32 CMakeFiles/displaytest.dir/home/pi/pico/pico-sdk/src/rp2_common/pico_bootrom/bootrom.c.obj
 .ARM.attributes
                0x00000444       0x22 CMakeFiles/displaytest.dir/home/pi/pico/pico-sdk/src/rp2_common/pico_divider/divider.S.obj
 .ARM.attributes
                0x00000466       0x22 CMakeFiles/displaytest.dir/home/pi/pico/pico-sdk/src/rp2_common/pico_double/double_aeabi.S.obj
 .ARM.attributes
                0x00000488       0x32 CMakeFiles/displaytest.dir/home/pi/pico/pico-sdk/src/rp2_common/pico_double/double_init_rom.c.obj
 .ARM.attributes
                0x000004ba       0x22 CMakeFiles/displaytest.dir/home/pi/pico/pico-sdk/src/rp2_common/pico_double/double_v1_rom_shim.S.obj
 .ARM.attributes
                0x000004dc       0x22 CMakeFiles/displaytest.dir/home/pi/pico/pico-sdk/src/rp2_common/pico_float/float_aeabi.S.obj
 .ARM.attributes
                0x000004fe       0x32 CMakeFiles/displaytest.dir/home/pi/pico/pico-sdk/src/rp2_common/pico_float/float_init_rom.c.obj
 .ARM.attributes
                0x00000530       0x22 CMakeFiles/displaytest.dir/home/pi/pico/pico-sdk/src/rp2_common/pico_float/float_v1_rom_shim.S.obj
 .ARM.attributes
                0x00000552       0x22 CMakeFiles/displaytest.dir/home/pi/pico/pico-sdk/src/rp2_common/pico_mem_ops/mem_ops_aeabi.S.obj
 .ARM.attributes
                0x00000574       0x22 CMakeFiles/displaytest.dir/home/pi/pico/pico-sdk/src/rp2_common/pico_standard_link/crt0.S.obj
 .ARM.attributes
                0x00000596       0x32 CMakeFiles/displaytest.dir/home/pi/pico/pico-sdk/src/rp2_common/pico_standard_link/binary_info.c.obj
 .ARM.attributes
                0x000005c8       0x32 CMakeFiles/displaytest.dir/home/pi/pico/pico-sdk/src/rp2_common/pico_stdio/stdio.c.obj
 .ARM.attributes
                0x000005fa       0x32 CMakeFiles/displaytest.dir/home/pi/pico/pico-sdk/src/rp2_common/pico_stdio_uart/stdio_uart.c.obj
 .ARM.attributes
                0x0000062c       0x22 /tmp/ccS7l2iw.o
 .ARM.attributes
                0x0000064e       0x1e /usr/lib/gcc/arm-none-eabi/7.3.1/thumb/v6-m/libgcc.a(_dvmd_tls.o)
 .ARM.attributes
                0x0000066c       0x2c /usr/lib/gcc/arm-none-eabi/7.3.1/../../../arm-none-eabi/lib/thumb/v6-m/libg.a(lib_a-strlen-stub.o)
 .ARM.attributes
                0x00000698       0x2c /usr/lib/gcc/arm-none-eabi/7.3.1/thumb/v6-m/crtend.o

.comment        0x00000000       0xae
 .comment       0x00000000       0x57 /usr/lib/gcc/arm-none-eabi/7.3.1/thumb/v6-m/crtbegin.o
                                 0x58 (size before relaxing)
 .comment       0x00000057       0x58 CMakeFiles/displaytest.dir/displaytest.c.obj
 .comment       0x00000057       0x58 CMakeFiles/displaytest.dir/home/pi/pico/pico-sdk/src/rp2_common/hardware_gpio/gpio.c.obj
 .comment       0x00000057       0x58 CMakeFiles/displaytest.dir/home/pi/pico/pico-sdk/src/rp2_common/hardware_claim/claim.c.obj
 .comment       0x00000057       0x58 CMakeFiles/displaytest.dir/home/pi/pico/pico-sdk/src/rp2_common/pico_platform/platform.c.obj
 .comment       0x00000057       0x58 CMakeFiles/displaytest.dir/home/pi/pico/pico-sdk/src/rp2_common/hardware_sync/sync.c.obj
 .comment       0x00000057       0x58 CMakeFiles/displaytest.dir/home/pi/pico/pico-sdk/src/rp2_common/hardware_uart/uart.c.obj
 .comment       0x00000057       0x58 CMakeFiles/displaytest.dir/home/pi/pico/pico-sdk/src/common/pico_time/time.c.obj
 .comment       0x00000057       0x58 CMakeFiles/displaytest.dir/home/pi/pico/pico-sdk/src/rp2_common/hardware_timer/timer.c.obj
 .comment       0x00000057       0x58 CMakeFiles/displaytest.dir/home/pi/pico/pico-sdk/src/common/pico_sync/lock_core.c.obj
 .comment       0x00000057       0x58 CMakeFiles/displaytest.dir/home/pi/pico/pico-sdk/src/common/pico_sync/mutex.c.obj
 .comment       0x00000057       0x58 CMakeFiles/displaytest.dir/home/pi/pico/pico-sdk/src/common/pico_util/pheap.c.obj
 .comment       0x00000057       0x58 CMakeFiles/displaytest.dir/home/pi/pico/pico-sdk/src/rp2_common/pico_runtime/runtime.c.obj
 .comment       0x00000057       0x58 CMakeFiles/displaytest.dir/home/pi/pico/pico-sdk/src/rp2_common/hardware_clocks/clocks.c.obj
 .comment       0x00000057       0x58 CMakeFiles/displaytest.dir/home/pi/pico/pico-sdk/src/rp2_common/hardware_irq/irq.c.obj
 .comment       0x00000057       0x58 CMakeFiles/displaytest.dir/home/pi/pico/pico-sdk/src/rp2_common/hardware_pll/pll.c.obj
 .comment       0x00000057       0x58 CMakeFiles/displaytest.dir/home/pi/pico/pico-sdk/src/rp2_common/hardware_watchdog/watchdog.c.obj
 .comment       0x00000057       0x58 CMakeFiles/displaytest.dir/home/pi/pico/pico-sdk/src/rp2_common/hardware_xosc/xosc.c.obj
 .comment       0x00000057       0x58 CMakeFiles/displaytest.dir/home/pi/pico/pico-sdk/src/rp2_common/pico_printf/printf.c.obj
 .comment       0x00000057       0x58 CMakeFiles/displaytest.dir/home/pi/pico/pico-sdk/src/rp2_common/pico_bootrom/bootrom.c.obj
 .comment       0x00000057       0x58 CMakeFiles/displaytest.dir/home/pi/pico/pico-sdk/src/rp2_common/pico_double/double_init_rom.c.obj
 .comment       0x00000057       0x58 CMakeFiles/displaytest.dir/home/pi/pico/pico-sdk/src/rp2_common/pico_float/float_init_rom.c.obj
 .comment       0x00000057       0x58 CMakeFiles/displaytest.dir/home/pi/pico/pico-sdk/src/rp2_common/pico_standard_link/binary_info.c.obj
 .comment       0x00000057       0x58 CMakeFiles/displaytest.dir/home/pi/pico/pico-sdk/src/rp2_common/pico_stdio/stdio.c.obj
 .comment       0x00000057       0x58 CMakeFiles/displaytest.dir/home/pi/pico/pico-sdk/src/rp2_common/pico_stdio_uart/stdio_uart.c.obj
 .comment       0x00000057       0x57 /usr/lib/gcc/arm-none-eabi/7.3.1/../../../arm-none-eabi/lib/thumb/v6-m/libg.a(lib_a-strlen-stub.o)
                                 0x58 (size before relaxing)
 .comment       0x000000ae       0x58 /usr/lib/gcc/arm-none-eabi/7.3.1/thumb/v6-m/crtend.o

.debug_info     0x00000000    0x15d68
 .debug_info    0x00000000      0x949 CMakeFiles/displaytest.dir/displaytest.c.obj
 .debug_info    0x00000949     0x1194 CMakeFiles/displaytest.dir/home/pi/pico/pico-sdk/src/rp2_common/hardware_gpio/gpio.c.obj
 .debug_info    0x00001add      0x5d8 CMakeFiles/displaytest.dir/home/pi/pico/pico-sdk/src/rp2_common/hardware_claim/claim.c.obj
 .debug_info    0x000020b5      0x1c6 CMakeFiles/displaytest.dir/home/pi/pico/pico-sdk/src/rp2_common/pico_platform/platform.c.obj
 .debug_info    0x0000227b      0x508 CMakeFiles/displaytest.dir/home/pi/pico/pico-sdk/src/rp2_common/hardware_sync/sync.c.obj
 .debug_info    0x00002783      0xa11 CMakeFiles/displaytest.dir/home/pi/pico/pico-sdk/src/rp2_common/hardware_uart/uart.c.obj
 .debug_info    0x00003194     0x3aa1 CMakeFiles/displaytest.dir/home/pi/pico/pico-sdk/src/common/pico_time/time.c.obj
 .debug_info    0x00006c35      0xe63 CMakeFiles/displaytest.dir/home/pi/pico/pico-sdk/src/rp2_common/hardware_timer/timer.c.obj
 .debug_info    0x00007a98      0x1e8 CMakeFiles/displaytest.dir/home/pi/pico/pico-sdk/src/common/pico_sync/lock_core.c.obj
 .debug_info    0x00007c80     0x1a8a CMakeFiles/displaytest.dir/home/pi/pico/pico-sdk/src/common/pico_sync/mutex.c.obj
 .debug_info    0x0000970a     0x1842 CMakeFiles/displaytest.dir/home/pi/pico/pico-sdk/src/common/pico_util/pheap.c.obj
 .debug_info    0x0000af4c     0x11ce CMakeFiles/displaytest.dir/home/pi/pico/pico-sdk/src/rp2_common/pico_runtime/runtime.c.obj
 .debug_info    0x0000c11a      0xd7a CMakeFiles/displaytest.dir/home/pi/pico/pico-sdk/src/rp2_common/hardware_clocks/clocks.c.obj
 .debug_info    0x0000ce94     0x15fe CMakeFiles/displaytest.dir/home/pi/pico/pico-sdk/src/rp2_common/hardware_irq/irq.c.obj
 .debug_info    0x0000e492       0x26 CMakeFiles/displaytest.dir/home/pi/pico/pico-sdk/src/rp2_common/hardware_irq/irq_handler_chain.S.obj
 .debug_info    0x0000e4b8      0x464 CMakeFiles/displaytest.dir/home/pi/pico/pico-sdk/src/rp2_common/hardware_pll/pll.c.obj
 .debug_info    0x0000e91c      0xc5d CMakeFiles/displaytest.dir/home/pi/pico/pico-sdk/src/rp2_common/hardware_watchdog/watchdog.c.obj
 .debug_info    0x0000f579      0x1b2 CMakeFiles/displaytest.dir/home/pi/pico/pico-sdk/src/rp2_common/hardware_xosc/xosc.c.obj
 .debug_info    0x0000f72b     0x1d4b CMakeFiles/displaytest.dir/home/pi/pico/pico-sdk/src/rp2_common/pico_printf/printf.c.obj
 .debug_info    0x00011476       0x22 CMakeFiles/displaytest.dir/home/pi/pico/pico-sdk/src/rp2_common/pico_bit_ops/bit_ops_aeabi.S.obj
 .debug_info    0x00011498      0x23e CMakeFiles/displaytest.dir/home/pi/pico/pico-sdk/src/rp2_common/pico_bootrom/bootrom.c.obj
 .debug_info    0x000116d6       0x22 CMakeFiles/displaytest.dir/home/pi/pico/pico-sdk/src/rp2_common/pico_divider/divider.S.obj
 .debug_info    0x000116f8       0x22 CMakeFiles/displaytest.dir/home/pi/pico/pico-sdk/src/rp2_common/pico_double/double_aeabi.S.obj
 .debug_info    0x0001171a      0xab9 CMakeFiles/displaytest.dir/home/pi/pico/pico-sdk/src/rp2_common/pico_double/double_init_rom.c.obj
 .debug_info    0x000121d3       0x22 CMakeFiles/displaytest.dir/home/pi/pico/pico-sdk/src/rp2_common/pico_double/double_v1_rom_shim.S.obj
 .debug_info    0x000121f5       0x22 CMakeFiles/displaytest.dir/home/pi/pico/pico-sdk/src/rp2_common/pico_float/float_aeabi.S.obj
 .debug_info    0x00012217      0xace CMakeFiles/displaytest.dir/home/pi/pico/pico-sdk/src/rp2_common/pico_float/float_init_rom.c.obj
 .debug_info    0x00012ce5       0x22 CMakeFiles/displaytest.dir/home/pi/pico/pico-sdk/src/rp2_common/pico_float/float_v1_rom_shim.S.obj
 .debug_info    0x00012d07       0x22 CMakeFiles/displaytest.dir/home/pi/pico/pico-sdk/src/rp2_common/pico_mem_ops/mem_ops_aeabi.S.obj
 .debug_info    0x00012d29       0x22 CMakeFiles/displaytest.dir/home/pi/pico/pico-sdk/src/rp2_common/pico_standard_link/crt0.S.obj
 .debug_info    0x00012d4b      0x2fa CMakeFiles/displaytest.dir/home/pi/pico/pico-sdk/src/rp2_common/pico_standard_link/binary_info.c.obj
 .debug_info    0x00013045     0x18f5 CMakeFiles/displaytest.dir/home/pi/pico/pico-sdk/src/rp2_common/pico_stdio/stdio.c.obj
 .debug_info    0x0001493a      0xb26 CMakeFiles/displaytest.dir/home/pi/pico/pico-sdk/src/rp2_common/pico_stdio_uart/stdio_uart.c.obj
 .debug_info    0x00015460       0x26 /usr/lib/gcc/arm-none-eabi/7.3.1/thumb/v6-m/libgcc.a(_dvmd_tls.o)
 .debug_info    0x00015486      0x8e2 /usr/lib/gcc/arm-none-eabi/7.3.1/../../../arm-none-eabi/lib/thumb/v6-m/libg.a(lib_a-strlen-stub.o)

.debug_abbrev   0x00000000     0x42a3
 .debug_abbrev  0x00000000      0x1dc CMakeFiles/displaytest.dir/displaytest.c.obj
 .debug_abbrev  0x000001dc      0x287 CMakeFiles/displaytest.dir/home/pi/pico/pico-sdk/src/rp2_common/hardware_gpio/gpio.c.obj
 .debug_abbrev  0x00000463      0x265 CMakeFiles/displaytest.dir/home/pi/pico/pico-sdk/src/rp2_common/hardware_claim/claim.c.obj
 .debug_abbrev  0x000006c8       0xde CMakeFiles/displaytest.dir/home/pi/pico/pico-sdk/src/rp2_common/pico_platform/platform.c.obj
 .debug_abbrev  0x000007a6      0x1e8 CMakeFiles/displaytest.dir/home/pi/pico/pico-sdk/src/rp2_common/hardware_sync/sync.c.obj
 .debug_abbrev  0x0000098e      0x29c CMakeFiles/displaytest.dir/home/pi/pico/pico-sdk/src/rp2_common/hardware_uart/uart.c.obj
 .debug_abbrev  0x00000c2a      0x58b CMakeFiles/displaytest.dir/home/pi/pico/pico-sdk/src/common/pico_time/time.c.obj
 .debug_abbrev  0x000011b5      0x320 CMakeFiles/displaytest.dir/home/pi/pico/pico-sdk/src/rp2_common/hardware_timer/timer.c.obj
 .debug_abbrev  0x000014d5      0x12d CMakeFiles/displaytest.dir/home/pi/pico/pico-sdk/src/common/pico_sync/lock_core.c.obj
 .debug_abbrev  0x00001602      0x325 CMakeFiles/displaytest.dir/home/pi/pico/pico-sdk/src/common/pico_sync/mutex.c.obj
 .debug_abbrev  0x00001927      0x376 CMakeFiles/displaytest.dir/home/pi/pico/pico-sdk/src/common/pico_util/pheap.c.obj
 .debug_abbrev  0x00001c9d      0x421 CMakeFiles/displaytest.dir/home/pi/pico/pico-sdk/src/rp2_common/pico_runtime/runtime.c.obj
 .debug_abbrev  0x000020be      0x35d CMakeFiles/displaytest.dir/home/pi/pico/pico-sdk/src/rp2_common/hardware_clocks/clocks.c.obj
 .debug_abbrev  0x0000241b      0x418 CMakeFiles/displaytest.dir/home/pi/pico/pico-sdk/src/rp2_common/hardware_irq/irq.c.obj
 .debug_abbrev  0x00002833       0x14 CMakeFiles/displaytest.dir/home/pi/pico/pico-sdk/src/rp2_common/hardware_irq/irq_handler_chain.S.obj
 .debug_abbrev  0x00002847      0x1a0 CMakeFiles/displaytest.dir/home/pi/pico/pico-sdk/src/rp2_common/hardware_pll/pll.c.obj
 .debug_abbrev  0x000029e7      0x288 CMakeFiles/displaytest.dir/home/pi/pico/pico-sdk/src/rp2_common/hardware_watchdog/watchdog.c.obj
 .debug_abbrev  0x00002c6f       0xec CMakeFiles/displaytest.dir/home/pi/pico/pico-sdk/src/rp2_common/hardware_xosc/xosc.c.obj
 .debug_abbrev  0x00002d5b      0x402 CMakeFiles/displaytest.dir/home/pi/pico/pico-sdk/src/rp2_common/pico_printf/printf.c.obj
 .debug_abbrev  0x0000315d       0x12 CMakeFiles/displaytest.dir/home/pi/pico/pico-sdk/src/rp2_common/pico_bit_ops/bit_ops_aeabi.S.obj
 .debug_abbrev  0x0000316f      0x11e CMakeFiles/displaytest.dir/home/pi/pico/pico-sdk/src/rp2_common/pico_bootrom/bootrom.c.obj
 .debug_abbrev  0x0000328d       0x12 CMakeFiles/displaytest.dir/home/pi/pico/pico-sdk/src/rp2_common/pico_divider/divider.S.obj
 .debug_abbrev  0x0000329f       0x12 CMakeFiles/displaytest.dir/home/pi/pico/pico-sdk/src/rp2_common/pico_double/double_aeabi.S.obj
 .debug_abbrev  0x000032b1      0x278 CMakeFiles/displaytest.dir/home/pi/pico/pico-sdk/src/rp2_common/pico_double/double_init_rom.c.obj
 .debug_abbrev  0x00003529       0x12 CMakeFiles/displaytest.dir/home/pi/pico/pico-sdk/src/rp2_common/pico_double/double_v1_rom_shim.S.obj
 .debug_abbrev  0x0000353b       0x12 CMakeFiles/displaytest.dir/home/pi/pico/pico-sdk/src/rp2_common/pico_float/float_aeabi.S.obj
 .debug_abbrev  0x0000354d      0x292 CMakeFiles/displaytest.dir/home/pi/pico/pico-sdk/src/rp2_common/pico_float/float_init_rom.c.obj
 .debug_abbrev  0x000037df       0x12 CMakeFiles/displaytest.dir/home/pi/pico/pico-sdk/src/rp2_common/pico_float/float_v1_rom_shim.S.obj
 .debug_abbrev  0x000037f1       0x12 CMakeFiles/displaytest.dir/home/pi/pico/pico-sdk/src/rp2_common/pico_mem_ops/mem_ops_aeabi.S.obj
 .debug_abbrev  0x00003803       0x12 CMakeFiles/displaytest.dir/home/pi/pico/pico-sdk/src/rp2_common/pico_standard_link/crt0.S.obj
 .debug_abbrev  0x00003815       0x9f CMakeFiles/displaytest.dir/home/pi/pico/pico-sdk/src/rp2_common/pico_standard_link/binary_info.c.obj
 .debug_abbrev  0x000038b4      0x4b6 CMakeFiles/displaytest.dir/home/pi/pico/pico-sdk/src/rp2_common/pico_stdio/stdio.c.obj
 .debug_abbrev  0x00003d6a      0x36d CMakeFiles/displaytest.dir/home/pi/pico/pico-sdk/src/rp2_common/pico_stdio_uart/stdio_uart.c.obj
 .debug_abbrev  0x000040d7       0x14 /usr/lib/gcc/arm-none-eabi/7.3.1/thumb/v6-m/libgcc.a(_dvmd_tls.o)
 .debug_abbrev  0x000040eb      0x1b8 /usr/lib/gcc/arm-none-eabi/7.3.1/../../../arm-none-eabi/lib/thumb/v6-m/libg.a(lib_a-strlen-stub.o)

.debug_aranges  0x00000000      0xda0
 .debug_aranges
                0x00000000       0x20 CMakeFiles/displaytest.dir/displaytest.c.obj
 .debug_aranges
                0x00000020       0xd8 CMakeFiles/displaytest.dir/home/pi/pico/pico-sdk/src/rp2_common/hardware_gpio/gpio.c.obj
 .debug_aranges
                0x000000f8       0x48 CMakeFiles/displaytest.dir/home/pi/pico/pico-sdk/src/rp2_common/hardware_claim/claim.c.obj
 .debug_aranges
                0x00000140       0x28 CMakeFiles/displaytest.dir/home/pi/pico/pico-sdk/src/rp2_common/pico_platform/platform.c.obj
 .debug_aranges
                0x00000168       0x58 CMakeFiles/displaytest.dir/home/pi/pico/pico-sdk/src/rp2_common/hardware_sync/sync.c.obj
 .debug_aranges
                0x000001c0       0x40 CMakeFiles/displaytest.dir/home/pi/pico/pico-sdk/src/rp2_common/hardware_uart/uart.c.obj
 .debug_aranges
                0x00000200       0xd0 CMakeFiles/displaytest.dir/home/pi/pico/pico-sdk/src/common/pico_time/time.c.obj
 .debug_aranges
                0x000002d0       0x78 CMakeFiles/displaytest.dir/home/pi/pico/pico-sdk/src/rp2_common/hardware_timer/timer.c.obj
 .debug_aranges
                0x00000348       0x20 CMakeFiles/displaytest.dir/home/pi/pico/pico-sdk/src/common/pico_sync/lock_core.c.obj
 .debug_aranges
                0x00000368       0x88 CMakeFiles/displaytest.dir/home/pi/pico/pico-sdk/src/common/pico_sync/mutex.c.obj
 .debug_aranges
                0x000003f0       0x78 CMakeFiles/displaytest.dir/home/pi/pico/pico-sdk/src/common/pico_util/pheap.c.obj
 .debug_aranges
                0x00000468       0x60 CMakeFiles/displaytest.dir/home/pi/pico/pico-sdk/src/rp2_common/pico_runtime/runtime.c.obj
 .debug_aranges
                0x000004c8       0x70 CMakeFiles/displaytest.dir/home/pi/pico/pico-sdk/src/rp2_common/hardware_clocks/clocks.c.obj
 .debug_aranges
                0x00000538       0x98 CMakeFiles/displaytest.dir/home/pi/pico/pico-sdk/src/rp2_common/hardware_irq/irq.c.obj
 .debug_aranges
                0x000005d0       0x20 CMakeFiles/displaytest.dir/home/pi/pico/pico-sdk/src/rp2_common/hardware_irq/irq_handler_chain.S.obj
 .debug_aranges
                0x000005f0       0x28 CMakeFiles/displaytest.dir/home/pi/pico/pico-sdk/src/rp2_common/hardware_pll/pll.c.obj
 .debug_aranges
                0x00000618       0x58 CMakeFiles/displaytest.dir/home/pi/pico/pico-sdk/src/rp2_common/hardware_watchdog/watchdog.c.obj
 .debug_aranges
                0x00000670       0x30 CMakeFiles/displaytest.dir/home/pi/pico/pico-sdk/src/rp2_common/hardware_xosc/xosc.c.obj
 .debug_aranges
                0x000006a0       0x90 CMakeFiles/displaytest.dir/home/pi/pico/pico-sdk/src/rp2_common/pico_printf/printf.c.obj
 .debug_aranges
                0x00000730       0x68 CMakeFiles/displaytest.dir/home/pi/pico/pico-sdk/src/rp2_common/pico_bit_ops/bit_ops_aeabi.S.obj
 .debug_aranges
                0x00000798       0x30 CMakeFiles/displaytest.dir/home/pi/pico/pico-sdk/src/rp2_common/pico_bootrom/bootrom.c.obj
 .debug_aranges
                0x000007c8       0x40 CMakeFiles/displaytest.dir/home/pi/pico/pico-sdk/src/rp2_common/pico_divider/divider.S.obj
 .debug_aranges
                0x00000808      0x140 CMakeFiles/displaytest.dir/home/pi/pico/pico-sdk/src/rp2_common/pico_double/double_aeabi.S.obj
 .debug_aranges
                0x00000948       0x20 CMakeFiles/displaytest.dir/home/pi/pico/pico-sdk/src/rp2_common/pico_double/double_init_rom.c.obj
 .debug_aranges
                0x00000968       0xc8 CMakeFiles/displaytest.dir/home/pi/pico/pico-sdk/src/rp2_common/pico_double/double_v1_rom_shim.S.obj
 .debug_aranges
                0x00000a30      0x130 CMakeFiles/displaytest.dir/home/pi/pico/pico-sdk/src/rp2_common/pico_float/float_aeabi.S.obj
 .debug_aranges
                0x00000b60       0x20 CMakeFiles/displaytest.dir/home/pi/pico/pico-sdk/src/rp2_common/pico_float/float_init_rom.c.obj
 .debug_aranges
                0x00000b80       0x50 CMakeFiles/displaytest.dir/home/pi/pico/pico-sdk/src/rp2_common/pico_float/float_v1_rom_shim.S.obj
 .debug_aranges
                0x00000bd0       0x38 CMakeFiles/displaytest.dir/home/pi/pico/pico-sdk/src/rp2_common/pico_mem_ops/mem_ops_aeabi.S.obj
 .debug_aranges
                0x00000c08       0x28 CMakeFiles/displaytest.dir/home/pi/pico/pico-sdk/src/rp2_common/pico_standard_link/crt0.S.obj
 .debug_aranges
                0x00000c30       0x18 CMakeFiles/displaytest.dir/home/pi/pico/pico-sdk/src/rp2_common/pico_standard_link/binary_info.c.obj
 .debug_aranges
                0x00000c48       0xd0 CMakeFiles/displaytest.dir/home/pi/pico/pico-sdk/src/rp2_common/pico_stdio/stdio.c.obj
 .debug_aranges
                0x00000d18       0x48 CMakeFiles/displaytest.dir/home/pi/pico/pico-sdk/src/rp2_common/pico_stdio_uart/stdio_uart.c.obj
 .debug_aranges
                0x00000d60       0x20 /usr/lib/gcc/arm-none-eabi/7.3.1/thumb/v6-m/libgcc.a(_dvmd_tls.o)
 .debug_aranges
                0x00000d80       0x20 /usr/lib/gcc/arm-none-eabi/7.3.1/../../../arm-none-eabi/lib/thumb/v6-m/libg.a(lib_a-strlen-stub.o)

.debug_ranges   0x00000000     0x18e0
 .debug_ranges  0x00000000       0x10 CMakeFiles/displaytest.dir/displaytest.c.obj
 .debug_ranges  0x00000010       0xe0 CMakeFiles/displaytest.dir/home/pi/pico/pico-sdk/src/rp2_common/hardware_gpio/gpio.c.obj
 .debug_ranges  0x000000f0       0x38 CMakeFiles/displaytest.dir/home/pi/pico/pico-sdk/src/rp2_common/hardware_claim/claim.c.obj
 .debug_ranges  0x00000128       0x18 CMakeFiles/displaytest.dir/home/pi/pico/pico-sdk/src/rp2_common/pico_platform/platform.c.obj
 .debug_ranges  0x00000140       0x48 CMakeFiles/displaytest.dir/home/pi/pico/pico-sdk/src/rp2_common/hardware_sync/sync.c.obj
 .debug_ranges  0x00000188       0x60 CMakeFiles/displaytest.dir/home/pi/pico/pico-sdk/src/rp2_common/hardware_uart/uart.c.obj
 .debug_ranges  0x000001e8      0x648 CMakeFiles/displaytest.dir/home/pi/pico/pico-sdk/src/common/pico_time/time.c.obj
 .debug_ranges  0x00000830       0x98 CMakeFiles/displaytest.dir/home/pi/pico/pico-sdk/src/rp2_common/hardware_timer/timer.c.obj
 .debug_ranges  0x000008c8       0x10 CMakeFiles/displaytest.dir/home/pi/pico/pico-sdk/src/common/pico_sync/lock_core.c.obj
 .debug_ranges  0x000008d8      0x2d8 CMakeFiles/displaytest.dir/home/pi/pico/pico-sdk/src/common/pico_sync/mutex.c.obj
 .debug_ranges  0x00000bb0      0x248 CMakeFiles/displaytest.dir/home/pi/pico/pico-sdk/src/common/pico_util/pheap.c.obj
 .debug_ranges  0x00000df8       0x68 CMakeFiles/displaytest.dir/home/pi/pico/pico-sdk/src/rp2_common/pico_runtime/runtime.c.obj
 .debug_ranges  0x00000e60       0x60 CMakeFiles/displaytest.dir/home/pi/pico/pico-sdk/src/rp2_common/hardware_clocks/clocks.c.obj
 .debug_ranges  0x00000ec0      0x160 CMakeFiles/displaytest.dir/home/pi/pico/pico-sdk/src/rp2_common/hardware_irq/irq.c.obj
 .debug_ranges  0x00001020       0x18 CMakeFiles/displaytest.dir/home/pi/pico/pico-sdk/src/rp2_common/hardware_pll/pll.c.obj
 .debug_ranges  0x00001038       0x48 CMakeFiles/displaytest.dir/home/pi/pico/pico-sdk/src/rp2_common/hardware_watchdog/watchdog.c.obj
 .debug_ranges  0x00001080       0x20 CMakeFiles/displaytest.dir/home/pi/pico/pico-sdk/src/rp2_common/hardware_xosc/xosc.c.obj
 .debug_ranges  0x000010a0      0x110 CMakeFiles/displaytest.dir/home/pi/pico/pico-sdk/src/rp2_common/pico_printf/printf.c.obj
 .debug_ranges  0x000011b0       0x60 CMakeFiles/displaytest.dir/home/pi/pico/pico-sdk/src/rp2_common/pico_bit_ops/bit_ops_aeabi.S.obj
 .debug_ranges  0x00001210       0x38 CMakeFiles/displaytest.dir/home/pi/pico/pico-sdk/src/rp2_common/pico_bootrom/bootrom.c.obj
 .debug_ranges  0x00001248       0x38 CMakeFiles/displaytest.dir/home/pi/pico/pico-sdk/src/rp2_common/pico_divider/divider.S.obj
 .debug_ranges  0x00001280      0x138 CMakeFiles/displaytest.dir/home/pi/pico/pico-sdk/src/rp2_common/pico_double/double_aeabi.S.obj
 .debug_ranges  0x000013b8       0x10 CMakeFiles/displaytest.dir/home/pi/pico/pico-sdk/src/rp2_common/pico_double/double_init_rom.c.obj
 .debug_ranges  0x000013c8       0xc0 CMakeFiles/displaytest.dir/home/pi/pico/pico-sdk/src/rp2_common/pico_double/double_v1_rom_shim.S.obj
 .debug_ranges  0x00001488      0x128 CMakeFiles/displaytest.dir/home/pi/pico/pico-sdk/src/rp2_common/pico_float/float_aeabi.S.obj
 .debug_ranges  0x000015b0       0x28 CMakeFiles/displaytest.dir/home/pi/pico/pico-sdk/src/rp2_common/pico_float/float_init_rom.c.obj
 .debug_ranges  0x000015d8       0x48 CMakeFiles/displaytest.dir/home/pi/pico/pico-sdk/src/rp2_common/pico_float/float_v1_rom_shim.S.obj
 .debug_ranges  0x00001620       0x30 CMakeFiles/displaytest.dir/home/pi/pico/pico-sdk/src/rp2_common/pico_mem_ops/mem_ops_aeabi.S.obj
 .debug_ranges  0x00001650       0x20 CMakeFiles/displaytest.dir/home/pi/pico/pico-sdk/src/rp2_common/pico_standard_link/crt0.S.obj
 .debug_ranges  0x00001670      0x198 CMakeFiles/displaytest.dir/home/pi/pico/pico-sdk/src/rp2_common/pico_stdio/stdio.c.obj
 .debug_ranges  0x00001808       0xd8 CMakeFiles/displaytest.dir/home/pi/pico/pico-sdk/src/rp2_common/pico_stdio_uart/stdio_uart.c.obj

.debug_line     0x00000000     0x7a30
 .debug_line    0x00000000      0x249 CMakeFiles/displaytest.dir/displaytest.c.obj
 .debug_line    0x00000249      0x594 CMakeFiles/displaytest.dir/home/pi/pico/pico-sdk/src/rp2_common/hardware_gpio/gpio.c.obj
 .debug_line    0x000007dd      0x268 CMakeFiles/displaytest.dir/home/pi/pico/pico-sdk/src/rp2_common/hardware_claim/claim.c.obj
 .debug_line    0x00000a45      0x1a2 CMakeFiles/displaytest.dir/home/pi/pico/pico-sdk/src/rp2_common/pico_platform/platform.c.obj
 .debug_line    0x00000be7      0x298 CMakeFiles/displaytest.dir/home/pi/pico/pico-sdk/src/rp2_common/hardware_sync/sync.c.obj
 .debug_line    0x00000e7f      0x44e CMakeFiles/displaytest.dir/home/pi/pico/pico-sdk/src/rp2_common/hardware_uart/uart.c.obj
 .debug_line    0x000012cd      0xa60 CMakeFiles/displaytest.dir/home/pi/pico/pico-sdk/src/common/pico_time/time.c.obj
 .debug_line    0x00001d2d      0x531 CMakeFiles/displaytest.dir/home/pi/pico/pico-sdk/src/rp2_common/hardware_timer/timer.c.obj
 .debug_line    0x0000225e      0x1e5 CMakeFiles/displaytest.dir/home/pi/pico/pico-sdk/src/common/pico_sync/lock_core.c.obj
 .debug_line    0x00002443      0x5e1 CMakeFiles/displaytest.dir/home/pi/pico/pico-sdk/src/common/pico_sync/mutex.c.obj
 .debug_line    0x00002a24      0x3e8 CMakeFiles/displaytest.dir/home/pi/pico/pico-sdk/src/common/pico_util/pheap.c.obj
 .debug_line    0x00002e0c      0x5d2 CMakeFiles/displaytest.dir/home/pi/pico/pico-sdk/src/rp2_common/pico_runtime/runtime.c.obj
 .debug_line    0x000033de      0x5c2 CMakeFiles/displaytest.dir/home/pi/pico/pico-sdk/src/rp2_common/hardware_clocks/clocks.c.obj
 .debug_line    0x000039a0      0x64b CMakeFiles/displaytest.dir/home/pi/pico/pico-sdk/src/rp2_common/hardware_irq/irq.c.obj
 .debug_line    0x00003feb       0x80 CMakeFiles/displaytest.dir/home/pi/pico/pico-sdk/src/rp2_common/hardware_irq/irq_handler_chain.S.obj
 .debug_line    0x0000406b      0x35c CMakeFiles/displaytest.dir/home/pi/pico/pico-sdk/src/rp2_common/hardware_pll/pll.c.obj
 .debug_line    0x000043c7      0x2b1 CMakeFiles/displaytest.dir/home/pi/pico/pico-sdk/src/rp2_common/hardware_watchdog/watchdog.c.obj
 .debug_line    0x00004678      0x1b0 CMakeFiles/displaytest.dir/home/pi/pico/pico-sdk/src/rp2_common/hardware_xosc/xosc.c.obj
 .debug_line    0x00004828      0x60f CMakeFiles/displaytest.dir/home/pi/pico/pico-sdk/src/rp2_common/pico_printf/printf.c.obj
 .debug_line    0x00004e37      0x143 CMakeFiles/displaytest.dir/home/pi/pico/pico-sdk/src/rp2_common/pico_bit_ops/bit_ops_aeabi.S.obj
 .debug_line    0x00004f7a      0x150 CMakeFiles/displaytest.dir/home/pi/pico/pico-sdk/src/rp2_common/pico_bootrom/bootrom.c.obj
 .debug_line    0x000050ca      0x2cc CMakeFiles/displaytest.dir/home/pi/pico/pico-sdk/src/rp2_common/pico_divider/divider.S.obj
 .debug_line    0x00005396      0x421 CMakeFiles/displaytest.dir/home/pi/pico/pico-sdk/src/rp2_common/pico_double/double_aeabi.S.obj
 .debug_line    0x000057b7      0x270 CMakeFiles/displaytest.dir/home/pi/pico/pico-sdk/src/rp2_common/pico_double/double_init_rom.c.obj
 .debug_line    0x00005a27      0x697 CMakeFiles/displaytest.dir/home/pi/pico/pico-sdk/src/rp2_common/pico_double/double_v1_rom_shim.S.obj
 .debug_line    0x000060be      0x3d7 CMakeFiles/displaytest.dir/home/pi/pico/pico-sdk/src/rp2_common/pico_float/float_aeabi.S.obj
 .debug_line    0x00006495      0x275 CMakeFiles/displaytest.dir/home/pi/pico/pico-sdk/src/rp2_common/pico_float/float_init_rom.c.obj
 .debug_line    0x0000670a      0x1c3 CMakeFiles/displaytest.dir/home/pi/pico/pico-sdk/src/rp2_common/pico_float/float_v1_rom_shim.S.obj
 .debug_line    0x000068cd       0xbd CMakeFiles/displaytest.dir/home/pi/pico/pico-sdk/src/rp2_common/pico_mem_ops/mem_ops_aeabi.S.obj
 .debug_line    0x0000698a       0xce CMakeFiles/displaytest.dir/home/pi/pico/pico-sdk/src/rp2_common/pico_standard_link/crt0.S.obj
 .debug_line    0x00006a58      0x15b CMakeFiles/displaytest.dir/home/pi/pico/pico-sdk/src/rp2_common/pico_standard_link/binary_info.c.obj
 .debug_line    0x00006bb3      0x7a6 CMakeFiles/displaytest.dir/home/pi/pico/pico-sdk/src/rp2_common/pico_stdio/stdio.c.obj
 .debug_line    0x00007359      0x534 CMakeFiles/displaytest.dir/home/pi/pico/pico-sdk/src/rp2_common/pico_stdio_uart/stdio_uart.c.obj
 .debug_line    0x0000788d       0x5d /usr/lib/gcc/arm-none-eabi/7.3.1/thumb/v6-m/libgcc.a(_dvmd_tls.o)
 .debug_line    0x000078ea      0x146 /usr/lib/gcc/arm-none-eabi/7.3.1/../../../arm-none-eabi/lib/thumb/v6-m/libg.a(lib_a-strlen-stub.o)

.debug_str      0x00000000     0x3609
 .debug_str     0x00000000      0x582 CMakeFiles/displaytest.dir/displaytest.c.obj
                                0x5fc (size before relaxing)
 .debug_str     0x00000582      0x6c6 CMakeFiles/displaytest.dir/home/pi/pico/pico-sdk/src/rp2_common/hardware_gpio/gpio.c.obj
                                0x88d (size before relaxing)
 .debug_str     0x00000c48      0x1d0 CMakeFiles/displaytest.dir/home/pi/pico/pico-sdk/src/rp2_common/hardware_claim/claim.c.obj
                                0x36e (size before relaxing)
 .debug_str     0x00000e18       0x7d CMakeFiles/displaytest.dir/home/pi/pico/pico-sdk/src/rp2_common/pico_platform/platform.c.obj
                                0x22a (size before relaxing)
 .debug_str     0x00000e95       0xe8 CMakeFiles/displaytest.dir/home/pi/pico/pico-sdk/src/rp2_common/hardware_sync/sync.c.obj
                                0x355 (size before relaxing)
 .debug_str     0x00000f7d      0x2d7 CMakeFiles/displaytest.dir/home/pi/pico/pico-sdk/src/rp2_common/hardware_uart/uart.c.obj
                                0x534 (size before relaxing)
 .debug_str     0x00001254      0x6e2 CMakeFiles/displaytest.dir/home/pi/pico/pico-sdk/src/common/pico_time/time.c.obj
                                0xf7c (size before relaxing)
 .debug_str     0x00001936      0x17e CMakeFiles/displaytest.dir/home/pi/pico/pico-sdk/src/rp2_common/hardware_timer/timer.c.obj
                                0x696 (size before relaxing)
 .debug_str     0x00001ab4       0x38 CMakeFiles/displaytest.dir/home/pi/pico/pico-sdk/src/common/pico_sync/lock_core.c.obj