Archive member included to satisfy reference by file (symbol)

/usr/lib/gcc/arm-none-eabi/7.3.1/thumb/v6-m/libgcc.a(_dvmd_tls.o)
                              CMakeFiles/sevenseg.dir/home/pi/pico/pico-sdk/src/rp2_common/pico_divider/divider.S.obj (__aeabi_idiv0)
/usr/lib/gcc/arm-none-eabi/7.3.1/../../../arm-none-eabi/lib/thumb/v6-m/libg.a(lib_a-atexit.o)
                              /usr/lib/gcc/arm-none-eabi/7.3.1/../../../arm-none-eabi/lib/thumb/v6-m/crt0.o (atexit)
/usr/lib/gcc/arm-none-eabi/7.3.1/../../../arm-none-eabi/lib/thumb/v6-m/libg.a(lib_a-calloc.o)
                              CMakeFiles/sevenseg.dir/home/pi/pico/pico-sdk/src/rp2_common/pico_malloc/pico_malloc.c.obj (calloc)
/usr/lib/gcc/arm-none-eabi/7.3.1/../../../arm-none-eabi/lib/thumb/v6-m/libg.a(lib_a-callocr.o)
                              /usr/lib/gcc/arm-none-eabi/7.3.1/../../../arm-none-eabi/lib/thumb/v6-m/libg.a(lib_a-calloc.o) (_calloc_r)
/usr/lib/gcc/arm-none-eabi/7.3.1/../../../arm-none-eabi/lib/thumb/v6-m/libg.a(lib_a-fini.o)
                              /usr/lib/gcc/arm-none-eabi/7.3.1/../../../arm-none-eabi/lib/thumb/v6-m/crt0.o (__libc_fini_array)
/usr/lib/gcc/arm-none-eabi/7.3.1/../../../arm-none-eabi/lib/thumb/v6-m/libg.a(lib_a-impure.o)
                              /usr/lib/gcc/arm-none-eabi/7.3.1/../../../arm-none-eabi/lib/thumb/v6-m/libg.a(lib_a-calloc.o) (_impure_ptr)
/usr/lib/gcc/arm-none-eabi/7.3.1/../../../arm-none-eabi/lib/thumb/v6-m/libg.a(lib_a-init.o)
                              /usr/lib/gcc/arm-none-eabi/7.3.1/../../../arm-none-eabi/lib/thumb/v6-m/crt0.o (__libc_init_array)
/usr/lib/gcc/arm-none-eabi/7.3.1/../../../arm-none-eabi/lib/thumb/v6-m/libg.a(lib_a-malloc.o)
                              CMakeFiles/sevenseg.dir/home/pi/pico/pico-sdk/src/rp2_common/pico_malloc/pico_malloc.c.obj (malloc)
/usr/lib/gcc/arm-none-eabi/7.3.1/../../../arm-none-eabi/lib/thumb/v6-m/libg.a(lib_a-mallocr.o)
                              /usr/lib/gcc/arm-none-eabi/7.3.1/../../../arm-none-eabi/lib/thumb/v6-m/libg.a(lib_a-callocr.o) (_malloc_r)
/usr/lib/gcc/arm-none-eabi/7.3.1/../../../arm-none-eabi/lib/thumb/v6-m/libg.a(lib_a-mlock.o)
                              /usr/lib/gcc/arm-none-eabi/7.3.1/../../../arm-none-eabi/lib/thumb/v6-m/libg.a(lib_a-mallocr.o) (__malloc_lock)
/usr/lib/gcc/arm-none-eabi/7.3.1/../../../arm-none-eabi/lib/thumb/v6-m/libg.a(lib_a-sbrkr.o)
                              /usr/lib/gcc/arm-none-eabi/7.3.1/../../../arm-none-eabi/lib/thumb/v6-m/libg.a(lib_a-mallocr.o) (_sbrk_r)
/usr/lib/gcc/arm-none-eabi/7.3.1/../../../arm-none-eabi/lib/thumb/v6-m/libg.a(lib_a-strlen-stub.o)
                              CMakeFiles/sevenseg.dir/home/pi/pico/pico-sdk/src/rp2_common/pico_stdio/stdio.c.obj (strlen)
/usr/lib/gcc/arm-none-eabi/7.3.1/../../../arm-none-eabi/lib/thumb/v6-m/libg.a(lib_a-__atexit.o)
                              /usr/lib/gcc/arm-none-eabi/7.3.1/../../../arm-none-eabi/lib/thumb/v6-m/libg.a(lib_a-atexit.o) (__register_exitproc)
/usr/lib/gcc/arm-none-eabi/7.3.1/../../../arm-none-eabi/lib/thumb/v6-m/libg.a(lib_a-freer.o)
                              /usr/lib/gcc/arm-none-eabi/7.3.1/../../../arm-none-eabi/lib/thumb/v6-m/libg.a(lib_a-malloc.o) (_free_r)
/usr/lib/gcc/arm-none-eabi/7.3.1/../../../arm-none-eabi/lib/thumb/v6-m/libg.a(lib_a-reent.o)
                              /usr/lib/gcc/arm-none-eabi/7.3.1/../../../arm-none-eabi/lib/thumb/v6-m/libg.a(lib_a-sbrkr.o) (errno)

Allocating common symbols
Common symbol       size              file

sf_table            0x100             CMakeFiles/sevenseg.dir/home/pi/pico/pico-sdk/src/rp2_common/pico_float/float_init_rom.c.obj
errno               0x4               /usr/lib/gcc/arm-none-eabi/7.3.1/../../../arm-none-eabi/lib/thumb/v6-m/libg.a(lib_a-reent.o)
sd_table            0x100             CMakeFiles/sevenseg.dir/home/pi/pico/pico-sdk/src/rp2_common/pico_double/double_init_rom.c.obj
uart_char_to_line_feed
                    0x4               CMakeFiles/sevenseg.dir/home/pi/pico/pico-sdk/src/rp2_common/hardware_uart/uart.c.obj

Discarded input sections

 .text          0x00000000        0x0 /usr/lib/gcc/arm-none-eabi/7.3.1/thumb/v6-m/crti.o
 .data          0x00000000        0x0 /usr/lib/gcc/arm-none-eabi/7.3.1/thumb/v6-m/crti.o
 .bss           0x00000000        0x0 /usr/lib/gcc/arm-none-eabi/7.3.1/thumb/v6-m/crti.o
 .data          0x00000000        0x4 /usr/lib/gcc/arm-none-eabi/7.3.1/thumb/v6-m/crtbegin.o
 .fini_array    0x00000000        0x4 /usr/lib/gcc/arm-none-eabi/7.3.1/thumb/v6-m/crtbegin.o
 .text          0x00000000       0x6c /usr/lib/gcc/arm-none-eabi/7.3.1/../../../arm-none-eabi/lib/thumb/v6-m/crt0.o
 .data          0x00000000        0x0 /usr/lib/gcc/arm-none-eabi/7.3.1/../../../arm-none-eabi/lib/thumb/v6-m/crt0.o
 .bss           0x00000000        0x0 /usr/lib/gcc/arm-none-eabi/7.3.1/../../../arm-none-eabi/lib/thumb/v6-m/crt0.o
 .ARM.extab     0x00000000        0x0 /usr/lib/gcc/arm-none-eabi/7.3.1/../../../arm-none-eabi/lib/thumb/v6-m/crt0.o
[...]
Memory Configuration

Name             Origin             Length             Attributes
FLASH            0x10000000         0x00200000         xr
RAM              0x20000000         0x00040000         xrw
SCRATCH_X        0x20040000         0x00001000         xrw
SCRATCH_Y        0x20041000         0x00001000         xrw
*default*        0x00000000         0xffffffff

Linker script and memory map

LOAD /usr/lib/gcc/arm-none-eabi/7.3.1/thumb/v6-m/crti.o
LOAD /usr/lib/gcc/arm-none-eabi/7.3.1/thumb/v6-m/crtbegin.o
LOAD /usr/lib/gcc/arm-none-eabi/7.3.1/../../../arm-none-eabi/lib/thumb/v6-m/crt0.o

.flash_begin    0x10000000        0x0
                0x10000000                __flash_binary_start = .

.boot2          0x10000000      0x100
                0x10000000                __boot2_start__ = .
 *(.boot2)
 .boot2         0x10000000      0x100 /tmp/ccY8N9qd.o
                0x10000100                __boot2_end__ = .
                0x00000001                ASSERT (((__boot2_end__ - __boot2_start__) == 0x100), ERROR: Pico second stage bootloader must be 256 bytes in size)

.text           0x10000100     0x4400
                0x10000100                __logical_binary_start = .
 *(.vectors)
 .vectors       0x10000100       0xd4 CMakeFiles/sevenseg.dir/home/pi/pico/pico-sdk/src/rp2_common/pico_standard_link/crt0.S.obj
                0x10000100                __vectors
                0x10000100                __VECTOR_TABLE
                0x100001c0                isr_invalid
                0x100001c0                __default_isrs_start
                0x100001c2                isr_nmi
                0x100001c4                isr_hardfault
                0x100001c6                isr_svcall
                0x100001c8                isr_pendsv
                0x100001ca                isr_systick
                0x100001cc                isr_irq30
                0x100001cc                __unhandled_user_irq
                0x100001cc                isr_irq13
                0x100001cc                isr_irq27
                0x100001cc                isr_irq31
                0x100001cc                isr_irq5
                0x100001cc                isr_irq11
                0x100001cc                isr_irq23
                0x100001cc                isr_irq18
                0x100001cc                isr_irq28
                0x100001cc                isr_irq19
                0x100001cc                isr_irq0
                0x100001cc                isr_irq6
                0x100001cc                isr_irq22
                0x100001cc                isr_irq17
                0x100001cc                isr_irq14
                0x100001cc                isr_irq2
                0x100001cc                isr_irq10
                0x100001cc                isr_irq8
                0x100001cc                isr_irq24
                0x100001cc                isr_irq1
                0x100001cc                isr_irq7
                0x100001cc                isr_irq21
                0x100001cc                isr_irq20
                0x100001cc                isr_irq15
                0x100001cc                isr_irq25
                0x100001cc                isr_irq4
                0x100001cc                isr_irq16
                0x100001cc                isr_irq29
                0x100001cc                isr_irq26
                0x100001cc                __default_isrs_end
                0x100001cc                isr_irq3
                0x100001cc                isr_irq12
                0x100001cc                isr_irq9
                0x100001d2                unhandled_user_irq_num_in_r0
 *(.binary_info_header)
 .binary_info_header
                0x100001d4       0x14 CMakeFiles/sevenseg.dir/home/pi/pico/pico-sdk/src/rp2_common/pico_standard_link/crt0.S.obj
                0x100001e8                __binary_info_header_end = .
 *(.reset)
 .reset         0x100001e8       0xa8 CMakeFiles/sevenseg.dir/home/pi/pico/pico-sdk/src/rp2_common/pico_standard_link/crt0.S.obj
                0x100001e8                _entry_point
                0x10000266                __get_current_exception
 .reset         0x10000290       0x30 CMakeFiles/sevenseg.dir/home/pi/pico/pico-sdk/src/rp2_common/pico_standard_link/binary_info.c.obj
 *(.init)
 .init          0x100002c0        0x4 /usr/lib/gcc/arm-none-eabi/7.3.1/thumb/v6-m/crti.o
                0x100002c0                _init
 *(EXCLUDE_FILE(*libm.a: *libc.a:*lib_a-mem*.o *libgcc.a:) .text*)
 .text          0x100002c4       0x98 /usr/lib/gcc/arm-none-eabi/7.3.1/thumb/v6-m/crtbegin.o
 .text.setup    0x1000035c       0x6c CMakeFiles/sevenseg.dir/sevenseg.c.obj
                0x1000035c                setup
 .text.main     0x100003c8      0x140 CMakeFiles/sevenseg.dir/sevenseg.c.obj
                0x100003c8                main
 .text.gpio_set_function
                0x10000508       0x30 CMakeFiles/sevenseg.dir/home/pi/pico/pico-sdk/src/rp2_common/hardware_gpio/gpio.c.obj
                0x10000508                gpio_set_function
 .text.gpio_init
                0x10000538       0x16 CMakeFiles/sevenseg.dir/home/pi/pico/pico-sdk/src/rp2_common/hardware_gpio/gpio.c.obj
                0x10000538                gpio_init
 *fill*         0x1000054e        0x2 
 .text.hw_claim_lock
                0x10000550       0x18 CMakeFiles/sevenseg.dir/home/pi/pico/pico-sdk/src/rp2_common/hardware_claim/claim.c.obj
                0x10000550                hw_claim_lock
 .text.hw_claim_unlock
                0x10000568       0x14 CMakeFiles/sevenseg.dir/home/pi/pico/pico-sdk/src/rp2_common/hardware_claim/claim.c.obj
                0x10000568                hw_claim_unlock
 .text.hw_claim_or_assert
                0x1000057c       0x32 CMakeFiles/sevenseg.dir/home/pi/pico/pico-sdk/src/rp2_common/hardware_claim/claim.c.obj
                0x1000057c                hw_claim_or_assert
 *fill*         0x100005ae        0x2 
 .text.running_on_fpga
                0x100005b0       0x14 CMakeFiles/sevenseg.dir/home/pi/pico/pico-sdk/src/rp2_common/pico_platform/platform.c.obj
                0x100005b0                running_on_fpga
 .text.spin_locks_reset
                0x100005c4       0x20 CMakeFiles/sevenseg.dir/home/pi/pico/pico-sdk/src/rp2_common/hardware_sync/sync.c.obj
                0x100005c4                spin_locks_reset
 .text.next_striped_spin_lock_num
                0x100005e4       0x1c CMakeFiles/sevenseg.dir/home/pi/pico/pico-sdk/src/rp2_common/hardware_sync/sync.c.obj
                0x100005e4                next_striped_spin_lock_num
 .text.uart_set_baudrate
                0x10000600       0x5c CMakeFiles/sevenseg.dir/home/pi/pico/pico-sdk/src/rp2_common/hardware_uart/uart.c.obj
                0x10000600                uart_set_baudrate
 .text.uart_set_translate_crlf
                0x1000065c       0x28 CMakeFiles/sevenseg.dir/home/pi/pico/pico-sdk/src/rp2_common/hardware_uart/uart.c.obj
                0x1000065c                uart_set_translate_crlf
 .text.uart_init
                0x10000684       0x84 CMakeFiles/sevenseg.dir/home/pi/pico/pico-sdk/src/rp2_common/hardware_uart/uart.c.obj
                0x10000684                uart_init
 .text.alarm_pool_post_alloc_init
                0x10000708       0x40 CMakeFiles/sevenseg.dir/home/pi/pico/pico-sdk/src/common/pico_time/time.c.obj
 .text.sleep_until_callback
                0x10000748       0x30 CMakeFiles/sevenseg.dir/home/pi/pico/pico-sdk/src/common/pico_time/time.c.obj
 .text.timer_pool_entry_comparator
                0x10000778       0x7c CMakeFiles/sevenseg.dir/home/pi/pico/pico-sdk/src/common/pico_time/time.c.obj
                0x10000778                timer_pool_entry_comparator
 .text.ph_add_child_node
                0x100007f4       0xa4 CMakeFiles/sevenseg.dir/home/pi/pico/pico-sdk/src/common/pico_time/time.c.obj
 .text.ph_merge_nodes
                0x10000898       0x3a CMakeFiles/sevenseg.dir/home/pi/pico/pico-sdk/src/common/pico_time/time.c.obj
 *fill*         0x100008d2        0x2 
 .text.add_alarm_under_lock
                0x100008d4      0x180 CMakeFiles/sevenseg.dir/home/pi/pico/pico-sdk/src/common/pico_time/time.c.obj
 .text.alarm_pool_alarm_callback
                0x10000a54      0x344 CMakeFiles/sevenseg.dir/home/pi/pico/pico-sdk/src/common/pico_time/time.c.obj
 .text.alarm_pool_init_default
                0x10000d98       0x38 CMakeFiles/sevenseg.dir/home/pi/pico/pico-sdk/src/common/pico_time/time.c.obj
                0x10000d98                alarm_pool_init_default
 .text.alarm_pool_get_default
                0x10000dd0       0x2c CMakeFiles/sevenseg.dir/home/pi/pico/pico-sdk/src/common/pico_time/time.c.obj
                0x10000dd0                alarm_pool_get_default
 .text.alarm_pool_add_alarm_at
                0x10000dfc      0x168 CMakeFiles/sevenseg.dir/home/pi/pico/pico-sdk/src/common/pico_time/time.c.obj
                0x10000dfc                alarm_pool_add_alarm_at
 .text.sleep_until
                0x10000f64       0xfc CMakeFiles/sevenseg.dir/home/pi/pico/pico-sdk/src/common/pico_time/time.c.obj
                0x10000f64                sleep_until
 .text.sleep_us
                0x10001060       0x54 CMakeFiles/sevenseg.dir/home/pi/pico/pico-sdk/src/common/pico_time/time.c.obj
                0x10001060                sleep_us
 .text.sleep_ms
                0x100010b4       0x14 CMakeFiles/sevenseg.dir/home/pi/pico/pico-sdk/src/common/pico_time/time.c.obj
                0x100010b4                sleep_ms
 .text.hardware_alarm_irq_handler
                0x100010c8       0x8c CMakeFiles/sevenseg.dir/home/pi/pico/pico-sdk/src/rp2_common/hardware_timer/timer.c.obj
 .text.hardware_alarm_claim
                0x10001154       0x18 CMakeFiles/sevenseg.dir/home/pi/pico/pico-sdk/src/rp2_common/hardware_timer/timer.c.obj
                0x10001154                hardware_alarm_claim
 .text.time_us_64
                0x1000116c       0x18 CMakeFiles/sevenseg.dir/home/pi/pico/pico-sdk/src/rp2_common/hardware_timer/timer.c.obj
                0x1000116c                time_us_64
 .text.busy_wait_until
                0x10001184       0x28 CMakeFiles/sevenseg.dir/home/pi/pico/pico-sdk/src/rp2_common/hardware_timer/timer.c.obj
                0x10001184                busy_wait_until
 .text.hardware_alarm_set_callback
                0x100011ac       0x90 CMakeFiles/sevenseg.dir/home/pi/pico/pico-sdk/src/rp2_common/hardware_timer/timer.c.obj
                0x100011ac                hardware_alarm_set_callback
 .text.hardware_alarm_set_target
                0x1000123c       0xe8 CMakeFiles/sevenseg.dir/home/pi/pico/pico-sdk/src/rp2_common/hardware_timer/timer.c.obj
                0x1000123c                hardware_alarm_set_target
 .text.hardware_alarm_cancel
                0x10001324       0x40 CMakeFiles/sevenseg.dir/home/pi/pico/pico-sdk/src/rp2_common/hardware_timer/timer.c.obj
                0x10001324                hardware_alarm_cancel
 .text.lock_init
                0x10001364       0x10 CMakeFiles/sevenseg.dir/home/pi/pico/pico-sdk/src/common/pico_sync/lock_core.c.obj
                0x10001364                lock_init
 .text.mutex_init
                0x10001374       0x1a CMakeFiles/sevenseg.dir/home/pi/pico/pico-sdk/src/common/pico_sync/mutex.c.obj
                0x10001374                mutex_init
 .text.recursive_mutex_init
                0x1000138e       0x1e CMakeFiles/sevenseg.dir/home/pi/pico/pico-sdk/src/common/pico_sync/mutex.c.obj
                0x1000138e                recursive_mutex_init
 .text.ph_add_child_node
                0x100013ac       0xa4 CMakeFiles/sevenseg.dir/home/pi/pico/pico-sdk/src/common/pico_util/pheap.c.obj
 .text.ph_merge_nodes
                0x10001450       0x3a CMakeFiles/sevenseg.dir/home/pi/pico/pico-sdk/src/common/pico_util/pheap.c.obj
 *fill*         0x1000148a        0x2 
 .text.ph_clear
                0x1000148c       0x70 CMakeFiles/sevenseg.dir/home/pi/pico/pico-sdk/src/common/pico_util/pheap.c.obj
                0x1000148c                ph_clear
 .text.ph_post_alloc_init
                0x100014fc        0xe CMakeFiles/sevenseg.dir/home/pi/pico/pico-sdk/src/common/pico_util/pheap.c.obj
                0x100014fc                ph_post_alloc_init
 *fill*         0x1000150a        0x2 
 .text.ph_merge_two_pass
                0x1000150c       0xac CMakeFiles/sevenseg.dir/home/pi/pico/pico-sdk/src/common/pico_util/pheap.c.obj
                0x1000150c                ph_merge_two_pass
 .text.ph_remove_any_head
                0x100015b8      0x108 CMakeFiles/sevenseg.dir/home/pi/pico/pico-sdk/src/common/pico_util/pheap.c.obj
 .text.ph_remove_head
                0x100016c0       0x14 CMakeFiles/sevenseg.dir/home/pi/pico/pico-sdk/src/common/pico_util/pheap.c.obj
                0x100016c0                ph_remove_head
 .text.ph_remove_and_free_node
                0x100016d4       0xf8 CMakeFiles/sevenseg.dir/home/pi/pico/pico-sdk/src/common/pico_util/pheap.c.obj
                0x100016d4                ph_remove_and_free_node
 .text._exit    0x100017cc        0x4 CMakeFiles/sevenseg.dir/home/pi/pico/pico-sdk/src/rp2_common/pico_runtime/runtime.c.obj
                0x100017cc                _exit
 .text.exit     0x100017d0        0x6 CMakeFiles/sevenseg.dir/home/pi/pico/pico-sdk/src/rp2_common/pico_runtime/runtime.c.obj
                0x100017d0                exit
 *fill*         0x100017d6        0x2 
 .text.__assert_func
                0x100017d8       0x3c CMakeFiles/sevenseg.dir/home/pi/pico/pico-sdk/src/rp2_common/pico_runtime/runtime.c.obj
                0x100017d8                __assert_func
 .text.runtime_init
                0x10001814       0xf8 CMakeFiles/sevenseg.dir/home/pi/pico/pico-sdk/src/rp2_common/pico_runtime/runtime.c.obj
                0x10001814                runtime_init
 .text.panic    0x1000190c       0x30 CMakeFiles/sevenseg.dir/home/pi/pico/pico-sdk/src/rp2_common/pico_runtime/runtime.c.obj
                0x1000190c                panic
 .text.clock_configure
                0x1000193c       0xfc CMakeFiles/sevenseg.dir/home/pi/pico/pico-sdk/src/rp2_common/hardware_clocks/clocks.c.obj
                0x1000193c                clock_configure
 .text.clocks_init
                0x10001a38      0x100 CMakeFiles/sevenseg.dir/home/pi/pico/pico-sdk/src/rp2_common/hardware_clocks/clocks.c.obj
                0x10001a38                clocks_init
 .text.clock_get_hz
                0x10001b38        0xc CMakeFiles/sevenseg.dir/home/pi/pico/pico-sdk/src/rp2_common/hardware_clocks/clocks.c.obj
                0x10001b38                clock_get_hz
 .text.set_raw_irq_handler_and_unlock
                0x10001b44       0x28 CMakeFiles/sevenseg.dir/home/pi/pico/pico-sdk/src/rp2_common/hardware_irq/irq.c.obj
 .text.make_branch
                0x10001b6c       0x34 CMakeFiles/sevenseg.dir/home/pi/pico/pico-sdk/src/rp2_common/hardware_irq/irq.c.obj
 .text.insert_branch_and_link
                0x10001ba0       0x40 CMakeFiles/sevenseg.dir/home/pi/pico/pico-sdk/src/rp2_common/hardware_irq/irq.c.obj
 .text.irq_is_enabled
                0x10001be0       0x18 CMakeFiles/sevenseg.dir/home/pi/pico/pico-sdk/src/rp2_common/hardware_irq/irq.c.obj
                0x10001be0                irq_is_enabled
 .text.irq_set_mask_enabled
                0x10001bf8       0x20 CMakeFiles/sevenseg.dir/home/pi/pico/pico-sdk/src/rp2_common/hardware_irq/irq.c.obj
                0x10001bf8                irq_set_mask_enabled
 .text.irq_set_enabled
                0x10001c18        0xe CMakeFiles/sevenseg.dir/home/pi/pico/pico-sdk/src/rp2_common/hardware_irq/irq.c.obj
                0x10001c18                irq_set_enabled
 *fill*         0x10001c26        0x2 
 .text.irq_get_vtable_handler
                0x10001c28       0x10 CMakeFiles/sevenseg.dir/home/pi/pico/pico-sdk/src/rp2_common/hardware_irq/irq.c.obj
                0x10001c28                irq_get_vtable_handler
 .text.irq_set_exclusive_handler
                0x10001c38       0x54 CMakeFiles/sevenseg.dir/home/pi/pico/pico-sdk/src/rp2_common/hardware_irq/irq.c.obj
                0x10001c38                irq_set_exclusive_handler
 .text.irq_remove_handler
                0x10001c8c      0x1b4 CMakeFiles/sevenseg.dir/home/pi/pico/pico-sdk/src/rp2_common/hardware_irq/irq.c.obj
                0x10001c8c                irq_remove_handler
 .text.irq_add_tail_to_free_list
                0x10001e40       0xf0 CMakeFiles/sevenseg.dir/home/pi/pico/pico-sdk/src/rp2_common/hardware_irq/irq.c.obj
                0x10001e40                irq_add_tail_to_free_list
 .text.irq_init_priorities
                0x10001f30       0x1c CMakeFiles/sevenseg.dir/home/pi/pico/pico-sdk/src/rp2_common/hardware_irq/irq.c.obj
                0x10001f30                irq_init_priorities
 .text.pll_init
                0x10001f4c      0x118 CMakeFiles/sevenseg.dir/home/pi/pico/pico-sdk/src/rp2_common/hardware_pll/pll.c.obj
                0x10001f4c                pll_init
 .text.watchdog_start_tick
                0x10002064       0x10 CMakeFiles/sevenseg.dir/home/pi/pico/pico-sdk/src/rp2_common/hardware_watchdog/watchdog.c.obj
                0x10002064                watchdog_start_tick
 .text.xosc_init
                0x10002074       0x28 CMakeFiles/sevenseg.dir/home/pi/pico/pico-sdk/src/rp2_common/hardware_xosc/xosc.c.obj
                0x10002074                xosc_init
 .text._out_null
                0x1000209c        0x2 CMakeFiles/sevenseg.dir/home/pi/pico/pico-sdk/src/rp2_common/pico_printf/printf.c.obj
 .text._out_fct
                0x1000209e        0xe CMakeFiles/sevenseg.dir/home/pi/pico/pico-sdk/src/rp2_common/pico_printf/printf.c.obj
 .text._atoi    0x100020ac       0x24 CMakeFiles/sevenseg.dir/home/pi/pico/pico-sdk/src/rp2_common/pico_printf/printf.c.obj
 .text._out_rev
                0x100020d0       0x8c CMakeFiles/sevenseg.dir/home/pi/pico/pico-sdk/src/rp2_common/pico_printf/printf.c.obj
 .text._ntoa_format
                0x1000215c      0x112 CMakeFiles/sevenseg.dir/home/pi/pico/pico-sdk/src/rp2_common/pico_printf/printf.c.obj
 .text._ntoa_long
                0x1000226e       0x9e CMakeFiles/sevenseg.dir/home/pi/pico/pico-sdk/src/rp2_common/pico_printf/printf.c.obj
 .text._ntoa_long_long
                0x1000230c       0xe2 CMakeFiles/sevenseg.dir/home/pi/pico/pico-sdk/src/rp2_common/pico_printf/printf.c.obj
 *fill*         0x100023ee        0x2 
 .text._etoa    0x100023f0      0x424 CMakeFiles/sevenseg.dir/home/pi/pico/pico-sdk/src/rp2_common/pico_printf/printf.c.obj
 .text._ftoa    0x10002814      0x340 CMakeFiles/sevenseg.dir/home/pi/pico/pico-sdk/src/rp2_common/pico_printf/printf.c.obj
 .text._vsnprintf
                0x10002b54      0x640 CMakeFiles/sevenseg.dir/home/pi/pico/pico-sdk/src/rp2_common/pico_printf/printf.c.obj
 .text.vfctprintf
                0x10003194       0x20 CMakeFiles/sevenseg.dir/home/pi/pico/pico-sdk/src/rp2_common/pico_printf/printf.c.obj
                0x10003194                vfctprintf
 .text          0x100031b4       0x10 CMakeFiles/sevenseg.dir/home/pi/pico/pico-sdk/src/rp2_common/pico_bit_ops/bit_ops_aeabi.S.obj
 .text.rom_func_lookup
                0x100031c4       0x10 CMakeFiles/sevenseg.dir/home/pi/pico/pico-sdk/src/rp2_common/pico_bootrom/bootrom.c.obj
                0x100031c4                rom_func_lookup
 .text.rom_data_lookup
                0x100031d4       0x10 CMakeFiles/sevenseg.dir/home/pi/pico/pico-sdk/src/rp2_common/pico_bootrom/bootrom.c.obj
                0x100031d4                rom_data_lookup
 .text.rom_funcs_lookup
                0x100031e4       0x36 CMakeFiles/sevenseg.dir/home/pi/pico/pico-sdk/src/rp2_common/pico_bootrom/bootrom.c.obj
                0x100031e4                rom_funcs_lookup
 *fill*         0x1000321a        0x2 
 .text.__wrap___aeabi_idiv
                0x1000321c       0x50 CMakeFiles/sevenseg.dir/home/pi/pico/pico-sdk/src/rp2_common/pico_divider/divider.S.obj
                0x1000321c                __wrap___aeabi_idivmod
                0x1000321c                divmod_s32s32
                0x1000321c                div_s32s32
                0x1000321c                __wrap___aeabi_idiv
                0x10003224                divmod_s32s32_unsafe
                0x10003250                divmod_s32s32_savestate
 .text.__wrap___aeabi_uidiv
                0x1000326c       0x4c CMakeFiles/sevenseg.dir/home/pi/pico/pico-sdk/src/rp2_common/pico_divider/divider.S.obj
                0x1000326c                __wrap___aeabi_uidiv
                0x1000326c                __wrap___aeabi_uidivmod
                0x1000326c                div_u32u32
                0x1000326c                divmod_u32u32
                0x10003274                divmod_u32u32_unsafe
                0x1000329c                divmod_u32u32_savestate
 .text.__wrap___aeabi_ldiv
                0x100032b8      0x434 CMakeFiles/sevenseg.dir/home/pi/pico/pico-sdk/src/rp2_common/pico_divider/divider.S.obj
                0x100032b8                div_s64s64
                0x100032b8                divmod_s64s64
                0x100032b8                __wrap___aeabi_ldivmod
                0x100032f0                div_u64u64
                0x100032f0                divmod_u64u64
                0x100032f0                __wrap___aeabi_uldivmod
                0x10003300                divmod_u64u64_savestate
                0x10003328                divmod_s64s64_unsafe
                0x100033b0                divmod_u64u64_unsafe
 .text.__wrap___aeabi_darithmetic
                0x100036ec       0x80 CMakeFiles/sevenseg.dir/home/pi/pico/pico-sdk/src/rp2_common/pico_double/double_aeabi.S.obj
                0x100036ec                __wrap___aeabi_drsub
                0x100036f2                __wrap___aeabi_dsub
                0x10003704                __wrap___aeabi_dadd
                0x10003716                __wrap___aeabi_ddiv
                0x10003752                __wrap___aeabi_dmul
 .text.__wrap___aeabi_cdcmple
                0x1000376c       0x6c CMakeFiles/sevenseg.dir/home/pi/pico/pico-sdk/src/rp2_common/pico_double/double_aeabi.S.obj
                0x1000376c                __wrap___aeabi_cdrcmple
                0x1000377c                __wrap___aeabi_cdcmple
                0x1000377c                __wrap___aeabi_cdcmpeq
 .text.__wrap___aeabi_dcmplt
                0x100037d8        0xc CMakeFiles/sevenseg.dir/home/pi/pico/pico-sdk/src/rp2_common/pico_double/double_aeabi.S.obj
                0x100037d8                __wrap___aeabi_dcmplt
 .text.__wrap___aeabi_dcmple
                0x100037e4       0x10 CMakeFiles/sevenseg.dir/home/pi/pico/pico-sdk/src/rp2_common/pico_double/double_aeabi.S.obj
                0x100037e4                __wrap___aeabi_dcmple
 .text.__wrap___aeabi_dcmpge
                0x100037f4       0x10 CMakeFiles/sevenseg.dir/home/pi/pico/pico-sdk/src/rp2_common/pico_double/double_aeabi.S.obj
                0x100037f4                __wrap___aeabi_dcmpge
 .text.__wrap___aeabi_dcmpgt
                0x10003804        0xa CMakeFiles/sevenseg.dir/home/pi/pico/pico-sdk/src/rp2_common/pico_double/double_aeabi.S.obj
                0x10003804                __wrap___aeabi_dcmpgt
 .text.__wrap___aeabi_dcmpun
                0x1000380e       0x1c CMakeFiles/sevenseg.dir/home/pi/pico/pico-sdk/src/rp2_common/pico_double/double_aeabi.S.obj
                0x1000380e                __wrap___aeabi_dcmpun
 *fill*         0x1000382a        0x2 
 .text.__wrap___aeabi_i2d
                0x1000382c       0x38 CMakeFiles/sevenseg.dir/home/pi/pico/pico-sdk/src/rp2_common/pico_double/double_aeabi.S.obj
                0x1000382c                __wrap___aeabi_ui2d
                0x10003834                __wrap___aeabi_i2d
 .text.__wrap___aeabi_d2iz
                0x10003864       0x48 CMakeFiles/sevenseg.dir/home/pi/pico/pico-sdk/src/rp2_common/pico_double/double_aeabi.S.obj
                0x10003864                __wrap___aeabi_d2iz
                0x10003864                double2int_z
 .text.__wrap___aeabi_d2uiz
                0x100038ac       0x18 CMakeFiles/sevenseg.dir/home/pi/pico/pico-sdk/src/rp2_common/pico_double/double_aeabi.S.obj
                0x100038ac                double2uint
                0x100038ac                __wrap___aeabi_d2uiz
 .text.__aeabi_double_init
                0x100038c4       0xc8 CMakeFiles/sevenseg.dir/home/pi/pico/pico-sdk/src/rp2_common/pico_double/double_init_rom.c.obj
                0x100038c4                __aeabi_double_init
 .text.double_table_shim_on_use_helper
                0x1000398c       0x34 CMakeFiles/sevenseg.dir/home/pi/pico/pico-sdk/src/rp2_common/pico_double/double_v1_rom_shim.S.obj
                0x1000398c                double_table_shim_on_use_helper
 .text.__wrap___aeabi_dsub
                0x100039c0       0x10 CMakeFiles/sevenseg.dir/home/pi/pico/pico-sdk/src/rp2_common/pico_double/double_v1_rom_shim.S.obj
                0x100039c0                drsub_shim
                0x100039c6                dsub_shim
 .text.dadd_shim
                0x100039d0      0x15c CMakeFiles/sevenseg.dir/home/pi/pico/pico-sdk/src/rp2_common/pico_double/double_v1_rom_shim.S.obj
                0x100039d0                dadd_shim
 .text.dmul_shim
                0x10003b2c      0x15c CMakeFiles/sevenseg.dir/home/pi/pico/pico-sdk/src/rp2_common/pico_double/double_v1_rom_shim.S.obj
                0x10003b2c                dmul_shim
 .text.ddiv_shim
                0x10003c88      0x1b0 CMakeFiles/sevenseg.dir/home/pi/pico/pico-sdk/src/rp2_common/pico_double/double_v1_rom_shim.S.obj
                0x10003c88                ddiv_shim
 .text.double2uint_shim
                0x10003e38        0xe CMakeFiles/sevenseg.dir/home/pi/pico/pico-sdk/src/rp2_common/pico_double/double_v1_rom_shim.S.obj
                0x10003e38                double2uint_shim
                0x10003e3a                double2ufix_shim
 *fill*         0x10003e46        0x2 
 .text.double2uint64_shim
                0x10003e48       0x70 CMakeFiles/sevenseg.dir/home/pi/pico/pico-sdk/src/rp2_common/pico_double/double_v1_rom_shim.S.obj
                0x10003e48                double2uint64_shim
                0x10003e4a                double2ufix64_shim
                0x10003e6a                d2fix_a
 .text.dunpacks
                0x10003eb8       0x3c CMakeFiles/sevenseg.dir/home/pi/pico/pico-sdk/src/rp2_common/pico_double/double_v1_rom_shim.S.obj
                0x10003eb8                dunpacks
 .text.__aeabi_lmul
                0x10003ef4       0x32 CMakeFiles/sevenseg.dir/home/pi/pico/pico-sdk/src/rp2_common/pico_int64_ops/pico_int64_ops_aeabi.S.obj
                0x10003ef4                __wrap___aeabi_lmul
 *fill*         0x10003f26        0x2 
 .text.__aeabi_float_init
                0x10003f28       0xfc CMakeFiles/sevenseg.dir/home/pi/pico/pico-sdk/src/rp2_common/pico_float/float_init_rom.c.obj
                0x10003f28                __aeabi_float_init
 .text.float_table_shim_on_use_helper
                0x10004024       0x34 CMakeFiles/sevenseg.dir/home/pi/pico/pico-sdk/src/rp2_common/pico_float/float_v1_rom_shim.S.obj
                0x10004024                float_table_shim_on_use_helper
 .text          0x10004058       0x10 CMakeFiles/sevenseg.dir/home/pi/pico/pico-sdk/src/rp2_common/pico_mem_ops/mem_ops_aeabi.S.obj
                0x10004058                __aeabi_mem_init
 .text.memset   0x10004068        0xc CMakeFiles/sevenseg.dir/home/pi/pico/pico-sdk/src/rp2_common/pico_mem_ops/mem_ops_aeabi.S.obj
                0x10004068                __wrap_memset
 .text.memcpy   0x10004074        0xc CMakeFiles/sevenseg.dir/home/pi/pico/pico-sdk/src/rp2_common/pico_mem_ops/mem_ops_aeabi.S.obj
                0x10004074                __wrap___aeabi_memcpy
                0x10004074                __wrap_memcpy
 .text.stdio_out_chars_no_crlf
                0x10004080        0xe CMakeFiles/sevenseg.dir/home/pi/pico/pico-sdk/src/rp2_common/pico_stdio/stdio.c.obj
 *fill*         0x1000408e        0x2 
 .text.stdio_out_chars_crlf
                0x10004090       0x80 CMakeFiles/sevenseg.dir/home/pi/pico/pico-sdk/src/rp2_common/pico_stdio/stdio.c.obj
 .text.stdio_stack_buffer_flush
                0x10004110       0x44 CMakeFiles/sevenseg.dir/home/pi/pico/pico-sdk/src/rp2_common/pico_stdio/stdio.c.obj
 .text.stdio_buffered_printer
                0x10004154       0x20 CMakeFiles/sevenseg.dir/home/pi/pico/pico-sdk/src/rp2_common/pico_stdio/stdio.c.obj
 .text.stdout_serialize_begin
                0x10004174       0x30 CMakeFiles/sevenseg.dir/home/pi/pico/pico-sdk/src/rp2_common/pico_stdio/stdio.c.obj
                0x10004174                stdout_serialize_begin
 .text.stdout_serialize_end
                0x100041a4       0x10 CMakeFiles/sevenseg.dir/home/pi/pico/pico-sdk/src/rp2_common/pico_stdio/stdio.c.obj
                0x100041a4                stdout_serialize_end
 .text.stdio_put_string
                0x100041b4       0x94 CMakeFiles/sevenseg.dir/home/pi/pico/pico-sdk/src/rp2_common/pico_stdio/stdio.c.obj
 .text.stdio_set_driver_enabled
                0x10004248       0x38 CMakeFiles/sevenseg.dir/home/pi/pico/pico-sdk/src/rp2_common/pico_stdio/stdio.c.obj
                0x10004248                stdio_set_driver_enabled
 .text.stdio_flush
                0x10004280       0x20 CMakeFiles/sevenseg.dir/home/pi/pico/pico-sdk/src/rp2_common/pico_stdio/stdio.c.obj
                0x10004280                stdio_flush
 .text.__wrap_puts
                0x100042a0       0x1e CMakeFiles/sevenseg.dir/home/pi/pico/pico-sdk/src/rp2_common/pico_stdio/stdio.c.obj
                0x100042a0                __wrap_puts
 *fill*         0x100042be        0x2 
 .text.__wrap_vprintf
                0x100042c0       0x44 CMakeFiles/sevenseg.dir/home/pi/pico/pico-sdk/src/rp2_common/pico_stdio/stdio.c.obj
                0x100042c0                __wrap_vprintf
 .text.__wrap_printf
                0x10004304       0x18 CMakeFiles/sevenseg.dir/home/pi/pico/pico-sdk/src/rp2_common/pico_stdio/stdio.c.obj
                0x10004304                __wrap_printf
 .text.stdio_init_all
                0x1000431c        0x8 CMakeFiles/sevenseg.dir/home/pi/pico/pico-sdk/src/rp2_common/pico_stdio/stdio.c.obj
                0x1000431c                stdio_init_all
 .text.stdio_uart_out_chars
                0x10004324       0x70 CMakeFiles/sevenseg.dir/home/pi/pico/pico-sdk/src/rp2_common/pico_stdio_uart/stdio_uart.c.obj
 .text.stdio_uart_in_chars
                0x10004394       0x50 CMakeFiles/sevenseg.dir/home/pi/pico/pico-sdk/src/rp2_common/pico_stdio_uart/stdio_uart.c.obj
                0x10004394                stdio_uart_in_chars
 .text.stdio_uart_init_full
                0x100043e4       0x3c CMakeFiles/sevenseg.dir/home/pi/pico/pico-sdk/src/rp2_common/pico_stdio_uart/stdio_uart.c.obj
                0x100043e4                stdio_uart_init_full
 .text.stdio_uart_init
                0x10004420       0x28 CMakeFiles/sevenseg.dir/home/pi/pico/pico-sdk/src/rp2_common/pico_stdio_uart/stdio_uart.c.obj
                0x10004420                stdio_uart_init
 .text          0x10004448       0x64 /usr/lib/gcc/arm-none-eabi/7.3.1/../../../arm-none-eabi/lib/thumb/v6-m/libg.a(lib_a-strlen-stub.o)
                0x10004448                strlen
 *(.fini)
 .fini          0x100044ac        0x4 /usr/lib/gcc/arm-none-eabi/7.3.1/thumb/v6-m/crti.o
                0x100044ac                _fini
 .fini.__stub   0x100044b0       0x50 linker stubs
 *crtbegin.o(.ctors)
 *crtbegin?.o(.ctors)
 *(EXCLUDE_FILE(*crtend.o *crtend?.o) .ctors)
 *(SORT_BY_NAME(.ctors.*))
 *(.ctors)
 *crtbegin.o(.dtors)
 *crtbegin?.o(.dtors)
 *(EXCLUDE_FILE(*crtend.o *crtend?.o) .dtors)
 *(SORT_BY_NAME(.dtors.*))
 *(.dtors)
 *(.eh_frame*)
 .eh_frame      0x10004500        0x0 /usr/lib/gcc/arm-none-eabi/7.3.1/thumb/v6-m/crtbegin.o
                0x10004500                . = ALIGN (0x4)

.glue_7         0x10004500        0x0
 .glue_7        0x10004500        0x0 linker stubs

.glue_7t        0x10004500        0x0
 .glue_7t       0x10004500        0x0 linker stubs

.vfp11_veneer   0x10004500        0x0
 .vfp11_veneer  0x10004500        0x0 linker stubs

.v4_bx          0x10004500        0x0
 .v4_bx         0x10004500        0x0 linker stubs

.iplt           0x10004500        0x0
 .iplt          0x10004500        0x0 /usr/lib/gcc/arm-none-eabi/7.3.1/thumb/v6-m/crtbegin.o

.rodata         0x10004500      0xe74
 *(EXCLUDE_FILE(*libm.a: *libc.a:*lib_a-mem*.o *libgcc.a:) .rodata*)
 .rodata        0x10004500       0x55 CMakeFiles/sevenseg.dir/sevenseg.c.obj
 *fill*         0x10004555        0x3 
 .rodata.__func__.5648
                0x10004558       0x15 CMakeFiles/sevenseg.dir/home/pi/pico/pico-sdk/src/common/pico_time/time.c.obj
 *fill*         0x1000456d        0x3 
 .rodata.__func__.5954
                0x10004570        0xc CMakeFiles/sevenseg.dir/home/pi/pico/pico-sdk/src/common/pico_time/time.c.obj
 .rodata.__func__.5961
                0x1000457c       0x12 CMakeFiles/sevenseg.dir/home/pi/pico/pico-sdk/src/common/pico_time/time.c.obj
 *fill*         0x1000458e        0x2 
 .rodata.__func__.5977
                0x10004590        0xf CMakeFiles/sevenseg.dir/home/pi/pico/pico-sdk/src/common/pico_time/time.c.obj
 *fill*         0x1000459f        0x1 
 .rodata.__func__.5999
                0x100045a0        0xd CMakeFiles/sevenseg.dir/home/pi/pico/pico-sdk/src/common/pico_time/time.c.obj
 *fill*         0x100045ad        0x3 
 .rodata.__func__.6223
                0x100045b0        0xa CMakeFiles/sevenseg.dir/home/pi/pico/pico-sdk/src/common/pico_time/time.c.obj
 *fill*         0x100045ba        0x2 
 .rodata.__func__.6228
                0x100045bc       0x12 CMakeFiles/sevenseg.dir/home/pi/pico/pico-sdk/src/common/pico_time/time.c.obj
 *fill*         0x100045ce        0x2 
 .rodata.__func__.6243
                0x100045d0       0x17 CMakeFiles/sevenseg.dir/home/pi/pico/pico-sdk/src/common/pico_time/time.c.obj
 *fill*         0x100045e7        0x1 
 .rodata.__func__.6254
                0x100045e8       0x15 CMakeFiles/sevenseg.dir/home/pi/pico/pico-sdk/src/common/pico_time/time.c.obj
 *fill*         0x100045fd        0x3 
 .rodata.__func__.6271
                0x10004600       0x1a CMakeFiles/sevenseg.dir/home/pi/pico/pico-sdk/src/common/pico_time/time.c.obj
 *fill*         0x1000461a        0x2 
 .rodata.add_alarm_under_lock.str1.4
                0x1000461c       0x28 CMakeFiles/sevenseg.dir/home/pi/pico/pico-sdk/src/common/pico_time/time.c.obj
                                 0x2b (size before relaxing)
 .rodata.alarm_pool_alarm_callback.str1.4
                0x10004644       0xe2 CMakeFiles/sevenseg.dir/home/pi/pico/pico-sdk/src/common/pico_time/time.c.obj
 *fill*         0x10004726        0x2 
 .rodata.alarm_pool_dump_key.str1.4
                0x10004728       0x33 CMakeFiles/sevenseg.dir/home/pi/pico/pico-sdk/src/common/pico_time/time.c.obj
 *fill*         0x1000475b        0x1 
 .rodata.alarm_pool_get_default.str1.4
                0x1000475c       0x21 CMakeFiles/sevenseg.dir/home/pi/pico/pico-sdk/src/common/pico_time/time.c.obj
 *fill*         0x1000477d        0x3 
 .rodata.ph_add_child_node.str1.4
                0x10004780       0x92 CMakeFiles/sevenseg.dir/home/pi/pico/pico-sdk/src/common/pico_time/time.c.obj
 *fill*         0x10004812        0x2 
 .rodata.repeating_timer_callback.str1.4
                0x10004814       0x47 CMakeFiles/sevenseg.dir/home/pi/pico/pico-sdk/src/common/pico_time/time.c.obj
 *fill*         0x1000485b        0x1 
 .rodata.sleep_until.str1.4
                0x1000485c       0x4d CMakeFiles/sevenseg.dir/home/pi/pico/pico-sdk/src/common/pico_time/time.c.obj
 *fill*         0x100048a9        0x3 
 .rodata.__func__.4519
                0x100048ac       0x1a CMakeFiles/sevenseg.dir/home/pi/pico/pico-sdk/src/rp2_common/hardware_timer/timer.c.obj
 *fill*         0x100048c6        0x2 
 .rodata.hardware_alarm_claim.str1.4
                0x100048c8       0x22 CMakeFiles/sevenseg.dir/home/pi/pico/pico-sdk/src/rp2_common/hardware_timer/timer.c.obj
 *fill*         0x100048ea        0x2 
 .rodata.hardware_alarm_set_target.str1.4
                0x100048ec       0x61 CMakeFiles/sevenseg.dir/home/pi/pico/pico-sdk/src/rp2_common/hardware_timer/timer.c.obj
 *fill*         0x1000494d        0x3 
 .rodata.__func__.4660
                0x10004950        0xb CMakeFiles/sevenseg.dir/home/pi/pico/pico-sdk/src/common/pico_sync/mutex.c.obj
 *fill*         0x1000495b        0x1 
 .rodata.str1.4
                0x1000495c       0x85 CMakeFiles/sevenseg.dir/home/pi/pico/pico-sdk/src/common/pico_sync/mutex.c.obj
                                 0xe5 (size before relaxing)
 *fill*         0x100049e1        0x3 
 .rodata.__func__.5655
                0x100049e4        0xc CMakeFiles/sevenseg.dir/home/pi/pico/pico-sdk/src/common/pico_util/pheap.c.obj
 .rodata.__func__.5662
                0x100049f0       0x12 CMakeFiles/sevenseg.dir/home/pi/pico/pico-sdk/src/common/pico_util/pheap.c.obj
 *fill*         0x10004a02        0x2 
 .rodata.__func__.5748
                0x10004a04       0x13 CMakeFiles/sevenseg.dir/home/pi/pico/pico-sdk/src/common/pico_util/pheap.c.obj
 *fill*         0x10004a17        0x1 
 .rodata.__func__.5766
                0x10004a18       0x18 CMakeFiles/sevenseg.dir/home/pi/pico/pico-sdk/src/common/pico_util/pheap.c.obj
 .rodata.ph_add_child_node.str1.4
                0x10004a30       0x92 CMakeFiles/sevenseg.dir/home/pi/pico/pico-sdk/src/common/pico_util/pheap.c.obj
 .rodata.ph_remove_and_free_node.str1.4
                0x10004a30       0x26 CMakeFiles/sevenseg.dir/home/pi/pico/pico-sdk/src/common/pico_util/pheap.c.obj
 *fill*         0x10004a56        0x2 
 .rodata.ph_remove_any_head.str1.4
                0x10004a58       0x88 CMakeFiles/sevenseg.dir/home/pi/pico/pico-sdk/src/common/pico_util/pheap.c.obj
 .rodata.__assert_func.str1.4
                0x10004ae0       0x3f CMakeFiles/sevenseg.dir/home/pi/pico/pico-sdk/src/rp2_common/pico_runtime/runtime.c.obj
                                 0x43 (size before relaxing)
 *fill*         0x10004b1f        0x1 
 .rodata.__func__.5763
                0x10004b20        0xd CMakeFiles/sevenseg.dir/home/pi/pico/pico-sdk/src/rp2_common/pico_runtime/runtime.c.obj
 *fill*         0x10004b2d        0x3 
 .rodata.panic.str1.4
                0x10004b30       0x12 CMakeFiles/sevenseg.dir/home/pi/pico/pico-sdk/src/rp2_common/pico_runtime/runtime.c.obj
 *fill*         0x10004b42        0x2 
 .rodata.runtime_init.str1.4
                0x10004b44       0x5d CMakeFiles/sevenseg.dir/home/pi/pico/pico-sdk/src/rp2_common/pico_runtime/runtime.c.obj
 *fill*         0x10004ba1        0x3 
 .rodata.__func__.4648
                0x10004ba4       0x10 CMakeFiles/sevenseg.dir/home/pi/pico/pico-sdk/src/rp2_common/hardware_clocks/clocks.c.obj
 .rodata.clock_configure.str1.4
                0x10004bb4       0x53 CMakeFiles/sevenseg.dir/home/pi/pico/pico-sdk/src/rp2_common/hardware_clocks/clocks.c.obj
 *fill*         0x10004c07        0x1 
 .rodata.__func__.4693
                0x10004c08       0x1a CMakeFiles/sevenseg.dir/home/pi/pico/pico-sdk/src/rp2_common/hardware_irq/irq.c.obj
 *fill*         0x10004c22        0x2 
 .rodata.__func__.4707
                0x10004c24        0xc CMakeFiles/sevenseg.dir/home/pi/pico/pico-sdk/src/rp2_common/hardware_irq/irq.c.obj
 .rodata.__func__.4715
                0x10004c30       0x17 CMakeFiles/sevenseg.dir/home/pi/pico/pico-sdk/src/rp2_common/hardware_irq/irq.c.obj
 *fill*         0x10004c47        0x1 
 .rodata.__func__.4719
                0x10004c48        0xf CMakeFiles/sevenseg.dir/home/pi/pico/pico-sdk/src/rp2_common/hardware_irq/irq.c.obj
 *fill*         0x10004c57        0x1 
 .rodata.__func__.4758
                0x10004c58       0x13 CMakeFiles/sevenseg.dir/home/pi/pico/pico-sdk/src/rp2_common/hardware_irq/irq.c.obj
 *fill*         0x10004c6b        0x1 
 .rodata.__func__.4781
                0x10004c6c       0x1a CMakeFiles/sevenseg.dir/home/pi/pico/pico-sdk/src/rp2_common/hardware_irq/irq.c.obj
 *fill*         0x10004c86        0x2 
 .rodata.irq_add_shared_handler.str1.4
                0x10004c88       0xd9 CMakeFiles/sevenseg.dir/home/pi/pico/pico-sdk/src/rp2_common/hardware_irq/irq.c.obj
 *fill*         0x10004d61        0x3 
 .rodata.irq_add_tail_to_free_list.str1.4
                0x10004d64       0x32 CMakeFiles/sevenseg.dir/home/pi/pico/pico-sdk/src/rp2_common/hardware_irq/irq.c.obj
                                 0x3a (size before relaxing)
 *fill*         0x10004d96        0x2 
 .rodata.irq_remove_handler.str1.4
                0x10004d98       0x2a CMakeFiles/sevenseg.dir/home/pi/pico/pico-sdk/src/rp2_common/hardware_irq/irq.c.obj
 *fill*         0x10004dc2        0x2 
 .rodata.irq_set_exclusive_handler.str1.4
                0x10004dc4       0x36 CMakeFiles/sevenseg.dir/home/pi/pico/pico-sdk/src/rp2_common/hardware_irq/irq.c.obj
 *fill*         0x10004dfa        0x2 
 .rodata.make_branch.str1.4
                0x10004dfc       0x49 CMakeFiles/sevenseg.dir/home/pi/pico/pico-sdk/src/rp2_common/hardware_irq/irq.c.obj
 *fill*         0x10004e45        0x3 
 .rodata.__func__.4368
                0x10004e48        0x9 CMakeFiles/sevenseg.dir/home/pi/pico/pico-sdk/src/rp2_common/hardware_pll/pll.c.obj
 *fill*         0x10004e51        0x3 
 .rodata.pll_init.str1.4
                0x10004e54       0xd7 CMakeFiles/sevenseg.dir/home/pi/pico/pico-sdk/src/rp2_common/hardware_pll/pll.c.obj
 *fill*         0x10004f2b        0x1 
 .rodata._vsnprintf
                0x10004f2c      0x1e0 CMakeFiles/sevenseg.dir/home/pi/pico/pico-sdk/src/rp2_common/pico_printf/printf.c.obj
 .rodata._ftoa.str1.4
                0x1000510c       0x15 CMakeFiles/sevenseg.dir/home/pi/pico/pico-sdk/src/rp2_common/pico_printf/printf.c.obj
 *fill*         0x10005121        0x7 
 .rodata.pow10.5369
                0x10005128       0x50 CMakeFiles/sevenseg.dir/home/pi/pico/pico-sdk/src/rp2_common/pico_printf/printf.c.obj
 .rodata.__aeabi_double_init.str1.4
                0x10005178       0xa4 CMakeFiles/sevenseg.dir/home/pi/pico/pico-sdk/src/rp2_common/pico_double/double_init_rom.c.obj
 .rodata.__func__.4679
                0x1000521c       0x14 CMakeFiles/sevenseg.dir/home/pi/pico/pico-sdk/src/rp2_common/pico_double/double_init_rom.c.obj
 .rodata.__aeabi_float_init.str1.4
                0x10005230       0x76 CMakeFiles/sevenseg.dir/home/pi/pico/pico-sdk/src/rp2_common/pico_float/float_init_rom.c.obj
                                 0x7a (size before relaxing)
 *fill*         0x100052a6        0x2 
 .rodata.__func__.4680
                0x100052a8       0x13 CMakeFiles/sevenseg.dir/home/pi/pico/pico-sdk/src/rp2_common/pico_float/float_init_rom.c.obj
 *fill*         0x100052bb        0x1 
 .rodata.__bi_44
                0x100052bc        0xc CMakeFiles/sevenseg.dir/home/pi/pico/pico-sdk/src/rp2_common/pico_standard_link/binary_info.c.obj
 .rodata.__bi_56
                0x100052c8        0xc CMakeFiles/sevenseg.dir/home/pi/pico/pico-sdk/src/rp2_common/pico_standard_link/binary_info.c.obj
 .rodata.__bi_75
                0x100052d4        0xc CMakeFiles/sevenseg.dir/home/pi/pico/pico-sdk/src/rp2_common/pico_standard_link/binary_info.c.obj
 .rodata.__bi_81
                0x100052e0        0xc CMakeFiles/sevenseg.dir/home/pi/pico/pico-sdk/src/rp2_common/pico_standard_link/binary_info.c.obj
 .rodata.str1.4
                0x100052ec       0x44 CMakeFiles/sevenseg.dir/home/pi/pico/pico-sdk/src/rp2_common/pico_standard_link/binary_info.c.obj
 .rodata.crlf_str.5998
                0x10005330        0x2 CMakeFiles/sevenseg.dir/home/pi/pico/pico-sdk/src/rp2_common/pico_stdio/stdio.c.obj
 *fill*         0x10005332        0x2 
 .rodata.__bi_28.4712
                0x10005334        0xc CMakeFiles/sevenseg.dir/home/pi/pico/pico-sdk/src/rp2_common/pico_stdio_uart/stdio_uart.c.obj
 .rodata.__bi_29.4716
                0x10005340        0x8 CMakeFiles/sevenseg.dir/home/pi/pico/pico-sdk/src/rp2_common/pico_stdio_uart/stdio_uart.c.obj
 .rodata.str1.4
                0x10005348       0x2c CMakeFiles/sevenseg.dir/home/pi/pico/pico-sdk/src/rp2_common/pico_stdio_uart/stdio_uart.c.obj
                0x10005374                . = ALIGN (0x4)
 *(SORT_BY_ALIGNMENT(SORT_BY_NAME(.flashdata*)))
                0x10005374                . = ALIGN (0x4)

.rel.dyn        0x10005374        0x0
 .rel.iplt      0x10005374        0x0 /usr/lib/gcc/arm-none-eabi/7.3.1/thumb/v6-m/crtbegin.o

.ARM.extab
 *(.ARM.extab* .gnu.linkonce.armextab.*)
                0x10005374                __exidx_start = .

.ARM.exidx
 *(.ARM.exidx* .gnu.linkonce.armexidx.*)
                0x10005374                __exidx_end = .
                0x10005374                . = ALIGN (0x4)
                0x10005374                __binary_info_start = .

.binary_info    0x10005374       0x28
 *(.binary_info.keep.*)
 .binary_info.keep.__bi_ptr22
                0x10005374        0x4 CMakeFiles/sevenseg.dir/home/pi/pico/pico-sdk/src/rp2_common/pico_standard_link/binary_info.c.obj
 .binary_info.keep.__bi_ptr30
                0x10005378        0x4 CMakeFiles/sevenseg.dir/home/pi/pico/pico-sdk/src/rp2_common/pico_standard_link/binary_info.c.obj
 .binary_info.keep.__bi_ptr38
                0x1000537c        0x4 CMakeFiles/sevenseg.dir/home/pi/pico/pico-sdk/src/rp2_common/pico_standard_link/binary_info.c.obj
 .binary_info.keep.__bi_ptr44
                0x10005380        0x4 CMakeFiles/sevenseg.dir/home/pi/pico/pico-sdk/src/rp2_common/pico_standard_link/binary_info.c.obj
 .binary_info.keep.__bi_ptr50
                0x10005384        0x4 CMakeFiles/sevenseg.dir/home/pi/pico/pico-sdk/src/rp2_common/pico_standard_link/binary_info.c.obj
 .binary_info.keep.__bi_ptr56
                0x10005388        0x4 CMakeFiles/sevenseg.dir/home/pi/pico/pico-sdk/src/rp2_common/pico_standard_link/binary_info.c.obj
 .binary_info.keep.__bi_ptr75
                0x1000538c        0x4 CMakeFiles/sevenseg.dir/home/pi/pico/pico-sdk/src/rp2_common/pico_standard_link/binary_info.c.obj
 .binary_info.keep.__bi_ptr81
                0x10005390        0x4 CMakeFiles/sevenseg.dir/home/pi/pico/pico-sdk/src/rp2_common/pico_standard_link/binary_info.c.obj
 *(.binary_info.*)
 .binary_info.__bi_ptr28
                0x10005394        0x4 CMakeFiles/sevenseg.dir/home/pi/pico/pico-sdk/src/rp2_common/pico_stdio_uart/stdio_uart.c.obj
 .binary_info.__bi_ptr29
                0x10005398        0x4 CMakeFiles/sevenseg.dir/home/pi/pico/pico-sdk/src/rp2_common/pico_stdio_uart/stdio_uart.c.obj
                0x1000539c                __binary_info_end = .
                0x1000539c                . = ALIGN (0x4)
                0x1000539c                __etext = .

.ram_vector_table
                0x20000000       0xc0
 *(.ram_vector_table)
 .ram_vector_table
                0x20000000       0xc0 CMakeFiles/sevenseg.dir/home/pi/pico/pico-sdk/src/rp2_common/pico_runtime/runtime.c.obj
                0x20000000                ram_vector_table

.data           0x200000c0      0x1c0 load address 0x1000539c
                0x200000c0                __data_start__ = .
 *(vtable)
 *(.time_critical*)
 .time_critical.mutex_enter_blocking
                0x200000c0       0x48 CMakeFiles/sevenseg.dir/home/pi/pico/pico-sdk/src/common/pico_sync/mutex.c.obj
                0x200000c0                mutex_enter_blocking
 .time_critical.mutex_try_enter
                0x20000108       0x48 CMakeFiles/sevenseg.dir/home/pi/pico/pico-sdk/src/common/pico_sync/mutex.c.obj
                0x20000108                mutex_try_enter
 .time_critical.mutex_exit
                0x20000150       0x4c CMakeFiles/sevenseg.dir/home/pi/pico/pico-sdk/src/common/pico_sync/mutex.c.obj
                0x20000150                mutex_exit
 *(.text*)
 .text          0x2000019c        0x4 /usr/lib/gcc/arm-none-eabi/7.3.1/thumb/v6-m/libgcc.a(_dvmd_tls.o)
                0x2000019c                __aeabi_ldiv0
                0x2000019c                __aeabi_idiv0
 .text.__stub   0x200001a0       0x10 linker stubs
                0x200001b0                . = ALIGN (0x4)
 *(.rodata*)
                0x200001b0                . = ALIGN (0x4)
 *(.data*)
 .data.striped_spin_lock_num
                0x200001b0        0x1 CMakeFiles/sevenseg.dir/home/pi/pico/pico-sdk/src/rp2_common/hardware_sync/sync.c.obj
 *fill*         0x200001b1        0x3 
 .data.default_alarm_pool
                0x200001b4       0x18 CMakeFiles/sevenseg.dir/home/pi/pico/pico-sdk/src/common/pico_time/time.c.obj
 .data.default_alarm_pool_heap
                0x200001cc       0x10 CMakeFiles/sevenseg.dir/home/pi/pico/pico-sdk/src/common/pico_time/time.c.obj
 .data          0x200001dc       0x48 CMakeFiles/sevenseg.dir/home/pi/pico/pico-sdk/src/rp2_common/hardware_irq/irq_handler_chain.S.obj
                0x200001dc                irq_handler_chain_slots
                0x2000020c                irq_handler_chain_first_slot
                0x20000216                irq_handler_chain_remove_tail
 *fill*         0x20000224        0xc 
 .data.aeabi_bits_funcs
                0x20000230       0x10 CMakeFiles/sevenseg.dir/home/pi/pico/pico-sdk/src/rp2_common/pico_bit_ops/bit_ops_aeabi.S.obj
                0x20000230                aeabi_bits_funcs
                0x20000240                aeabi_bits_funcs_end
 .data.aeabi_mem_funcs
                0x20000240       0x10 CMakeFiles/sevenseg.dir/home/pi/pico/pico-sdk/src/rp2_common/pico_mem_ops/mem_ops_aeabi.S.obj
                0x20000240                aeabi_mem_funcs
                0x20000250                aeabi_mem_funcs_end
 .data.stdio_uart
                0x20000250       0x14 CMakeFiles/sevenseg.dir/home/pi/pico/pico-sdk/src/rp2_common/pico_stdio_uart/stdio_uart.c.obj
                0x20000250                stdio_uart
                0x20000264                . = ALIGN (0x4)
 *(.after_data.*)
                0x20000264                . = ALIGN (0x4)
                0x20000264                PROVIDE (__mutex_array_start = .)
 *(SORT_BY_NAME(.mutex_array.*))
 *(.mutex_array)
 .mutex_array   0x20000264        0x8 CMakeFiles/sevenseg.dir/home/pi/pico/pico-sdk/src/rp2_common/pico_stdio/stdio.c.obj
                0x2000026c                PROVIDE (__mutex_array_end = .)
                0x2000026c                . = ALIGN (0x4)
                0x2000026c                PROVIDE (__preinit_array_start = .)
 *(SORT_BY_NAME(.preinit_array.*))
 .preinit_array.00001
                0x2000026c        0x4 CMakeFiles/sevenseg.dir/home/pi/pico/pico-sdk/src/rp2_common/pico_mem_ops/mem_ops_aeabi.S.obj
 .preinit_array.00010
                0x20000270        0x4 CMakeFiles/sevenseg.dir/home/pi/pico/pico-sdk/src/rp2_common/pico_bit_ops/bit_ops_aeabi.S.obj
 .preinit_array.00020
                0x20000274        0x4 CMakeFiles/sevenseg.dir/home/pi/pico/pico-sdk/src/rp2_common/pico_double/double_aeabi.S.obj
 .preinit_array.00020
                0x20000278        0x4 CMakeFiles/sevenseg.dir/home/pi/pico/pico-sdk/src/rp2_common/pico_float/float_aeabi.S.obj
 *(.preinit_array)
                0x2000027c                PROVIDE (__preinit_array_end = .)
                0x2000027c                . = ALIGN (0x4)
                0x2000027c                PROVIDE (__init_array_start = .)
 *(SORT_BY_NAME(.init_array.*))
 *(.init_array)
 .init_array    0x2000027c        0x4 /usr/lib/gcc/arm-none-eabi/7.3.1/thumb/v6-m/crtbegin.o
                0x20000280                PROVIDE (__init_array_end = .)
                0x20000280                . = ALIGN (0x4)
                0x20000280                PROVIDE (__fini_array_start = .)
 *(SORT_BY_NAME(.fini_array.*))
 *(.fini_array)
                0x20000280                PROVIDE (__fini_array_end = .)
 *(.jcr)
                0x20000280                . = ALIGN (0x4)
                0x20000280                __data_end__ = .

.tm_clone_table
                0x20000280        0x0 load address 0x1000555c
 .tm_clone_table
                0x20000280        0x0 /usr/lib/gcc/arm-none-eabi/7.3.1/thumb/v6-m/crtbegin.o
 .tm_clone_table
                0x20000280        0x0 /usr/lib/gcc/arm-none-eabi/7.3.1/thumb/v6-m/crtend.o

.igot.plt       0x20000280        0x0 load address 0x1000555c
 .igot.plt      0x20000280        0x0 /usr/lib/gcc/arm-none-eabi/7.3.1/thumb/v6-m/crtbegin.o

.uninitialized_data
                0x20000280        0x0 load address 0x1000555c
                0x20000280                . = ALIGN (0x4)
 *(.uninitialized_data*)

.scratch_x      0x20040000        0x0 load address 0x1000555c
                0x20040000                __scratch_x_start__ = .
 *(.scratch_x.*)
                0x20040000                . = ALIGN (0x4)
                0x20040000                __scratch_x_end__ = .
                0x1000555c                __scratch_x_source__ = LOADADDR (.scratch_x)

.scratch_y      0x20041000        0x0 load address 0x1000555c
                0x20041000                __scratch_y_start__ = .
 *(.scratch_y.*)
                0x20041000                . = ALIGN (0x4)
                0x20041000                __scratch_y_end__ = .
                0x1000555c                __scratch_y_source__ = LOADADDR (.scratch_y)

.bss            0x20000280      0x3d0
                0x20000280                . = ALIGN (0x4)
                0x20000280                __bss_start__ = .
 *(SORT_BY_ALIGNMENT(SORT_BY_NAME(.bss*)))
 .bss.default_alarm_pool_entries
                0x20000280      0x100 CMakeFiles/sevenseg.dir/home/pi/pico/pico-sdk/src/common/pico_time/time.c.obj
 .bss           0x20000380       0x1c /usr/lib/gcc/arm-none-eabi/7.3.1/thumb/v6-m/crtbegin.o
 .bss.alarm_callbacks
                0x2000039c       0x10 CMakeFiles/sevenseg.dir/home/pi/pico/pico-sdk/src/rp2_common/hardware_timer/timer.c.obj
 .bss.configured_freq
                0x200003ac       0x28 CMakeFiles/sevenseg.dir/home/pi/pico/pico-sdk/src/rp2_common/hardware_clocks/clocks.c.obj
 .bss.default_alarm_pool_entry_ids_high
                0x200003d4       0x10 CMakeFiles/sevenseg.dir/home/pi/pico/pico-sdk/src/common/pico_time/time.c.obj
 .bss.default_alarm_pool_heap_nodes
                0x200003e4       0x30 CMakeFiles/sevenseg.dir/home/pi/pico/pico-sdk/src/common/pico_time/time.c.obj
 .bss.drivers   0x20000414        0x4 CMakeFiles/sevenseg.dir/home/pi/pico/pico-sdk/src/rp2_common/pico_stdio/stdio.c.obj
 .bss.filter    0x20000418        0x4 CMakeFiles/sevenseg.dir/home/pi/pico/pico-sdk/src/rp2_common/pico_stdio/stdio.c.obj
 .bss.pools     0x2000041c       0x10 CMakeFiles/sevenseg.dir/home/pi/pico/pico-sdk/src/common/pico_time/time.c.obj
 .bss.sf_clz_func
                0x2000042c        0x4 CMakeFiles/sevenseg.dir/home/pi/pico/pico-sdk/src/rp2_common/pico_double/double_init_rom.c.obj
                0x2000042c                sf_clz_func
 .bss.sleep_notifier
                0x20000430        0x4 CMakeFiles/sevenseg.dir/home/pi/pico/pico-sdk/src/common/pico_time/time.c.obj
 .bss.target_hi
                0x20000434       0x10 CMakeFiles/sevenseg.dir/home/pi/pico/pico-sdk/src/rp2_common/hardware_timer/timer.c.obj
 .bss.uart_instance
                0x20000444        0x4 CMakeFiles/sevenseg.dir/home/pi/pico/pico-sdk/src/rp2_common/pico_stdio_uart/stdio_uart.c.obj
 .bss.claimed   0x20000448        0x1 CMakeFiles/sevenseg.dir/home/pi/pico/pico-sdk/src/rp2_common/hardware_timer/timer.c.obj
 .bss.irq_hander_chain_free_slot_head
                0x20000449        0x1 CMakeFiles/sevenseg.dir/home/pi/pico/pico-sdk/src/rp2_common/hardware_irq/irq.c.obj
 .bss.timer_callbacks_pending
                0x2000044a        0x1 CMakeFiles/sevenseg.dir/home/pi/pico/pico-sdk/src/rp2_common/hardware_timer/timer.c.obj
 *(COMMON)
 *fill*         0x2000044b        0x1 
 COMMON         0x2000044c        0x4 CMakeFiles/sevenseg.dir/home/pi/pico/pico-sdk/src/rp2_common/hardware_uart/uart.c.obj
                0x2000044c                uart_char_to_line_feed
 COMMON         0x20000450      0x100 CMakeFiles/sevenseg.dir/home/pi/pico/pico-sdk/src/rp2_common/pico_double/double_init_rom.c.obj
                0x20000450                sd_table
 COMMON         0x20000550      0x100 CMakeFiles/sevenseg.dir/home/pi/pico/pico-sdk/src/rp2_common/pico_float/float_init_rom.c.obj
                0x20000550                sf_table
                0x20000650                . = ALIGN (0x4)
                0x20000650                __bss_end__ = .

.heap           0x20000650      0x800
                0x20000650                __end__ = .
                0x20000650                end = __end__
 *(.heap*)
 .heap          0x20000650      0x800 CMakeFiles/sevenseg.dir/home/pi/pico/pico-sdk/src/rp2_common/pico_standard_link/crt0.S.obj
                0x20000e50                __HeapLimit = .

.stack1_dummy   0x20040000        0x0
 *(.stack1*)

.stack_dummy    0x20041000      0x800
 *(.stack*)
 .stack         0x20041000      0x800 CMakeFiles/sevenseg.dir/home/pi/pico/pico-sdk/src/rp2_common/pico_standard_link/crt0.S.obj

.flash_end      0x1000555c        0x0
                0x1000555c                __flash_binary_end = .
                0x20040000                __StackLimit = (ORIGIN (RAM) + LENGTH (RAM))
                0x20041000                __StackOneTop = (ORIGIN (SCRATCH_X) + LENGTH (SCRATCH_X))
                0x20042000                __StackTop = (ORIGIN (SCRATCH_Y) + LENGTH (SCRATCH_Y))
                0x20041000                __StackOneBottom = (__StackOneTop - SIZEOF (.stack1_dummy))
                0x20041800                __StackBottom = (__StackTop - SIZEOF (.stack_dummy))
                0x20042000                PROVIDE (__stack = __StackTop)
                0x00000001                ASSERT ((__StackLimit >= __HeapLimit), region RAM overflowed)
                0x00000001                ASSERT (((__binary_info_header_end - __logical_binary_start) <= 0x100), Binary info must be in first 256 bytes of the binary)
LOAD CMakeFiles/sevenseg.dir/sevenseg.c.obj
LOAD CMakeFiles/sevenseg.dir/home/pi/pico/pico-sdk/src/rp2_common/pico_stdlib/stdlib.c.obj
LOAD CMakeFiles/sevenseg.dir/home/pi/pico/pico-sdk/src/rp2_common/hardware_gpio/gpio.c.obj
LOAD CMakeFiles/sevenseg.dir/home/pi/pico/pico-sdk/src/rp2_common/hardware_claim/claim.c.obj
LOAD CMakeFiles/sevenseg.dir/home/pi/pico/pico-sdk/src/rp2_common/pico_platform/platform.c.obj
LOAD CMakeFiles/sevenseg.dir/home/pi/pico/pico-sdk/src/rp2_common/hardware_sync/sync.c.obj
LOAD CMakeFiles/sevenseg.dir/home/pi/pico/pico-sdk/src/rp2_common/hardware_uart/uart.c.obj
LOAD CMakeFiles/sevenseg.dir/home/pi/pico/pico-sdk/src/rp2_common/hardware_divider/divider.S.obj
LOAD CMakeFiles/sevenseg.dir/home/pi/pico/pico-sdk/src/common/pico_time/time.c.obj
LOAD CMakeFiles/sevenseg.dir/home/pi/pico/pico-sdk/src/common/pico_time/timeout_helper.c.obj
LOAD CMakeFiles/sevenseg.dir/home/pi/pico/pico-sdk/src/rp2_common/hardware_timer/timer.c.obj
LOAD CMakeFiles/sevenseg.dir/home/pi/pico/pico-sdk/src/common/pico_sync/sem.c.obj
LOAD CMakeFiles/sevenseg.dir/home/pi/pico/pico-sdk/src/common/pico_sync/lock_core.c.obj
LOAD CMakeFiles/sevenseg.dir/home/pi/pico/pico-sdk/src/common/pico_sync/mutex.c.obj
LOAD CMakeFiles/sevenseg.dir/home/pi/pico/pico-sdk/src/common/pico_sync/critical_section.c.obj
LOAD CMakeFiles/sevenseg.dir/home/pi/pico/pico-sdk/src/common/pico_util/datetime.c.obj
LOAD CMakeFiles/sevenseg.dir/home/pi/pico/pico-sdk/src/common/pico_util/pheap.c.obj
LOAD CMakeFiles/sevenseg.dir/home/pi/pico/pico-sdk/src/common/pico_util/queue.c.obj
LOAD CMakeFiles/sevenseg.dir/home/pi/pico/pico-sdk/src/rp2_common/pico_runtime/runtime.c.obj
LOAD CMakeFiles/sevenseg.dir/home/pi/pico/pico-sdk/src/rp2_common/hardware_clocks/clocks.c.obj
LOAD CMakeFiles/sevenseg.dir/home/pi/pico/pico-sdk/src/rp2_common/hardware_irq/irq.c.obj
LOAD CMakeFiles/sevenseg.dir/home/pi/pico/pico-sdk/src/rp2_common/hardware_irq/irq_handler_chain.S.obj
LOAD CMakeFiles/sevenseg.dir/home/pi/pico/pico-sdk/src/rp2_common/hardware_pll/pll.c.obj
LOAD CMakeFiles/sevenseg.dir/home/pi/pico/pico-sdk/src/rp2_common/hardware_vreg/vreg.c.obj
LOAD CMakeFiles/sevenseg.dir/home/pi/pico/pico-sdk/src/rp2_common/hardware_watchdog/watchdog.c.obj
LOAD CMakeFiles/sevenseg.dir/home/pi/pico/pico-sdk/src/rp2_common/hardware_xosc/xosc.c.obj
LOAD CMakeFiles/sevenseg.dir/home/pi/pico/pico-sdk/src/rp2_common/pico_printf/printf.c.obj
LOAD CMakeFiles/sevenseg.dir/home/pi/pico/pico-sdk/src/rp2_common/pico_bit_ops/bit_ops_aeabi.S.obj
LOAD CMakeFiles/sevenseg.dir/home/pi/pico/pico-sdk/src/rp2_common/pico_bootrom/bootrom.c.obj
LOAD CMakeFiles/sevenseg.dir/home/pi/pico/pico-sdk/src/rp2_common/pico_divider/divider.S.obj
LOAD CMakeFiles/sevenseg.dir/home/pi/pico/pico-sdk/src/rp2_common/pico_double/double_aeabi.S.obj
LOAD CMakeFiles/sevenseg.dir/home/pi/pico/pico-sdk/src/rp2_common/pico_double/double_init_rom.c.obj
LOAD CMakeFiles/sevenseg.dir/home/pi/pico/pico-sdk/src/rp2_common/pico_double/double_math.c.obj
LOAD CMakeFiles/sevenseg.dir/home/pi/pico/pico-sdk/src/rp2_common/pico_double/double_v1_rom_shim.S.obj
LOAD CMakeFiles/sevenseg.dir/home/pi/pico/pico-sdk/src/rp2_common/pico_int64_ops/pico_int64_ops_aeabi.S.obj
LOAD CMakeFiles/sevenseg.dir/home/pi/pico/pico-sdk/src/rp2_common/pico_float/float_aeabi.S.obj
LOAD CMakeFiles/sevenseg.dir/home/pi/pico/pico-sdk/src/rp2_common/pico_float/float_init_rom.c.obj
LOAD CMakeFiles/sevenseg.dir/home/pi/pico/pico-sdk/src/rp2_common/pico_float/float_math.c.obj
LOAD CMakeFiles/sevenseg.dir/home/pi/pico/pico-sdk/src/rp2_common/pico_float/float_v1_rom_shim.S.obj
LOAD CMakeFiles/sevenseg.dir/home/pi/pico/pico-sdk/src/rp2_common/pico_malloc/pico_malloc.c.obj
LOAD CMakeFiles/sevenseg.dir/home/pi/pico/pico-sdk/src/rp2_common/pico_mem_ops/mem_ops_aeabi.S.obj
LOAD CMakeFiles/sevenseg.dir/home/pi/pico/pico-sdk/src/rp2_common/pico_standard_link/crt0.S.obj
LOAD CMakeFiles/sevenseg.dir/home/pi/pico/pico-sdk/src/rp2_common/pico_standard_link/new_delete.cpp.obj
LOAD CMakeFiles/sevenseg.dir/home/pi/pico/pico-sdk/src/rp2_common/pico_standard_link/binary_info.c.obj
LOAD CMakeFiles/sevenseg.dir/home/pi/pico/pico-sdk/src/rp2_common/pico_stdio/stdio.c.obj
LOAD CMakeFiles/sevenseg.dir/home/pi/pico/pico-sdk/src/rp2_common/pico_stdio_uart/stdio_uart.c.obj
LOAD /tmp/ccY8N9qd.o
LOAD /usr/lib/gcc/arm-none-eabi/7.3.1/../../../arm-none-eabi/lib/thumb/v6-m/libstdc++.a
LOAD /usr/lib/gcc/arm-none-eabi/7.3.1/../../../arm-none-eabi/lib/thumb/v6-m/libm.a
START GROUP
LOAD /usr/lib/gcc/arm-none-eabi/7.3.1/thumb/v6-m/libgcc.a
LOAD /usr/lib/gcc/arm-none-eabi/7.3.1/../../../arm-none-eabi/lib/thumb/v6-m/libg.a
LOAD /usr/lib/gcc/arm-none-eabi/7.3.1/../../../arm-none-eabi/lib/thumb/v6-m/libc.a
END GROUP
START GROUP
LOAD /usr/lib/gcc/arm-none-eabi/7.3.1/thumb/v6-m/libgcc.a
LOAD /usr/lib/gcc/arm-none-eabi/7.3.1/../../../arm-none-eabi/lib/thumb/v6-m/libc.a
LOAD /usr/lib/gcc/arm-none-eabi/7.3.1/../../../arm-none-eabi/lib/thumb/v6-m/libnosys.a
END GROUP
LOAD /usr/lib/gcc/arm-none-eabi/7.3.1/thumb/v6-m/crtend.o
LOAD /usr/lib/gcc/arm-none-eabi/7.3.1/thumb/v6-m/crtn.o
OUTPUT(sevenseg.elf elf32-littlearm)

.ARM.attributes
                0x00000000       0x28
 .ARM.attributes
                0x00000000       0x1e /usr/lib/gcc/arm-none-eabi/7.3.1/thumb/v6-m/crti.o
 .ARM.attributes
                0x0000001e       0x2c /usr/lib/gcc/arm-none-eabi/7.3.1/thumb/v6-m/crtbegin.o
 .ARM.attributes
                0x0000004a       0x32 CMakeFiles/sevenseg.dir/sevenseg.c.obj
 .ARM.attributes
                0x0000007c       0x32 CMakeFiles/sevenseg.dir/home/pi/pico/pico-sdk/src/rp2_common/hardware_gpio/gpio.c.obj
 .ARM.attributes
                0x000000ae       0x32 CMakeFiles/sevenseg.dir/home/pi/pico/pico-sdk/src/rp2_common/hardware_claim/claim.c.obj
 .ARM.attributes
                0x000000e0       0x32 CMakeFiles/sevenseg.dir/home/pi/pico/pico-sdk/src/rp2_common/pico_platform/platform.c.obj
 .ARM.attributes
                0x00000112       0x32 CMakeFiles/sevenseg.dir/home/pi/pico/pico-sdk/src/rp2_common/hardware_sync/sync.c.obj
 .ARM.attributes
                0x00000144       0x32 CMakeFiles/sevenseg.dir/home/pi/pico/pico-sdk/src/rp2_common/hardware_uart/uart.c.obj
 .ARM.attributes
                0x00000176       0x32 CMakeFiles/sevenseg.dir/home/pi/pico/pico-sdk/src/common/pico_time/time.c.obj
 .ARM.attributes
                0x000001a8       0x32 CMakeFiles/sevenseg.dir/home/pi/pico/pico-sdk/src/rp2_common/hardware_timer/timer.c.obj
 .ARM.attributes
                0x000001da       0x32 CMakeFiles/sevenseg.dir/home/pi/pico/pico-sdk/src/common/pico_sync/lock_core.c.obj
 .ARM.attributes
                0x0000020c       0x32 CMakeFiles/sevenseg.dir/home/pi/pico/pico-sdk/src/common/pico_sync/mutex.c.obj
 .ARM.attributes
                0x0000023e       0x32 CMakeFiles/sevenseg.dir/home/pi/pico/pico-sdk/src/common/pico_util/pheap.c.obj
 .ARM.attributes
                0x00000270       0x32 CMakeFiles/sevenseg.dir/home/pi/pico/pico-sdk/src/rp2_common/pico_runtime/runtime.c.obj
 .ARM.attributes
                0x000002a2       0x32 CMakeFiles/sevenseg.dir/home/pi/pico/pico-sdk/src/rp2_common/hardware_clocks/clocks.c.obj
 .ARM.attributes
                0x000002d4       0x32 CMakeFiles/sevenseg.dir/home/pi/pico/pico-sdk/src/rp2_common/hardware_irq/irq.c.obj
 .ARM.attributes
                0x00000306       0x22 CMakeFiles/sevenseg.dir/home/pi/pico/pico-sdk/src/rp2_common/hardware_irq/irq_handler_chain.S.obj
 .ARM.attributes
                0x00000328       0x32 CMakeFiles/sevenseg.dir/home/pi/pico/pico-sdk/src/rp2_common/hardware_pll/pll.c.obj
 .ARM.attributes
                0x0000035a       0x32 CMakeFiles/sevenseg.dir/home/pi/pico/pico-sdk/src/rp2_common/hardware_watchdog/watchdog.c.obj
 .ARM.attributes
                0x0000038c       0x32 CMakeFiles/sevenseg.dir/home/pi/pico/pico-sdk/src/rp2_common/hardware_xosc/xosc.c.obj
 .ARM.attributes
                0x000003be       0x32 CMakeFiles/sevenseg.dir/home/pi/pico/pico-sdk/src/rp2_common/pico_printf/printf.c.obj
 .ARM.attributes
                0x000003f0       0x22 CMakeFiles/sevenseg.dir/home/pi/pico/pico-sdk/src/rp2_common/pico_bit_ops/bit_ops_aeabi.S.obj
 .ARM.attributes
                0x00000412       0x32 CMakeFiles/sevenseg.dir/home/pi/pico/pico-sdk/src/rp2_common/pico_bootrom/bootrom.c.obj
 .ARM.attributes
                0x00000444       0x22 CMakeFiles/sevenseg.dir/home/pi/pico/pico-sdk/src/rp2_common/pico_divider/divider.S.obj
 .ARM.attributes
                0x00000466       0x22 CMakeFiles/sevenseg.dir/home/pi/pico/pico-sdk/src/rp2_common/pico_double/double_aeabi.S.obj
 .ARM.attributes
                0x00000488       0x32 CMakeFiles/sevenseg.dir/home/pi/pico/pico-sdk/src/rp2_common/pico_double/double_init_rom.c.obj
 .ARM.attributes
                0x000004ba       0x22 CMakeFiles/sevenseg.dir/home/pi/pico/pico-sdk/src/rp2_common/pico_double/double_v1_rom_shim.S.obj
 .ARM.attributes
                0x000004dc       0x22 CMakeFiles/sevenseg.dir/home/pi/pico/pico-sdk/src/rp2_common/pico_int64_ops/pico_int64_ops_aeabi.S.obj
 .ARM.attributes
                0x000004fe       0x22 CMakeFiles/sevenseg.dir/home/pi/pico/pico-sdk/src/rp2_common/pico_float/float_aeabi.S.obj
 .ARM.attributes
                0x00000520       0x32 CMakeFiles/sevenseg.dir/home/pi/pico/pico-sdk/src/rp2_common/pico_float/float_init_rom.c.obj
 .ARM.attributes
                0x00000552       0x22 CMakeFiles/sevenseg.dir/home/pi/pico/pico-sdk/src/rp2_common/pico_float/float_v1_rom_shim.S.obj
 .ARM.attributes
                0x00000574       0x22 CMakeFiles/sevenseg.dir/home/pi/pico/pico-sdk/src/rp2_common/pico_mem_ops/mem_ops_aeabi.S.obj
 .ARM.attributes
                0x00000596       0x22 CMakeFiles/sevenseg.dir/home/pi/pico/pico-sdk/src/rp2_common/pico_standard_link/crt0.S.obj
 .ARM.attributes
                0x000005b8       0x32 CMakeFiles/sevenseg.dir/home/pi/pico/pico-sdk/src/rp2_common/pico_standard_link/binary_info.c.obj
 .ARM.attributes
                0x000005ea       0x32 CMakeFiles/sevenseg.dir/home/pi/pico/pico-sdk/src/rp2_common/pico_stdio/stdio.c.obj
 .ARM.attributes
                0x0000061c       0x32 CMakeFiles/sevenseg.dir/home/pi/pico/pico-sdk/src/rp2_common/pico_stdio_uart/stdio_uart.c.obj
 .ARM.attributes
                0x0000064e       0x22 /tmp/ccY8N9qd.o
 .ARM.attributes
                0x00000670       0x1e /usr/lib/gcc/arm-none-eabi/7.3.1/thumb/v6-m/libgcc.a(_dvmd_tls.o)
 .ARM.attributes
                0x0000068e       0x2c /usr/lib/gcc/arm-none-eabi/7.3.1/../../../arm-none-eabi/lib/thumb/v6-m/libg.a(lib_a-strlen-stub.o)
 .ARM.attributes
                0x000006ba       0x2c /usr/lib/gcc/arm-none-eabi/7.3.1/thumb/v6-m/crtend.o

.comment        0x00000000       0xae
 .comment       0x00000000       0x57 /usr/lib/gcc/arm-none-eabi/7.3.1/thumb/v6-m/crtbegin.o
                                 0x58 (size before relaxing)
 .comment       0x00000057       0x58 CMakeFiles/sevenseg.dir/sevenseg.c.obj
 .comment       0x00000057       0x58 CMakeFiles/sevenseg.dir/home/pi/pico/pico-sdk/src/rp2_common/hardware_gpio/gpio.c.obj
 .comment       0x00000057       0x58 CMakeFiles/sevenseg.dir/home/pi/pico/pico-sdk/src/rp2_common/hardware_claim/claim.c.obj
 .comment       0x00000057       0x58 CMakeFiles/sevenseg.dir/home/pi/pico/pico-sdk/src/rp2_common/pico_platform/platform.c.obj
 .comment       0x00000057       0x58 CMakeFiles/sevenseg.dir/home/pi/pico/pico-sdk/src/rp2_common/hardware_sync/sync.c.obj
 .comment       0x00000057       0x58 CMakeFiles/sevenseg.dir/home/pi/pico/pico-sdk/src/rp2_common/hardware_uart/uart.c.obj
 .comment       0x00000057       0x58 CMakeFiles/sevenseg.dir/home/pi/pico/pico-sdk/src/common/pico_time/time.c.obj
 .comment       0x00000057       0x58 CMakeFiles/sevenseg.dir/home/pi/pico/pico-sdk/src/rp2_common/hardware_timer/timer.c.obj
 .comment       0x00000057       0x58 CMakeFiles/sevenseg.dir/home/pi/pico/pico-sdk/src/common/pico_sync/lock_core.c.obj
 .comment       0x00000057       0x58 CMakeFiles/sevenseg.dir/home/pi/pico/pico-sdk/src/common/pico_sync/mutex.c.obj
 .comment       0x00000057       0x58 CMakeFiles/sevenseg.dir/home/pi/pico/pico-sdk/src/common/pico_util/pheap.c.obj
 .comment       0x00000057       0x58 CMakeFiles/sevenseg.dir/home/pi/pico/pico-sdk/src/rp2_common/pico_runtime/runtime.c.obj
 .comment       0x00000057       0x58 CMakeFiles/sevenseg.dir/home/pi/pico/pico-sdk/src/rp2_common/hardware_clocks/clocks.c.obj
 .comment       0x00000057       0x58 CMakeFiles/sevenseg.dir/home/pi/pico/pico-sdk/src/rp2_common/hardware_irq/irq.c.obj
 .comment       0x00000057       0x58 CMakeFiles/sevenseg.dir/home/pi/pico/pico-sdk/src/rp2_common/hardware_pll/pll.c.obj
 .comment       0x00000057       0x58 CMakeFiles/sevenseg.dir/home/pi/pico/pico-sdk/src/rp2_common/hardware_watchdog/watchdog.c.obj
 .comment       0x00000057       0x58 CMakeFiles/sevenseg.dir/home/pi/pico/pico-sdk/src/rp2_common/hardware_xosc/xosc.c.obj
 .comment       0x00000057       0x58 CMakeFiles/sevenseg.dir/home/pi/pico/pico-sdk/src/rp2_common/pico_printf/printf.c.obj
 .comment       0x00000057       0x58 CMakeFiles/sevenseg.dir/home/pi/pico/pico-sdk/src/rp2_common/pico_bootrom/bootrom.c.obj
 .comment       0x00000057       0x58 CMakeFiles/sevenseg.dir/home/pi/pico/pico-sdk/src/rp2_common/pico_double/double_init_rom.c.obj
 .comment       0x00000057       0x58 CMakeFiles/sevenseg.dir/home/pi/pico/pico-sdk/src/rp2_common/pico_float/float_init_rom.c.obj
 .comment       0x00000057       0x58 CMakeFiles/sevenseg.dir/home/pi/pico/pico-sdk/src/rp2_common/pico_standard_link/binary_info.c.obj
 .comment       0x00000057       0x58 CMakeFiles/sevenseg.dir/home/pi/pico/pico-sdk/src/rp2_common/pico_stdio/stdio.c.obj
 .comment       0x00000057       0x58 CMakeFiles/sevenseg.dir/home/pi/pico/pico-sdk/src/rp2_common/pico_stdio_uart/stdio_uart.c.obj
 .comment       0x00000057       0x57 /usr/lib/gcc/arm-none-eabi/7.3.1/../../../arm-none-eabi/lib/thumb/v6-m/libg.a(lib_a-strlen-stub.o)
                                 0x58 (size before relaxing)
 .comment       0x000000ae       0x58 /usr/lib/gcc/arm-none-eabi/7.3.1/thumb/v6-m/crtend.o

.debug_info     0x00000000    0x1678a
 .debug_info    0x00000000     0x1345 CMakeFiles/sevenseg.dir/sevenseg.c.obj
 .debug_info    0x00001345     0x1194 CMakeFiles/sevenseg.dir/home/pi/pico/pico-sdk/src/rp2_common/hardware_gpio/gpio.c.obj
 .debug_info    0x000024d9      0x5d8 CMakeFiles/sevenseg.dir/home/pi/pico/pico-sdk/src/rp2_common/hardware_claim/claim.c.obj
 .debug_info    0x00002ab1      0x1c6 CMakeFiles/sevenseg.dir/home/pi/pico/pico-sdk/src/rp2_common/pico_platform/platform.c.obj
 .debug_info    0x00002c77      0x508 CMakeFiles/sevenseg.dir/home/pi/pico/pico-sdk/src/rp2_common/hardware_sync/sync.c.obj
 .debug_info    0x0000317f      0xa11 CMakeFiles/sevenseg.dir/home/pi/pico/pico-sdk/src/rp2_common/hardware_uart/uart.c.obj
 .debug_info    0x00003b90     0x3aa1 CMakeFiles/sevenseg.dir/home/pi/pico/pico-sdk/src/common/pico_time/time.c.obj
 .debug_info    0x00007631      0xe63 CMakeFiles/sevenseg.dir/home/pi/pico/pico-sdk/src/rp2_common/hardware_timer/timer.c.obj
 .debug_info    0x00008494      0x1e8 CMakeFiles/sevenseg.dir/home/pi/pico/pico-sdk/src/common/pico_sync/lock_core.c.obj
 .debug_info    0x0000867c     0x1a8a CMakeFiles/sevenseg.dir/home/pi/pico/pico-sdk/src/common/pico_sync/mutex.c.obj
 .debug_info    0x0000a106     0x1842 CMakeFiles/sevenseg.dir/home/pi/pico/pico-sdk/src/common/pico_util/pheap.c.obj
 .debug_info    0x0000b948     0x11ce CMakeFiles/sevenseg.dir/home/pi/pico/pico-sdk/src/rp2_common/pico_runtime/runtime.c.obj
 .debug_info    0x0000cb16      0xd7a CMakeFiles/sevenseg.dir/home/pi/pico/pico-sdk/src/rp2_common/hardware_clocks/clocks.c.obj
 .debug_info    0x0000d890     0x15fe CMakeFiles/sevenseg.dir/home/pi/pico/pico-sdk/src/rp2_common/hardware_irq/irq.c.obj
 .debug_info    0x0000ee8e       0x26 CMakeFiles/sevenseg.dir/home/pi/pico/pico-sdk/src/rp2_common/hardware_irq/irq_handler_chain.S.obj
 .debug_info    0x0000eeb4      0x464 CMakeFiles/sevenseg.dir/home/pi/pico/pico-sdk/src/rp2_common/hardware_pll/pll.c.obj
 .debug_info    0x0000f318      0xc5d CMakeFiles/sevenseg.dir/home/pi/pico/pico-sdk/src/rp2_common/hardware_watchdog/watchdog.c.obj
 .debug_info    0x0000ff75      0x1b2 CMakeFiles/sevenseg.dir/home/pi/pico/pico-sdk/src/rp2_common/hardware_xosc/xosc.c.obj
 .debug_info    0x00010127     0x1d4b CMakeFiles/sevenseg.dir/home/pi/pico/pico-sdk/src/rp2_common/pico_printf/printf.c.obj
 .debug_info    0x00011e72       0x22 CMakeFiles/sevenseg.dir/home/pi/pico/pico-sdk/src/rp2_common/pico_bit_ops/bit_ops_aeabi.S.obj
 .debug_info    0x00011e94      0x23e CMakeFiles/sevenseg.dir/home/pi/pico/pico-sdk/src/rp2_common/pico_bootrom/bootrom.c.obj
 .debug_info    0x000120d2       0x22 CMakeFiles/sevenseg.dir/home/pi/pico/pico-sdk/src/rp2_common/pico_divider/divider.S.obj
 .debug_info    0x000120f4       0x22 CMakeFiles/sevenseg.dir/home/pi/pico/pico-sdk/src/rp2_common/pico_double/double_aeabi.S.obj
 .debug_info    0x00012116      0xab9 CMakeFiles/sevenseg.dir/home/pi/pico/pico-sdk/src/rp2_common/pico_double/double_init_rom.c.obj
 .debug_info    0x00012bcf       0x22 CMakeFiles/sevenseg.dir/home/pi/pico/pico-sdk/src/rp2_common/pico_double/double_v1_rom_shim.S.obj
 .debug_info    0x00012bf1       0x26 CMakeFiles/sevenseg.dir/home/pi/pico/pico-sdk/src/rp2_common/pico_int64_ops/pico_int64_ops_aeabi.S.obj
 .debug_info    0x00012c17       0x22 CMakeFiles/sevenseg.dir/home/pi/pico/pico-sdk/src/rp2_common/pico_float/float_aeabi.S.obj
 .debug_info    0x00012c39      0xace CMakeFiles/sevenseg.dir/home/pi/pico/pico-sdk/src/rp2_common/pico_float/float_init_rom.c.obj
 .debug_info    0x00013707       0x22 CMakeFiles/sevenseg.dir/home/pi/pico/pico-sdk/src/rp2_common/pico_float/float_v1_rom_shim.S.obj
 .debug_info    0x00013729       0x22 CMakeFiles/sevenseg.dir/home/pi/pico/pico-sdk/src/rp2_common/pico_mem_ops/mem_ops_aeabi.S.obj
 .debug_info    0x0001374b       0x22 CMakeFiles/sevenseg.dir/home/pi/pico/pico-sdk/src/rp2_common/pico_standard_link/crt0.S.obj
 .debug_info    0x0001376d      0x2fa CMakeFiles/sevenseg.dir/home/pi/pico/pico-sdk/src/rp2_common/pico_standard_link/binary_info.c.obj
 .debug_info    0x00013a67     0x18f5 CMakeFiles/sevenseg.dir/home/pi/pico/pico-sdk/src/rp2_common/pico_stdio/stdio.c.obj
 .debug_info    0x0001535c      0xb26 CMakeFiles/sevenseg.dir/home/pi/pico/pico-sdk/src/rp2_common/pico_stdio_uart/stdio_uart.c.obj
 .debug_info    0x00015e82       0x26 /usr/lib/gcc/arm-none-eabi/7.3.1/thumb/v6-m/libgcc.a(_dvmd_tls.o)
 .debug_info    0x00015ea8      0x8e2 /usr/lib/gcc/arm-none-eabi/7.3.1/../../../arm-none-eabi/lib/thumb/v6-m/libg.a(lib_a-strlen-stub.o)

.debug_abbrev   0x00000000     0x4457
 .debug_abbrev  0x00000000      0x37c CMakeFiles/sevenseg.dir/sevenseg.c.obj
 .debug_abbrev  0x0000037c      0x287 CMakeFiles/sevenseg.dir/home/pi/pico/pico-sdk/src/rp2_common/hardware_gpio/gpio.c.obj
 .debug_abbrev  0x00000603      0x265 CMakeFiles/sevenseg.dir/home/pi/pico/pico-sdk/src/rp2_common/hardware_claim/claim.c.obj
 .debug_abbrev  0x00000868       0xde CMakeFiles/sevenseg.dir/home/pi/pico/pico-sdk/src/rp2_common/pico_platform/platform.c.obj
 .debug_abbrev  0x00000946      0x1e8 CMakeFiles/sevenseg.dir/home/pi/pico/pico-sdk/src/rp2_common/hardware_sync/sync.c.obj
 .debug_abbrev  0x00000b2e      0x29c CMakeFiles/sevenseg.dir/home/pi/pico/pico-sdk/src/rp2_common/hardware_uart/uart.c.obj
 .debug_abbrev  0x00000dca      0x58b CMakeFiles/sevenseg.dir/home/pi/pico/pico-sdk/src/common/pico_time/time.c.obj
 .debug_abbrev  0x00001355      0x320 CMakeFiles/sevenseg.dir/home/pi/pico/pico-sdk/src/rp2_common/hardware_timer/timer.c.obj
 .debug_abbrev  0x00001675      0x12d CMakeFiles/sevenseg.dir/home/pi/pico/pico-sdk/src/common/pico_sync/lock_core.c.obj
 .debug_abbrev  0x000017a2      0x325 CMakeFiles/sevenseg.dir/home/pi/pico/pico-sdk/src/common/pico_sync/mutex.c.obj
 .debug_abbrev  0x00001ac7      0x376 CMakeFiles/sevenseg.dir/home/pi/pico/pico-sdk/src/common/pico_util/pheap.c.obj
 .debug_abbrev  0x00001e3d      0x421 CMakeFiles/sevenseg.dir/home/pi/pico/pico-sdk/src/rp2_common/pico_runtime/runtime.c.obj
 .debug_abbrev  0x0000225e      0x35d CMakeFiles/sevenseg.dir/home/pi/pico/pico-sdk/src/rp2_common/hardware_clocks/clocks.c.obj
 .debug_abbrev  0x000025bb      0x418 CMakeFiles/sevenseg.dir/home/pi/pico/pico-sdk/src/rp2_common/hardware_irq/irq.c.obj
 .debug_abbrev  0x000029d3       0x14 CMakeFiles/sevenseg.dir/home/pi/pico/pico-sdk/src/rp2_common/hardware_irq/irq_handler_chain.S.obj
 .debug_abbrev  0x000029e7      0x1a0 CMakeFiles/sevenseg.dir/home/pi/pico/pico-sdk/src/rp2_common/hardware_pll/pll.c.obj
 .debug_abbrev  0x00002b87      0x288 CMakeFiles/sevenseg.dir/home/pi/pico/pico-sdk/src/rp2_common/hardware_watchdog/watchdog.c.obj
 .debug_abbrev  0x00002e0f       0xec CMakeFiles/sevenseg.dir/home/pi/pico/pico-sdk/src/rp2_common/hardware_xosc/xosc.c.obj
 .debug_abbrev  0x00002efb      0x402 CMakeFiles/sevenseg.dir/home/pi/pico/pico-sdk/src/rp2_common/pico_printf/printf.c.obj
 .debug_abbrev  0x000032fd       0x12 CMakeFiles/sevenseg.dir/home/pi/pico/pico-sdk/src/rp2_common/pico_bit_ops/bit_ops_aeabi.S.obj
 .debug_abbrev  0x0000330f      0x11e CMakeFiles/sevenseg.dir/home/pi/pico/pico-sdk/src/rp2_common/pico_bootrom/bootrom.c.obj
 .debug_abbrev  0x0000342d       0x12 CMakeFiles/sevenseg.dir/home/pi/pico/pico-sdk/src/rp2_common/pico_divider/divider.S.obj
 .debug_abbrev  0x0000343f       0x12 CMakeFiles/sevenseg.dir/home/pi/pico/pico-sdk/src/rp2_common/pico_double/double_aeabi.S.obj
 .debug_abbrev  0x00003451      0x278 CMakeFiles/sevenseg.dir/home/pi/pico/pico-sdk/src/rp2_common/pico_double/double_init_rom.c.obj
 .debug_abbrev  0x000036c9       0x12 CMakeFiles/sevenseg.dir/home/pi/pico/pico-sdk/src/rp2_common/pico_double/double_v1_rom_shim.S.obj
 .debug_abbrev  0x000036db       0x14 CMakeFiles/sevenseg.dir/home/pi/pico/pico-sdk/src/rp2_common/pico_int64_ops/pico_int64_ops_aeabi.S.obj
 .debug_abbrev  0x000036ef       0x12 CMakeFiles/sevenseg.dir/home/pi/pico/pico-sdk/src/rp2_common/pico_float/float_aeabi.S.obj
 .debug_abbrev  0x00003701      0x292 CMakeFiles/sevenseg.dir/home/pi/pico/pico-sdk/src/rp2_common/pico_float/float_init_rom.c.obj
 .debug_abbrev  0x00003993       0x12 CMakeFiles/sevenseg.dir/home/pi/pico/pico-sdk/src/rp2_common/pico_float/float_v1_rom_shim.S.obj
 .debug_abbrev  0x000039a5       0x12 CMakeFiles/sevenseg.dir/home/pi/pico/pico-sdk/src/rp2_common/pico_mem_ops/mem_ops_aeabi.S.obj
 .debug_abbrev  0x000039b7       0x12 CMakeFiles/sevenseg.dir/home/pi/pico/pico-sdk/src/rp2_common/pico_standard_link/crt0.S.obj
 .debug_abbrev  0x000039c9       0x9f CMakeFiles/sevenseg.dir/home/pi/pico/pico-sdk/src/rp2_common/pico_standard_link/binary_info.c.obj
 .debug_abbrev  0x00003a68      0x4b6 CMakeFiles/sevenseg.dir/home/pi/pico/pico-sdk/src/rp2_common/pico_stdio/stdio.c.obj
 .debug_abbrev  0x00003f1e      0x36d CMakeFiles/sevenseg.dir/home/pi/pico/pico-sdk/src/rp2_common/pico_stdio_uart/stdio_uart.c.obj
 .debug_abbrev  0x0000428b       0x14 /usr/lib/gcc/arm-none-eabi/7.3.1/thumb/v6-m/libgcc.a(_dvmd_tls.o)
 .debug_abbrev  0x0000429f      0x1b8 /usr/lib/gcc/arm-none-eabi/7.3.1/../../../arm-none-eabi/lib/thumb/v6-m/libg.a(lib_a-strlen-stub.o)

.debug_loc      0x00000000     0xac5e
 .debug_loc     0x00000000      0x494 CMakeFiles/sevenseg.dir/sevenseg.c.obj
 .debug_loc     0x00000494      0xd1a CMakeFiles/sevenseg.dir/home/pi/pico/pico-sdk/src/rp2_common/hardware_gpio/gpio.c.obj
 .debug_loc     0x000011ae      0x371 CMakeFiles/sevenseg.dir/home/pi/pico/pico-sdk/src/rp2_common/hardware_claim/claim.c.obj
 .debug_loc     0x0000151f       0xcf CMakeFiles/sevenseg.dir/home/pi/pico/pico-sdk/src/rp2_common/pico_platform/platform.c.obj
 .debug_loc     0x000015ee      0x196 CMakeFiles/sevenseg.dir/home/pi/pico/pico-sdk/src/rp2_common/hardware_sync/sync.c.obj
 .debug_loc     0x00001784      0x457 CMakeFiles/sevenseg.dir/home/pi/pico/pico-sdk/src/rp2_common/hardware_uart/uart.c.obj
 .debug_loc     0x00001bdb     0x235a CMakeFiles/sevenseg.dir/home/pi/pico/pico-sdk/src/common/pico_time/time.c.obj
 .debug_loc     0x00003f35      0x59d CMakeFiles/sevenseg.dir/home/pi/pico/pico-sdk/src/rp2_common/hardware_timer/timer.c.obj
 .debug_loc     0x000044d2       0x56 CMakeFiles/sevenseg.dir/home/pi/pico/pico-sdk/src/common/pico_sync/lock_core.c.obj
 .debug_loc     0x00004528     0x100d CMakeFiles/sevenseg.dir/home/pi/pico/pico-sdk/src/common/pico_sync/mutex.c.obj
 .debug_loc     0x00005535      0xfd7 CMakeFiles/sevenseg.dir/home/pi/pico/pico-sdk/src/common/pico_util/pheap.c.obj
 .debug_loc     0x0000650c      0x2e3 CMakeFiles/sevenseg.dir/home/pi/pico/pico-sdk/src/rp2_common/pico_runtime/runtime.c.obj
 .debug_loc     0x000067ef      0x66e CMakeFiles/sevenseg.dir/home/pi/pico/pico-sdk/src/rp2_common/hardware_clocks/clocks.c.obj
 .debug_loc     0x00006e5d      0xc78 CMakeFiles/sevenseg.dir/home/pi/pico/pico-sdk/src/rp2_common/hardware_irq/irq.c.obj
 .debug_loc     0x00007ad5      0x28f CMakeFiles/sevenseg.dir/home/pi/pico/pico-sdk/src/rp2_common/hardware_pll/pll.c.obj
 .debug_loc     0x00007d64      0x252 CMakeFiles/sevenseg.dir/home/pi/pico/pico-sdk/src/rp2_common/hardware_watchdog/watchdog.c.obj
 .debug_loc     0x00007fb6       0x35 CMakeFiles/sevenseg.dir/home/pi/pico/pico-sdk/src/rp2_common/hardware_xosc/xosc.c.obj
 .debug_loc     0x00007feb     0x1b4a CMakeFiles/sevenseg.dir/home/pi/pico/pico-sdk/src/rp2_common/pico_printf/printf.c.obj
 .debug_loc     0x00009b35      0x171 CMakeFiles/sevenseg.dir/home/pi/pico/pico-sdk/src/rp2_common/pico_bootrom/bootrom.c.obj
 .debug_loc     0x00009ca6       0x4f CMakeFiles/sevenseg.dir/home/pi/pico/pico-sdk/src/rp2_common/pico_double/double_init_rom.c.obj
 .debug_loc     0x00009cf5       0x65 CMakeFiles/sevenseg.dir/home/pi/pico/pico-sdk/src/rp2_common/pico_float/float_init_rom.c.obj
 .debug_loc     0x00009d5a      0xa2c CMakeFiles/sevenseg.dir/home/pi/pico/pico-sdk/src/rp2_common/pico_stdio/stdio.c.obj
 .debug_loc     0x0000a786      0x444 CMakeFiles/sevenseg.dir/home/pi/pico/pico-sdk/src/rp2_common/pico_stdio_uart/stdio_uart.c.obj
 .debug_loc     0x0000abca       0x94 /usr/lib/gcc/arm-none-eabi/7.3.1/../../../arm-none-eabi/lib/thumb/v6-m/libg.a(lib_a-strlen-stub.o)

.debug_aranges  0x00000000      0xdc8
 .debug_aranges
                0x00000000       0x28 CMakeFiles/sevenseg.dir/sevenseg.c.obj
 .debug_aranges
                0x00000028       0xd8 CMakeFiles/sevenseg.dir/home/pi/pico/pico-sdk/src/rp2_common/hardware_gpio/gpio.c.obj
 .debug_aranges
                0x00000100       0x48 CMakeFiles/sevenseg.dir/home/pi/pico/pico-sdk/src/rp2_common/hardware_claim/claim.c.obj
 .debug_aranges
                0x00000148       0x28 CMakeFiles/sevenseg.dir/home/pi/pico/pico-sdk/src/rp2_common/pico_platform/platform.c.obj
 .debug_aranges
                0x00000170       0x58 CMakeFiles/sevenseg.dir/home/pi/pico/pico-sdk/src/rp2_common/hardware_sync/sync.c.obj
 .debug_aranges
                0x000001c8       0x40 CMakeFiles/sevenseg.dir/home/pi/pico/pico-sdk/src/rp2_common/hardware_uart/uart.c.obj
 .debug_aranges
                0x00000208       0xd0 CMakeFiles/sevenseg.dir/home/pi/pico/pico-sdk/src/common/pico_time/time.c.obj
 .debug_aranges
                0x000002d8       0x78 CMakeFiles/sevenseg.dir/home/pi/pico/pico-sdk/src/rp2_common/hardware_timer/timer.c.obj
 .debug_aranges
                0x00000350       0x20 CMakeFiles/sevenseg.dir/home/pi/pico/pico-sdk/src/common/pico_sync/lock_core.c.obj
 .debug_aranges
                0x00000370       0x88 CMakeFiles/sevenseg.dir/home/pi/pico/pico-sdk/src/common/pico_sync/mutex.c.obj
 .debug_aranges
                0x000003f8       0x78 CMakeFiles/sevenseg.dir/home/pi/pico/pico-sdk/src/common/pico_util/pheap.c.obj
 .debug_aranges
                0x00000470       0x60 CMakeFiles/sevenseg.dir/home/pi/pico/pico-sdk/src/rp2_common/pico_runtime/runtime.c.obj
 .debug_aranges
                0x000004d0       0x70 CMakeFiles/sevenseg.dir/home/pi/pico/pico-sdk/src/rp2_common/hardware_clocks/clocks.c.obj
 .debug_aranges
                0x00000540       0x98 CMakeFiles/sevenseg.dir/home/pi/pico/pico-sdk/src/rp2_common/hardware_irq/irq.c.obj
 .debug_aranges
                0x000005d8       0x20 CMakeFiles/sevenseg.dir/home/pi/pico/pico-sdk/src/rp2_common/hardware_irq/irq_handler_chain.S.obj
 .debug_aranges
                0x000005f8       0x28 CMakeFiles/sevenseg.dir/home/pi/pico/pico-sdk/src/rp2_common/hardware_pll/pll.c.obj
 .debug_aranges
                0x00000620       0x58 CMakeFiles/sevenseg.dir/home/pi/pico/pico-sdk/src/rp2_common/hardware_watchdog/watchdog.c.obj
 .debug_aranges
                0x00000678       0x30 CMakeFiles/sevenseg.dir/home/pi/pico/pico-sdk/src/rp2_common/hardware_xosc/xosc.c.obj
 .debug_aranges
                0x000006a8       0x90 CMakeFiles/sevenseg.dir/home/pi/pico/pico-sdk/src/rp2_common/pico_printf/printf.c.obj
 .debug_aranges
                0x00000738       0x68 CMakeFiles/sevenseg.dir/home/pi/pico/pico-sdk/src/rp2_common/pico_bit_ops/bit_ops_aeabi.S.obj
 .debug_aranges
                0x000007a0       0x30 CMakeFiles/sevenseg.dir/home/pi/pico/pico-sdk/src/rp2_common/pico_bootrom/bootrom.c.obj
 .debug_aranges
                0x000007d0       0x40 CMakeFiles/sevenseg.dir/home/pi/pico/pico-sdk/src/rp2_common/pico_divider/divider.S.obj
 .debug_aranges
                0x00000810      0x140 CMakeFiles/sevenseg.dir/home/pi/pico/pico-sdk/src/rp2_common/pico_double/double_aeabi.S.obj
 .debug_aranges
                0x00000950       0x20 CMakeFiles/sevenseg.dir/home/pi/pico/pico-sdk/src/rp2_common/pico_double/double_init_rom.c.obj
 .debug_aranges
                0x00000970       0xc8 CMakeFiles/sevenseg.dir/home/pi/pico/pico-sdk/src/rp2_common/pico_double/double_v1_rom_shim.S.obj
 .debug_aranges
                0x00000a38       0x20 CMakeFiles/sevenseg.dir/home/pi/pico/pico-sdk/src/rp2_common/pico_int64_ops/pico_int64_ops_aeabi.S.obj
 .debug_aranges
                0x00000a58      0x130 CMakeFiles/sevenseg.dir/home/pi/pico/pico-sdk/src/rp2_common/pico_float/float_aeabi.S.obj
 .debug_aranges
                0x00000b88       0x20 CMakeFiles/sevenseg.dir/home/pi/pico/pico-sdk/src/rp2_common/pico_float/float_init_rom.c.obj
 .debug_aranges
                0x00000ba8       0x50 CMakeFiles/sevenseg.dir/home/pi/pico/pico-sdk/src/rp2_common/pico_float/float_v1_rom_shim.S.obj
 .debug_aranges
                0x00000bf8       0x38 CMakeFiles/sevenseg.dir/home/pi/pico/pico-sdk/src/rp2_common/pico_mem_ops/mem_ops_aeabi.S.obj
 .debug_aranges
                0x00000c30       0x28 CMakeFiles/sevenseg.dir/home/pi/pico/pico-sdk/src/rp2_common/pico_standard_link/crt0.S.obj
 .debug_aranges
                0x00000c58       0x18 CMakeFiles/sevenseg.dir/home/pi/pico/pico-sdk/src/rp2_common/pico_standard_link/binary_info.c.obj
 .debug_aranges
                0x00000c70       0xd0 CMakeFiles/sevenseg.dir/home/pi/pico/pico-sdk/src/rp2_common/pico_stdio/stdio.c.obj
 .debug_aranges
                0x00000d40       0x48 CMakeFiles/sevenseg.dir/home/pi/pico/pico-sdk/src/rp2_common/pico_stdio_uart/stdio_uart.c.obj
 .debug_aranges
                0x00000d88       0x20 /usr/lib/gcc/arm-none-eabi/7.3.1/thumb/v6-m/libgcc.a(_dvmd_tls.o)
 .debug_aranges
                0x00000da8       0x20 /usr/lib/gcc/arm-none-eabi/7.3.1/../../../arm-none-eabi/lib/thumb/v6-m/libg.a(lib_a-strlen-stub.o)

.debug_ranges   0x00000000     0x1930
 .debug_ranges  0x00000000       0x60 CMakeFiles/sevenseg.dir/sevenseg.c.obj
 .debug_ranges  0x00000060       0xe0 CMakeFiles/sevenseg.dir/home/pi/pico/pico-sdk/src/rp2_common/hardware_gpio/gpio.c.obj
 .debug_ranges  0x00000140       0x38 CMakeFiles/sevenseg.dir/home/pi/pico/pico-sdk/src/rp2_common/hardware_claim/claim.c.obj
 .debug_ranges  0x00000178       0x18 CMakeFiles/sevenseg.dir/home/pi/pico/pico-sdk/src/rp2_common/pico_platform/platform.c.obj
 .debug_ranges  0x00000190       0x48 CMakeFiles/sevenseg.dir/home/pi/pico/pico-sdk/src/rp2_common/hardware_sync/sync.c.obj
 .debug_ranges  0x000001d8       0x60 CMakeFiles/sevenseg.dir/home/pi/pico/pico-sdk/src/rp2_common/hardware_uart/uart.c.obj
 .debug_ranges  0x00000238      0x648 CMakeFiles/sevenseg.dir/home/pi/pico/pico-sdk/src/common/pico_time/time.c.obj
 .debug_ranges  0x00000880       0x98 CMakeFiles/sevenseg.dir/home/pi/pico/pico-sdk/src/rp2_common/hardware_timer/timer.c.obj
 .debug_ranges  0x00000918       0x10 CMakeFiles/sevenseg.dir/home/pi/pico/pico-sdk/src/common/pico_sync/lock_core.c.obj
 .debug_ranges  0x00000928      0x2d8 CMakeFiles/sevenseg.dir/home/pi/pico/pico-sdk/src/common/pico_sync/mutex.c.obj
 .debug_ranges  0x00000c00      0x248 CMakeFiles/sevenseg.dir/home/pi/pico/pico-sdk/src/common/pico_util/pheap.c.obj
 .debug_ranges  0x00000e48       0x68 CMakeFiles/sevenseg.dir/home/pi/pico/pico-sdk/src/rp2_common/pico_runtime/runtime.c.obj
 .debug_ranges  0x00000eb0       0x60 CMakeFiles/sevenseg.dir/home/pi/pico/pico-sdk/src/rp2_common/hardware_clocks/clocks.c.obj
 .debug_ranges  0x00000f10      0x160 CMakeFiles/sevenseg.dir/home/pi/pico/pico-sdk/src/rp2_common/hardware_irq/irq.c.obj
 .debug_ranges  0x00001070       0x18 CMakeFiles/sevenseg.dir/home/pi/pico/pico-sdk/src/rp2_common/hardware_pll/pll.c.obj
 .debug_ranges  0x00001088       0x48 CMakeFiles/sevenseg.dir/home/pi/pico/pico-sdk/src/rp2_common/hardware_watchdog/watchdog.c.obj
 .debug_ranges  0x000010d0       0x20 CMakeFiles/sevenseg.dir/home/pi/pico/pico-sdk/src/rp2_common/hardware_xosc/xosc.c.obj
 .debug_ranges  0x000010f0      0x110 CMakeFiles/sevenseg.dir/home/pi/pico/pico-sdk/src/rp2_common/pico_printf/printf.c.obj
 .debug_ranges  0x00001200       0x60 CMakeFiles/sevenseg.dir/home/pi/pico/pico-sdk/src/rp2_common/pico_bit_ops/bit_ops_aeabi.S.obj
 .debug_ranges  0x00001260       0x38 CMakeFiles/sevenseg.dir/home/pi/pico/pico-sdk/src/rp2_common/pico_bootrom/bootrom.c.obj
 .debug_ranges  0x00001298       0x38 CMakeFiles/sevenseg.dir/home/pi/pico/pico-sdk/src/rp2_common/pico_divider/divider.S.obj
 .debug_ranges  0x000012d0      0x138 CMakeFiles/sevenseg.dir/home/pi/pico/pico-sdk/src/rp2_common/pico_double/double_aeabi.S.obj
 .debug_ranges  0x00001408       0x10 CMakeFiles/sevenseg.dir/home/pi/pico/pico-sdk/src/rp2_common/pico_double/double_init_rom.c.obj
 .debug_ranges  0x00001418       0xc0 CMakeFiles/sevenseg.dir/home/pi/pico/pico-sdk/src/rp2_common/pico_double/double_v1_rom_shim.S.obj
 .debug_ranges  0x000014d8      0x128 CMakeFiles/sevenseg.dir/home/pi/pico/pico-sdk/src/rp2_common/pico_float/float_aeabi.S.obj
 .debug_ranges  0x00001600       0x28 CMakeFiles/sevenseg.dir/home/pi/pico/pico-sdk/src/rp2_common/pico_float/float_init_rom.c.obj
 .debug_ranges  0x00001628       0x48 CMakeFiles/sevenseg.dir/home/pi/pico/pico-sdk/src/rp2_common/pico_float/float_v1_rom_shim.S.obj
 .debug_ranges  0x00001670       0x30 CMakeFiles/sevenseg.dir/home/pi/pico/pico-sdk/src/rp2_common/pico_mem_ops/mem_ops_aeabi.S.obj
 .debug_ranges  0x000016a0       0x20 CMakeFiles/sevenseg.dir/home/pi/pico/pico-sdk/src/rp2_common/pico_standard_link/crt0.S.obj
 .debug_ranges  0x000016c0      0x198 CMakeFiles/sevenseg.dir/home/pi/pico/pico-sdk/src/rp2_common/pico_stdio/stdio.c.obj
 .debug_ranges  0x00001858       0xd8 CMakeFiles/sevenseg.dir/home/pi/pico/pico-sdk/src/rp2_common/pico_stdio_uart/stdio_uart.c.obj

.debug_line     0x00000000     0x7d00
 .debug_line    0x00000000      0x486 CMakeFiles/sevenseg.dir/sevenseg.c.obj
 .debug_line    0x00000486      0x594 CMakeFiles/sevenseg.dir/home/pi/pico/pico-sdk/src/rp2_common/hardware_gpio/gpio.c.obj
 .debug_line    0x00000a1a      0x268 CMakeFiles/sevenseg.dir/home/pi/pico/pico-sdk/src/rp2_common/hardware_claim/claim.c.obj
 .debug_line    0x00000c82      0x1a2 CMakeFiles/sevenseg.dir/home/pi/pico/pico-sdk/src/rp2_common/pico_platform/platform.c.obj
 .debug_line    0x00000e24      0x298 CMakeFiles/sevenseg.dir/home/pi/pico/pico-sdk/src/rp2_common/hardware_sync/sync.c.obj
 .debug_line    0x000010bc      0x44e CMakeFiles/sevenseg.dir/home/pi/pico/pico-sdk/src/rp2_common/hardware_uart/uart.c.obj
 .debug_line    0x0000150a      0xa60 CMakeFiles/sevenseg.dir/home/pi/pico/pico-sdk/src/common/pico_time/time.c.obj
 .debug_line    0x00001f6a      0x531 CMakeFiles/sevenseg.dir/home/pi/pico/pico-sdk/src/rp2_common/hardware_timer/timer.c.obj
 .debug_line    0x0000249b      0x1e5 CMakeFiles/sevenseg.dir/home/pi/pico/pico-sdk/src/common/pico_sync/lock_core.c.obj
 .debug_line    0x00002680      0x5e1 CMakeFiles/sevenseg.dir/home/pi/pico/pico-sdk/src/common/pico_sync/mutex.c.obj
 .debug_line    0x00002c61      0x3e8 CMakeFiles/sevenseg.dir/home/pi/pico/pico-sdk/src/common/pico_util/pheap.c.obj
 .debug_line    0x00003049      0x5d2 CMakeFiles/sevenseg.dir/home/pi/pico/pico-sdk/src/rp2_common/pico_runtime/runtime.c.obj